<html>
<body>
<pre>
<h1>µVision Build Log</h1>
<h2>Tool Versions:</h2>
IDE-Version: µVision V5.20.0.0
Copyright (C) 2016 ARM Ltd and ARM Germany GmbH. All rights reserved.
License Information: Akshay Singh, CU Boulder, LIC=----
 
Tool Versions:
Toolchain:       MDK-Lite  Version: 5.20
Toolchain Path:  C:\Keil_v5\ARM\ARMCC\Bin
C Compiler:      Armcc.exe V5.06 update 2 (build 183)
Assembler:       Armasm.exe V5.06 update 2 (build 183)
Linker/Locator:  ArmLink.exe V5.06 update 2 (build 183)
Library Manager: ArmAr.exe V5.06 update 2 (build 183)
Hex Converter:   FromElf.exe V5.06 update 2 (build 183)
CPU DLL:         SARMCM3.DLL V5.20
Dialog DLL:      DCM.DLL V1.13.7.0
Target DLL:      STLink\ST-LINKIII-KEIL_SWO.dll V2.0.18.0
Dialog DLL:      TCM.DLL V1.14.9.0
 
<h2>Project:</h2>
C:\Users\Akshay\Desktop\Motot Driver\Akshay\Cross_RTOS6\Final_all_1\MDK-ARM\Final_all_1.uvprojx
Project File Date:  06/30/2016

<h2>Output:</h2>
*** Using Compiler 'V5.06 update 2 (build 183)', folder: 'C:\Keil_v5\ARM\ARMCC\Bin'
Build target 'Final_all_1'
compiling main.c...
../Src/main.c(150): warning:  #1295-D: Deprecated declaration adc_init_values - give arg types
  void adc_init_values();
../Src/main.c(151): warning:  #1295-D: Deprecated declaration imu_data_collect - give arg types
  void imu_data_collect();
../Src/main.c(225): warning:  #167-D: argument of type "int8_t *" is incompatible with parameter of type "uint8_t *"
    HAL_UART_Receive_DMA(&huart3,(int8_t *)&recev,1);
../Src/main.c(278): warning:  #223-D: function "abs" declared implicitly
        motor_rotate_forward(state, abs(recev));   
../Src/main.c(524): warning:  #9-D: nested comment is not allowed
      /* 16 bit data to be saved in 2 8 bit locations 
../Src/main.c: 8 warnings, 0 errors
rc/main.c(293): warning:  #177-D: variable "os_thread_def_imu" was declared but never referenced
  	osThreadDef(imu,imu_thread,osPriorityHigh,0,configMINIMAL_STACK_SIZE);
../Src/main.c(305): warning:  #177-D: variable "dut" was declared but never referenced
  		int dut=0;
linking...
Program Size: Code=16516 RO-data=588 RW-data=136 ZI-data=17536  
"Final_all_1\Final_all_1.axf" - 0 Error(s), 7 Warning(s).

<h2>Software Packages used:</h2>

Package Vendor: ARM
                http://www.keil.com/pack/ARM.CMSIS.5.0.0-Beta4.pack
                ARM::CMSIS:CORE:5.0.0
                CMSIS (Cortex Microcontroller Software Interface Standard)
   * Component: CORE Version: 5.0.0

<h2>Collection of Component include folders:</h2>
  C:\Users\Akshay\Desktop\Motot Driver\Akshay\Cross_RTOS6\Final_all_1\MDK-ARM\RTE
  C:\Keil_v5\ARM\PACK\ARM\CMSIS\5.0.0-Beta4\CMSIS\Include
  C:\Keil_v5\ARM\PACK\Keil\STM32F2xx_DFP\2.6.0\Drivers\CMSIS\Device\ST\STM32F2xx\Include

<h2>Collection of Component Files used:</h2>

   * Component: ARM::CMSIS:CORE:5.0.0
Build Time Elapsed:  00:00:01
</pre>
</body>
</html>
