Component: ARM Compiler 5.06 update 2 (build 183) Tool: armlink [4d35b7]

==============================================================================

Section Cross References

    startup_stm32f207xx.o(RESET) refers to startup_stm32f207xx.o(STACK) for __initial_sp
    startup_stm32f207xx.o(RESET) refers to startup_stm32f207xx.o(.text) for Reset_Handler
    startup_stm32f207xx.o(RESET) refers to port.o(.emb_text) for SVC_Handler
    startup_stm32f207xx.o(RESET) refers to stm32f2xx_it.o(i.SysTick_Handler) for SysTick_Handler
    startup_stm32f207xx.o(RESET) refers to stm32f2xx_it.o(i.DMA1_Stream1_IRQHandler) for DMA1_Stream1_IRQHandler
    startup_stm32f207xx.o(RESET) refers to stm32f2xx_it.o(i.DMA1_Stream3_IRQHandler) for DMA1_Stream3_IRQHandler
    startup_stm32f207xx.o(RESET) refers to stm32f2xx_it.o(i.DMA2_Stream0_IRQHandler) for DMA2_Stream0_IRQHandler
    startup_stm32f207xx.o(.text) refers to system_stm32f2xx.o(i.SystemInit) for SystemInit
    startup_stm32f207xx.o(.text) refers to entry.o(.ARM.Collect$$$$00000000) for __main
    main.o(i.SystemClock_Config) refers to stm32f2xx_hal_rcc.o(i.HAL_RCC_OscConfig) for HAL_RCC_OscConfig
    main.o(i.SystemClock_Config) refers to stm32f2xx_hal_rcc.o(i.HAL_RCC_ClockConfig) for HAL_RCC_ClockConfig
    main.o(i.SystemClock_Config) refers to stm32f2xx_hal_rcc.o(i.HAL_RCC_GetHCLKFreq) for HAL_RCC_GetHCLKFreq
    main.o(i.SystemClock_Config) refers to stm32f2xx_hal_cortex.o(i.HAL_SYSTICK_Config) for HAL_SYSTICK_Config
    main.o(i.SystemClock_Config) refers to stm32f2xx_hal_cortex.o(i.HAL_SYSTICK_CLKSourceConfig) for HAL_SYSTICK_CLKSourceConfig
    main.o(i.SystemClock_Config) refers to stm32f2xx_hal_cortex.o(i.HAL_NVIC_SetPriority) for HAL_NVIC_SetPriority
    main.o(i.adc_init_values) refers to main.o(.bss) for .bss
    main.o(i.imu_data_collect) refers to stm32f2xx_hal_i2c.o(i.HAL_I2C_Mem_Read) for HAL_I2C_Mem_Read
    main.o(i.imu_data_collect) refers to main.o(.data) for .data
    main.o(i.imu_data_collect) refers to i2c.o(.bss) for hi2c3
    main.o(i.imu_data_collect) refers to main.o(.bss) for .bss
    main.o(i.imu_thread) refers to main.o(i.packet_form) for packet_form
    main.o(i.imu_thread) refers to cmsis_os.o(i.osDelay) for osDelay
    main.o(i.imu_thread) refers to main.o(.bss) for .bss
    main.o(i.led_thread) refers to stm32f2xx_hal_gpio.o(i.HAL_GPIO_TogglePin) for HAL_GPIO_TogglePin
    main.o(i.led_thread) refers to cmsis_os.o(i.osDelay) for osDelay
    main.o(i.led_thread) refers to main.o(.data) for .data
    main.o(i.main) refers to stm32f2xx_hal.o(i.HAL_Init) for HAL_Init
    main.o(i.main) refers to main.o(i.SystemClock_Config) for SystemClock_Config
    main.o(i.main) refers to gpio.o(i.MX_GPIO_Init) for MX_GPIO_Init
    main.o(i.main) refers to dma.o(i.MX_DMA_Init) for MX_DMA_Init
    main.o(i.main) refers to adc.o(i.MX_ADC1_Init) for MX_ADC1_Init
    main.o(i.main) refers to i2c.o(i.MX_I2C3_Init) for MX_I2C3_Init
    main.o(i.main) refers to tim.o(i.MX_TIM1_Init) for MX_TIM1_Init
    main.o(i.main) refers to tim.o(i.MX_TIM2_Init) for MX_TIM2_Init
    main.o(i.main) refers to tim.o(i.MX_TIM3_Init) for MX_TIM3_Init
    main.o(i.main) refers to tim.o(i.MX_TIM4_Init) for MX_TIM4_Init
    main.o(i.main) refers to tim.o(i.MX_TIM5_Init) for MX_TIM5_Init
    main.o(i.main) refers to tim.o(i.MX_TIM9_Init) for MX_TIM9_Init
    main.o(i.main) refers to usart.o(i.MX_USART3_UART_Init) for MX_USART3_UART_Init
    main.o(i.main) refers to main.o(i.adc_init_values) for adc_init_values
    main.o(i.main) refers to stm32f2xx_hal_tim.o(i.HAL_TIM_Base_Start) for HAL_TIM_Base_Start
    main.o(i.main) refers to stm32f2xx_hal_tim.o(i.HAL_TIM_PWM_Start) for HAL_TIM_PWM_Start
    main.o(i.main) refers to stm32f2xx_hal_gpio.o(i.HAL_GPIO_WritePin) for HAL_GPIO_WritePin
    main.o(i.main) refers to stm32f2xx_hal_i2c.o(i.HAL_I2C_Mem_Read) for HAL_I2C_Mem_Read
    main.o(i.main) refers to stm32f2xx_hal.o(i.HAL_Delay) for HAL_Delay
    main.o(i.main) refers to stm32f2xx_hal_i2c.o(i.HAL_I2C_Mem_Write) for HAL_I2C_Mem_Write
    main.o(i.main) refers to stm32f2xx_hal_adc.o(i.HAL_ADC_Start_DMA) for HAL_ADC_Start_DMA
    main.o(i.main) refers to stm32f2xx_hal_uart.o(i.HAL_UART_Receive_DMA) for HAL_UART_Receive_DMA
    main.o(i.main) refers to freertos.o(i.MX_FREERTOS_Init) for MX_FREERTOS_Init
    main.o(i.main) refers to cmsis_os.o(i.osSemaphoreCreate) for osSemaphoreCreate
    main.o(i.main) refers to memcpya.o(.text) for __aeabi_memcpy4
    main.o(i.main) refers to cmsis_os.o(i.osThreadCreate) for osThreadCreate
    main.o(i.main) refers to cmsis_os.o(i.osKernelStart) for osKernelStart
    main.o(i.main) refers to tim.o(.bss) for htim1
    main.o(i.main) refers to i2c.o(.bss) for hi2c3
    main.o(i.main) refers to main.o(.data) for .data
    main.o(i.main) refers to main.o(.bss) for .bss
    main.o(i.main) refers to adc.o(.bss) for hadc1
    main.o(i.main) refers to usart.o(.bss) for huart3
    main.o(i.main) refers to main.o(.constdata) for .constdata
[...]
    Removing stm32f2xx_hal_gpio.o(i.HAL_GPIO_EXTI_Callback), (2 bytes).
    Removing stm32f2xx_hal_gpio.o(i.HAL_GPIO_EXTI_IRQHandler), (24 bytes).
    Removing stm32f2xx_hal_gpio.o(i.HAL_GPIO_LockPin), (34 bytes).
    Removing stm32f2xx_hal_cortex.o(.rev16_text), (4 bytes).
    Removing stm32f2xx_hal_cortex.o(.revsh_text), (4 bytes).
    Removing stm32f2xx_hal_cortex.o(.rrx_text), (6 bytes).
    Removing stm32f2xx_hal_cortex.o(i.HAL_MPU_ConfigRegion), (84 bytes).
    Removing stm32f2xx_hal_cortex.o(i.HAL_NVIC_ClearPendingIRQ), (22 bytes).
    Removing stm32f2xx_hal_cortex.o(i.HAL_NVIC_DisableIRQ), (22 bytes).
    Removing stm32f2xx_hal_cortex.o(i.HAL_NVIC_GetActive), (32 bytes).
    Removing stm32f2xx_hal_cortex.o(i.HAL_NVIC_GetPendingIRQ), (32 bytes).
    Removing stm32f2xx_hal_cortex.o(i.HAL_NVIC_GetPriority), (82 bytes).
    Removing stm32f2xx_hal_cortex.o(i.HAL_NVIC_GetPriorityGrouping), (16 bytes).
    Removing stm32f2xx_hal_cortex.o(i.HAL_NVIC_SetPendingIRQ), (22 bytes).
    Removing stm32f2xx_hal_cortex.o(i.HAL_NVIC_SystemReset), (36 bytes).
    Removing stm32f2xx_hal_cortex.o(i.HAL_SYSTICK_Callback), (2 bytes).
    Removing stm32f2xx_hal_cortex.o(i.HAL_SYSTICK_IRQHandler), (8 bytes).
    Removing system_stm32f2xx.o(.rev16_text), (4 bytes).
    Removing system_stm32f2xx.o(.revsh_text), (4 bytes).
    Removing system_stm32f2xx.o(.rrx_text), (6 bytes).
    Removing system_stm32f2xx.o(i.SystemCoreClockUpdate), (120 bytes).
    Removing system_stm32f2xx.o(.constdata), (16 bytes).

525 unused section(s) (total 32475 bytes) removed from the image.

==============================================================================

Image Symbol Table

    Local Symbols

    Symbol Name                              Value     Ov Type        Size  Object(Section)

    ../Drivers/CMSIS/Device/ST/STM32F2xx/Source/Templates/system_stm32f2xx.c 0x00000000   Number         0  system_stm32f2xx.o ABSOLUTE
    ../Drivers/STM32F2xx_HAL_Driver/Src/stm32f2xx_hal.c 0x00000000   Number         0  stm32f2xx_hal.o ABSOLUTE
    ../Drivers/STM32F2xx_HAL_Driver/Src/stm32f2xx_hal_adc.c 0x00000000   Number         0  stm32f2xx_hal_adc.o ABSOLUTE
    ../Drivers/STM32F2xx_HAL_Driver/Src/stm32f2xx_hal_adc_ex.c 0x00000000   Number         0  stm32f2xx_hal_adc_ex.o ABSOLUTE
    ../Drivers/STM32F2xx_HAL_Driver/Src/stm32f2xx_hal_cortex.c 0x00000000   Number         0  stm32f2xx_hal_cortex.o ABSOLUTE
    ../Drivers/STM32F2xx_HAL_Driver/Src/stm32f2xx_hal_dma.c 0x00000000   Number         0  stm32f2xx_hal_dma.o ABSOLUTE
    ../Drivers/STM32F2xx_HAL_Driver/Src/stm32f2xx_hal_dma_ex.c 0x00000000   Number         0  stm32f2xx_hal_dma_ex.o ABSOLUTE
    ../Drivers/STM32F2xx_HAL_Driver/Src/stm32f2xx_hal_flash.c 0x00000000   Number         0  stm32f2xx_hal_flash.o ABSOLUTE
    ../Drivers/STM32F2xx_HAL_Driver/Src/stm32f2xx_hal_flash_ex.c 0x00000000   Number         0  stm32f2xx_hal_flash_ex.o ABSOLUTE
    ../Drivers/STM32F2xx_HAL_Driver/Src/stm32f2xx_hal_gpio.c 0x00000000   Number         0  stm32f2xx_hal_gpio.o ABSOLUTE
    ../Drivers/STM32F2xx_HAL_Driver/Src/stm32f2xx_hal_i2c.c 0x00000000   Number         0  stm32f2xx_hal_i2c.o ABSOLUTE
    ../Drivers/STM32F2xx_HAL_Driver/Src/stm32f2xx_hal_pwr.c 0x00000000   Number         0  stm32f2xx_hal_pwr.o ABSOLUTE
    ../Drivers/STM32F2xx_HAL_Driver/Src/stm32f2xx_hal_pwr_ex.c 0x00000000   Number         0  stm32f2xx_hal_pwr_ex.o ABSOLUTE
    ../Drivers/STM32F2xx_HAL_Driver/Src/stm32f2xx_hal_rcc.c 0x00000000   Number         0  stm32f2xx_hal_rcc.o ABSOLUTE
    ../Drivers/STM32F2xx_HAL_Driver/Src/stm32f2xx_hal_rcc_ex.c 0x00000000   Number         0  stm32f2xx_hal_rcc_ex.o ABSOLUTE
    ../Drivers/STM32F2xx_HAL_Driver/Src/stm32f2xx_hal_tim.c 0x00000000   Number         0  stm32f2xx_hal_tim.o ABSOLUTE
    ../Drivers/STM32F2xx_HAL_Driver/Src/stm32f2xx_hal_tim_ex.c 0x00000000   Number         0  stm32f2xx_hal_tim_ex.o ABSOLUTE
    ../Drivers/STM32F2xx_HAL_Driver/Src/stm32f2xx_hal_uart.c 0x00000000   Number         0  stm32f2xx_hal_uart.o ABSOLUTE
    ../Middlewares/Third_Party/FreeRTOS/Source/CMSIS_RTOS/cmsis_os.c 0x00000000   Number         0  cmsis_os.o ABSOLUTE
    ../Middlewares/Third_Party/FreeRTOS/Source/croutine.c 0x00000000   Number         0  croutine.o ABSOLUTE
    ../Middlewares/Third_Party/FreeRTOS/Source/event_groups.c 0x00000000   Number         0  event_groups.o ABSOLUTE
    ../Middlewares/Third_Party/FreeRTOS/Source/list.c 0x00000000   Number         0  list.o ABSOLUTE
    ../Middlewares/Third_Party/FreeRTOS/Source/portable/MemMang/heap_4.c 0x00000000   Number         0  heap_4.o ABSOLUTE
    ../Middlewares/Third_Party/FreeRTOS/Source/portable/RVDS/ARM_CM3/port.c 0x00000000   Number         0  port.o ABSOLUTE
    ../Middlewares/Third_Party/FreeRTOS/Source/queue.c 0x00000000   Number         0  queue.o ABSOLUTE
    ../Middlewares/Third_Party/FreeRTOS/Source/tasks.c 0x00000000   Number         0  tasks.o ABSOLUTE
    ../Middlewares/Third_Party/FreeRTOS/Source/timers.c 0x00000000   Number         0  timers.o ABSOLUTE
    ../Src/adc.c                             0x00000000   Number         0  adc.o ABSOLUTE
    ../Src/dma.c                             0x00000000   Number         0  dma.o ABSOLUTE
    ../Src/freertos.c                        0x00000000   Number         0  freertos.o ABSOLUTE
    ../Src/gpio.c                            0x00000000   Number         0  gpio.o ABSOLUTE
    ../Src/i2c.c                             0x00000000   Number         0  i2c.o ABSOLUTE
    ../Src/main.c                            0x00000000   Number         0  main.o ABSOLUTE
    ../Src/stm32f2xx_hal_msp.c               0x00000000   Number         0  stm32f2xx_hal_msp.o ABSOLUTE
    ../Src/stm32f2xx_it.c                    0x00000000   Number         0  stm32f2xx_it.o ABSOLUTE
    ../Src/tim.c                             0x00000000   Number         0  tim.o ABSOLUTE
    ../Src/usart.c                           0x00000000   Number         0  usart.o ABSOLUTE
    ../clib/microlib/init/entry.s            0x00000000   Number         0  entry7a.o ABSOLUTE
    ../clib/microlib/init/entry.s            0x00000000   Number         0  entry11b.o ABSOLUTE
    ../clib/microlib/init/entry.s            0x00000000   Number         0  entry10b.o ABSOLUTE
    ../clib/microlib/init/entry.s            0x00000000   Number         0  entry8a.o ABSOLUTE
    ../clib/microlib/init/entry.s            0x00000000   Number         0  entry7b.o ABSOLUTE
    ../clib/microlib/init/entry.s            0x00000000   Number         0  entry11a.o ABSOLUTE
    ../clib/microlib/init/entry.s            0x00000000   Number         0  entry5.o ABSOLUTE
    ../clib/microlib/init/entry.s            0x00000000   Number         0  entry2.o ABSOLUTE
    ../clib/microlib/init/entry.s            0x00000000   Number         0  entry8b.o ABSOLUTE
    ../clib/microlib/init/entry.s            0x00000000   Number         0  entry9b.o ABSOLUTE
    ../clib/microlib/init/entry.s            0x00000000   Number         0  entry10a.o ABSOLUTE
    ../clib/microlib/init/entry.s            0x00000000   Number         0  entry9a.o ABSOLUTE
    ../clib/microlib/init/entry.s            0x00000000   Number         0  entry.o ABSOLUTE
    ../clib/microlib/string/memcpy.c         0x00000000   Number         0  memcpyb.o ABSOLUTE
    ../clib/microlib/string/memcpy.c         0x00000000   Number         0  memcpya.o ABSOLUTE
    ../clib/microlib/string/memset.c         0x00000000   Number         0  memseta.o ABSOLUTE
    ..\Drivers\CMSIS\Device\ST\STM32F2xx\Source\Templates\system_stm32f2xx.c 0x00000000   Number         0  system_stm32f2xx.o ABSOLUTE
    ..\Drivers\STM32F2xx_HAL_Driver\Src\stm32f2xx_hal.c 0x00000000   Number         0  stm32f2xx_hal.o ABSOLUTE
    ..\Drivers\STM32F2xx_HAL_Driver\Src\stm32f2xx_hal_adc.c 0x00000000   Number         0  stm32f2xx_hal_adc.o ABSOLUTE
    ..\Drivers\STM32F2xx_HAL_Driver\Src\stm32f2xx_hal_adc_ex.c 0x00000000   Number         0  stm32f2xx_hal_adc_ex.o ABSOLUTE
    ..\Drivers\STM32F2xx_HAL_Driver\Src\stm32f2xx_hal_cortex.c 0x00000000   Number         0  stm32f2xx_hal_cortex.o ABSOLUTE
    ..\Drivers\STM32F2xx_HAL_Driver\Src\stm32f2xx_hal_dma.c 0x00000000   Number         0  stm32f2xx_hal_dma.o ABSOLUTE
    ..\Drivers\STM32F2xx_HAL_Driver\Src\stm32f2xx_hal_dma_ex.c 0x00000000   Number         0  stm32f2xx_hal_dma_ex.o ABSOLUTE
    ..\Drivers\STM32F2xx_HAL_Driver\Src\stm32f2xx_hal_flash.c 0x00000000   Number         0  stm32f2xx_hal_flash.o ABSOLUTE
    ..\Drivers\STM32F2xx_HAL_Driver\Src\stm32f2xx_hal_flash_ex.c 0x00000000   Number         0  stm32f2xx_hal_flash_ex.o ABSOLUTE
    ..\Drivers\STM32F2xx_HAL_Driver\Src\stm32f2xx_hal_gpio.c 0x00000000   Number         0  stm32f2xx_hal_gpio.o ABSOLUTE
    ..\Drivers\STM32F2xx_HAL_Driver\Src\stm32f2xx_hal_i2c.c 0x00000000   Number         0  stm32f2xx_hal_i2c.o ABSOLUTE
    ..\Drivers\STM32F2xx_HAL_Driver\Src\stm32f2xx_hal_pwr.c 0x00000000   Number         0  stm32f2xx_hal_pwr.o ABSOLUTE
    ..\Drivers\STM32F2xx_HAL_Driver\Src\stm32f2xx_hal_pwr_ex.c 0x00000000   Number         0  stm32f2xx_hal_pwr_ex.o ABSOLUTE
    ..\Drivers\STM32F2xx_HAL_Driver\Src\stm32f2xx_hal_rcc.c 0x00000000   Number         0  stm32f2xx_hal_rcc.o ABSOLUTE
    ..\Drivers\STM32F2xx_HAL_Driver\Src\stm32f2xx_hal_rcc_ex.c 0x00000000   Number         0  stm32f2xx_hal_rcc_ex.o ABSOLUTE
    ..\Drivers\STM32F2xx_HAL_Driver\Src\stm32f2xx_hal_tim.c 0x00000000   Number         0  stm32f2xx_hal_tim.o ABSOLUTE
    ..\Drivers\STM32F2xx_HAL_Driver\Src\stm32f2xx_hal_tim_ex.c 0x00000000   Number         0  stm32f2xx_hal_tim_ex.o ABSOLUTE
    ..\Drivers\STM32F2xx_HAL_Driver\Src\stm32f2xx_hal_uart.c 0x00000000   Number         0  stm32f2xx_hal_uart.o ABSOLUTE
    ..\Middlewares\Third_Party\FreeRTOS\Source\CMSIS_RTOS\cmsis_os.c 0x00000000   Number         0  cmsis_os.o ABSOLUTE
    ..\Middlewares\Third_Party\FreeRTOS\Source\portable\RVDS\ARM_CM3\port.c 0x00000000   Number         0  port.o ABSOLUTE
    ..\Src\adc.c                             0x00000000   Number         0  adc.o ABSOLUTE
    ..\Src\dma.c                             0x00000000   Number         0  dma.o ABSOLUTE
    ..\Src\freertos.c                        0x00000000   Number         0  freertos.o ABSOLUTE
    ..\Src\gpio.c                            0x00000000   Number         0  gpio.o ABSOLUTE
    ..\Src\i2c.c                             0x00000000   Number         0  i2c.o ABSOLUTE
    ..\Src\main.c                            0x00000000   Number         0  main.o ABSOLUTE
    ..\Src\stm32f2xx_hal_msp.c               0x00000000   Number         0  stm32f2xx_hal_msp.o ABSOLUTE
    ..\Src\stm32f2xx_it.c                    0x00000000   Number         0  stm32f2xx_it.o ABSOLUTE
    ..\Src\tim.c                             0x00000000   Number         0  tim.o ABSOLUTE
    ..\Src\usart.c                           0x00000000   Number         0  usart.o ABSOLUTE
    dc.s                                     0x00000000   Number         0  dc.o ABSOLUTE
    handlers.s                               0x00000000   Number         0  handlers.o ABSOLUTE
    init.s                                   0x00000000   Number         0  init.o ABSOLUTE
    startup_stm32f207xx.s                    0x00000000   Number         0  startup_stm32f207xx.o ABSOLUTE
    RESET                                    0x08000000   Section      388  startup_stm32f207xx.o(RESET)
    .ARM.Collect$$$$00000000                 0x08000184   Section        0  entry.o(.ARM.Collect$$$$00000000)
    .ARM.Collect$$$$00000001                 0x08000184   Section        4  entry2.o(.ARM.Collect$$$$00000001)
    .ARM.Collect$$$$00000004                 0x08000188   Section        4  entry5.o(.ARM.Collect$$$$00000004)
    .ARM.Collect$$$$00000008                 0x0800018c   Section        0  entry7b.o(.ARM.Collect$$$$00000008)
    .ARM.Collect$$$$0000000A                 0x0800018c   Section        0  entry8b.o(.ARM.Collect$$$$0000000A)
    .ARM.Collect$$$$0000000B                 0x0800018c   Section        8  entry9a.o(.ARM.Collect$$$$0000000B)
    .ARM.Collect$$$$0000000D                 0x08000194   Section        0  entry10a.o(.ARM.Collect$$$$0000000D)
    .ARM.Collect$$$$0000000F                 0x08000194   Section        0  entry11a.o(.ARM.Collect$$$$0000000F)
    .ARM.Collect$$$$00002712                 0x08000194   Section        4  entry2.o(.ARM.Collect$$$$00002712)
    __lit__00000000                          0x08000194   Data           4  entry2.o(.ARM.Collect$$$$00002712)
    .emb_text                                0x08000198   Section      162  port.o(.emb_text)
    .text                                    0x0800023c   Section       36  startup_stm32f207xx.o(.text)
    .text                                    0x08000260   Section        0  memcpya.o(.text)
    .text                                    0x08000284   Section        0  memseta.o(.text)
    .text                                    0x080002a8   Section       36  init.o(.text)
    i.ADC_DMAConvCplt                        0x080002cc   Section        0  stm32f2xx_hal_adc.o(i.ADC_DMAConvCplt)
    ADC_DMAConvCplt                          0x080002cd   Thumb Code    98  stm32f2xx_hal_adc.o(i.ADC_DMAConvCplt)
    i.ADC_DMAError                           0x0800032e   Section        0  stm32f2xx_hal_adc.o(i.ADC_DMAError)
    ADC_DMAError                             0x0800032f   Thumb Code    22  stm32f2xx_hal_adc.o(i.ADC_DMAError)
    i.ADC_DMAHalfConvCplt                    0x08000344   Section        0  stm32f2xx_hal_adc.o(i.ADC_DMAHalfConvCplt)
    ADC_DMAHalfConvCplt                      0x08000345   Thumb Code    10  stm32f2xx_hal_adc.o(i.ADC_DMAHalfConvCplt)
    i.ADC_Init                               0x08000350   Section        0  stm32f2xx_hal_adc.o(i.ADC_Init)
    ADC_Init                                 0x08000351   Thumb Code   300  stm32f2xx_hal_adc.o(i.ADC_Init)
    i.DMA1_Stream1_IRQHandler                0x08000484   Section        0  stm32f2xx_it.o(i.DMA1_Stream1_IRQHandler)
    i.DMA1_Stream3_IRQHandler                0x08000490   Section        0  stm32f2xx_it.o(i.DMA1_Stream3_IRQHandler)
    i.DMA2_Stream0_IRQHandler                0x0800049c   Section        0  stm32f2xx_it.o(i.DMA2_Stream0_IRQHandler)
    i.DMA_CalcBaseAndBitshift                0x080004a8   Section        0  stm32f2xx_hal_dma.o(i.DMA_CalcBaseAndBitshift)
    DMA_CalcBaseAndBitshift                  0x080004a9   Thumb Code    34  stm32f2xx_hal_dma.o(i.DMA_CalcBaseAndBitshift)
    i.DMA_SetConfig                          0x080004d0   Section        0  stm32f2xx_hal_dma.o(i.DMA_SetConfig)
    DMA_SetConfig                            0x080004d1   Thumb Code    40  stm32f2xx_hal_dma.o(i.DMA_SetConfig)
    i.GPIO_pwm                               0x080004f8   Section        0  main.o(i.GPIO_pwm)
    i.HAL_ADC_ConfigChannel                  0x0800054c   Section        0  stm32f2xx_hal_adc.o(i.HAL_ADC_ConfigChannel)
    i.HAL_ADC_ConvCpltCallback               0x0800069c   Section        0  stm32f2xx_hal_adc.o(i.HAL_ADC_ConvCpltCallback)
    i.HAL_ADC_ConvHalfCpltCallback           0x0800069e   Section        0  stm32f2xx_hal_adc.o(i.HAL_ADC_ConvHalfCpltCallback)
    i.HAL_ADC_ErrorCallback                  0x080006a0   Section        0  stm32f2xx_hal_adc.o(i.HAL_ADC_ErrorCallback)
    i.HAL_ADC_Init                           0x080006a2   Section        0  stm32f2xx_hal_adc.o(i.HAL_ADC_Init)
    i.HAL_ADC_MspInit                        0x080006f8   Section        0  adc.o(i.HAL_ADC_MspInit)
    i.HAL_ADC_Start_DMA                      0x0800078c   Section        0  stm32f2xx_hal_adc.o(i.HAL_ADC_Start_DMA)
    i.HAL_DMA_IRQHandler                     0x08000888   Section        0  stm32f2xx_hal_dma.o(i.HAL_DMA_IRQHandler)
    i.HAL_DMA_Init                           0x08000a28   Section        0  stm32f2xx_hal_dma.o(i.HAL_DMA_Init)
    i.HAL_DMA_Start_IT                       0x08000aa0   Section        0  stm32f2xx_hal_dma.o(i.HAL_DMA_Start_IT)
    i.HAL_Delay                              0x08000aee   Section        0  stm32f2xx_hal.o(i.HAL_Delay)
    i.HAL_GPIO_Init                          0x08000b04   Section        0  stm32f2xx_hal_gpio.o(i.HAL_GPIO_Init)
    i.HAL_GPIO_ReadPin                       0x08000cc4   Section        0  stm32f2xx_hal_gpio.o(i.HAL_GPIO_ReadPin)
    i.HAL_GPIO_TogglePin                     0x08000cce   Section        0  stm32f2xx_hal_gpio.o(i.HAL_GPIO_TogglePin)
    i.HAL_GPIO_WritePin                      0x08000cd6   Section        0  stm32f2xx_hal_gpio.o(i.HAL_GPIO_WritePin)
    i.HAL_GetTick                            0x08000ce0   Section        0  stm32f2xx_hal.o(i.HAL_GetTick)
    i.HAL_I2C_Init                           0x08000cec   Section        0  stm32f2xx_hal_i2c.o(i.HAL_I2C_Init)
    i.HAL_I2C_Mem_Read                       0x08000dec   Section        0  stm32f2xx_hal_i2c.o(i.HAL_I2C_Mem_Read)
    i.HAL_I2C_Mem_Write                      0x08000fb0   Section        0  stm32f2xx_hal_i2c.o(i.HAL_I2C_Mem_Write)
    i.HAL_I2C_MspInit                        0x0800109c   Section        0  i2c.o(i.HAL_I2C_MspInit)
    i.HAL_IncTick                            0x080010f4   Section        0  stm32f2xx_hal.o(i.HAL_IncTick)
    i.HAL_Init                               0x08001104   Section        0  stm32f2xx_hal.o(i.HAL_Init)
    i.HAL_InitTick                           0x08001138   Section        0  stm32f2xx_hal.o(i.HAL_InitTick)
    i.HAL_MspInit                            0x0800115a   Section        0  stm32f2xx_hal_msp.o(i.HAL_MspInit)
    i.HAL_NVIC_EnableIRQ                     0x0800119e   Section        0  stm32f2xx_hal_cortex.o(i.HAL_NVIC_EnableIRQ)
    i.HAL_NVIC_SetPriority                   0x080011b4   Section        0  stm32f2xx_hal_cortex.o(i.HAL_NVIC_SetPriority)
    i.HAL_NVIC_SetPriorityGrouping           0x080011f4   Section        0  stm32f2xx_hal_cortex.o(i.HAL_NVIC_SetPriorityGrouping)
    i.HAL_RCC_ClockConfig                    0x08001218   Section        0  stm32f2xx_hal_rcc.o(i.HAL_RCC_ClockConfig)
    i.HAL_RCC_GetHCLKFreq                    0x080013d0   Section        0  stm32f2xx_hal_rcc.o(i.HAL_RCC_GetHCLKFreq)
    i.HAL_RCC_GetPCLK1Freq                   0x08001404   Section        0  stm32f2xx_hal_rcc.o(i.HAL_RCC_GetPCLK1Freq)
    i.HAL_RCC_GetPCLK2Freq                   0x08001430   Section        0  stm32f2xx_hal_rcc.o(i.HAL_RCC_GetPCLK2Freq)
    i.HAL_RCC_GetSysClockFreq                0x0800145c   Section        0  stm32f2xx_hal_rcc.o(i.HAL_RCC_GetSysClockFreq)
    i.HAL_RCC_OscConfig                      0x080014cc   Section        0  stm32f2xx_hal_rcc.o(i.HAL_RCC_OscConfig)
    i.HAL_SYSTICK_CLKSourceConfig            0x08001804   Section        0  stm32f2xx_hal_cortex.o(i.HAL_SYSTICK_CLKSourceConfig)
    i.HAL_SYSTICK_Config                     0x0800181c   Section        0  stm32f2xx_hal_cortex.o(i.HAL_SYSTICK_Config)
    i.HAL_TIMEx_ConfigBreakDeadTime          0x08001844   Section        0  stm32f2xx_hal_tim_ex.o(i.HAL_TIMEx_ConfigBreakDeadTime)
    i.HAL_TIMEx_MasterConfigSynchronization  0x08001886   Section        0  stm32f2xx_hal_tim_ex.o(i.HAL_TIMEx_MasterConfigSynchronization)
    i.HAL_TIM_Base_Init                      0x080018d6   Section        0  stm32f2xx_hal_tim.o(i.HAL_TIM_Base_Init)
    i.HAL_TIM_Base_MspInit                   0x0800190c   Section        0  tim.o(i.HAL_TIM_Base_MspInit)
    i.HAL_TIM_Base_Start                     0x0800194c   Section        0  stm32f2xx_hal_tim.o(i.HAL_TIM_Base_Start)
    i.HAL_TIM_ConfigClockSource              0x08001966   Section        0  stm32f2xx_hal_tim.o(i.HAL_TIM_ConfigClockSource)
    i.HAL_TIM_Encoder_Init                   0x08001a58   Section        0  stm32f2xx_hal_tim.o(i.HAL_TIM_Encoder_Init)
    i.HAL_TIM_Encoder_MspInit                0x08001af0   Section        0  tim.o(i.HAL_TIM_Encoder_MspInit)
    i.HAL_TIM_MspPostInit                    0x08001bbc   Section        0  tim.o(i.HAL_TIM_MspPostInit)
    i.HAL_TIM_PWM_ConfigChannel              0x08001c14   Section        0  stm32f2xx_hal_tim.o(i.HAL_TIM_PWM_ConfigChannel)
    i.HAL_TIM_PWM_Init                       0x08001ce4   Section        0  stm32f2xx_hal_tim.o(i.HAL_TIM_PWM_Init)
    i.HAL_TIM_PWM_MspInit                    0x08001d1a   Section        0  stm32f2xx_hal_tim.o(i.HAL_TIM_PWM_MspInit)
    i.HAL_TIM_PWM_Start                      0x08001d1c   Section        0  stm32f2xx_hal_tim.o(i.HAL_TIM_PWM_Start)
    i.HAL_UART_ErrorCallback                 0x08001d54   Section        0  stm32f2xx_hal_uart.o(i.HAL_UART_ErrorCallback)
    i.HAL_UART_Init                          0x08001d56   Section        0  stm32f2xx_hal_uart.o(i.HAL_UART_Init)
    i.HAL_UART_MspInit                       0x08001db4   Section        0  usart.o(i.HAL_UART_MspInit)
    i.HAL_UART_Receive_DMA                   0x08001e70   Section        0  stm32f2xx_hal_uart.o(i.HAL_UART_Receive_DMA)
    i.HAL_UART_RxCpltCallback                0x08001ef8   Section        0  stm32f2xx_hal_uart.o(i.HAL_UART_RxCpltCallback)
    i.HAL_UART_RxHalfCpltCallback            0x08001efa   Section        0  stm32f2xx_hal_uart.o(i.HAL_UART_RxHalfCpltCallback)
    i.I2C_RequestMemoryRead                  0x08001efc   Section        0  stm32f2xx_hal_i2c.o(i.I2C_RequestMemoryRead)
    I2C_RequestMemoryRead                    0x08001efd   Thumb Code   218  stm32f2xx_hal_i2c.o(i.I2C_RequestMemoryRead)
    i.I2C_RequestMemoryWrite                 0x08001fdc   Section        0  stm32f2xx_hal_i2c.o(i.I2C_RequestMemoryWrite)
    I2C_RequestMemoryWrite                   0x08001fdd   Thumb Code   140  stm32f2xx_hal_i2c.o(i.I2C_RequestMemoryWrite)
    i.I2C_WaitOnFlagUntilTimeout             0x0800206c   Section        0  stm32f2xx_hal_i2c.o(i.I2C_WaitOnFlagUntilTimeout)
    I2C_WaitOnFlagUntilTimeout               0x0800206d   Thumb Code   138  stm32f2xx_hal_i2c.o(i.I2C_WaitOnFlagUntilTimeout)
    i.I2C_WaitOnMasterAddressFlagUntilTimeout 0x080020f8   Section        0  stm32f2xx_hal_i2c.o(i.I2C_WaitOnMasterAddressFlagUntilTimeout)
    I2C_WaitOnMasterAddressFlagUntilTimeout  0x080020f9   Thumb Code   136  stm32f2xx_hal_i2c.o(i.I2C_WaitOnMasterAddressFlagUntilTimeout)
    i.MX_ADC1_Init                           0x08002180   Section        0  adc.o(i.MX_ADC1_Init)
    i.MX_DMA_Init                            0x08002220   Section        0  dma.o(i.MX_DMA_Init)
    i.MX_FREERTOS_Init                       0x0800227c   Section        0  freertos.o(i.MX_FREERTOS_Init)
    i.MX_GPIO_Init                           0x080022a4   Section        0  gpio.o(i.MX_GPIO_Init)
    i.MX_I2C3_Init                           0x08002398   Section        0  i2c.o(i.MX_I2C3_Init)
    i.MX_TIM1_Init                           0x080023c8   Section        0  tim.o(i.MX_TIM1_Init)
    i.MX_TIM2_Init                           0x08002464   Section        0  tim.o(i.MX_TIM2_Init)
    i.MX_TIM3_Init                           0x080024ac   Section        0  tim.o(i.MX_TIM3_Init)
    i.MX_TIM4_Init                           0x080024fc   Section        0  tim.o(i.MX_TIM4_Init)
    i.MX_TIM5_Init                           0x0800254c   Section        0  tim.o(i.MX_TIM5_Init)
    i.MX_TIM9_Init                           0x0800259c   Section        0  tim.o(i.MX_TIM9_Init)
    i.MX_USART3_UART_Init                    0x080025f8   Section        0  usart.o(i.MX_USART3_UART_Init)
    i.NVIC_SetPriority                       0x08002620   Section        0  stm32f2xx_hal_cortex.o(i.NVIC_SetPriority)
    NVIC_SetPriority                         0x08002621   Thumb Code    32  stm32f2xx_hal_cortex.o(i.NVIC_SetPriority)
    i.StartDefaultTask                       0x08002640   Section        0  freertos.o(i.StartDefaultTask)
    i.SysTick_Handler                        0x08002648   Section        0  stm32f2xx_it.o(i.SysTick_Handler)
    i.SystemClock_Config                     0x08002656   Section        0  main.o(i.SystemClock_Config)
    i.SystemInit                             0x080026bc   Section        0  system_stm32f2xx.o(i.SystemInit)
    i.TIM_Base_SetConfig                     0x08002704   Section        0  stm32f2xx_hal_tim.o(i.TIM_Base_SetConfig)
    i.TIM_CCxChannelCmd                      0x080027c4   Section        0  stm32f2xx_hal_tim.o(i.TIM_CCxChannelCmd)
    i.TIM_ETR_SetConfig                      0x080027da   Section        0  stm32f2xx_hal_tim.o(i.TIM_ETR_SetConfig)
    TIM_ETR_SetConfig                        0x080027db   Thumb Code    20  stm32f2xx_hal_tim.o(i.TIM_ETR_SetConfig)
    i.TIM_ITRx_SetConfig                     0x080027ee   Section        0  stm32f2xx_hal_tim.o(i.TIM_ITRx_SetConfig)
    TIM_ITRx_SetConfig                       0x080027ef   Thumb Code    16  stm32f2xx_hal_tim.o(i.TIM_ITRx_SetConfig)
    i.TIM_OC1_SetConfig                      0x08002800   Section        0  stm32f2xx_hal_tim.o(i.TIM_OC1_SetConfig)
    TIM_OC1_SetConfig                        0x08002801   Thumb Code    80  stm32f2xx_hal_tim.o(i.TIM_OC1_SetConfig)
    i.TIM_OC2_SetConfig                      0x08002858   Section        0  stm32f2xx_hal_tim.o(i.TIM_OC2_SetConfig)
    i.TIM_OC3_SetConfig                      0x080028bc   Section        0  stm32f2xx_hal_tim.o(i.TIM_OC3_SetConfig)
    TIM_OC3_SetConfig                        0x080028bd   Thumb Code    88  stm32f2xx_hal_tim.o(i.TIM_OC3_SetConfig)
    i.TIM_OC4_SetConfig                      0x0800291c   Section        0  stm32f2xx_hal_tim.o(i.TIM_OC4_SetConfig)
    TIM_OC4_SetConfig                        0x0800291d   Thumb Code    70  stm32f2xx_hal_tim.o(i.TIM_OC4_SetConfig)
    i.TIM_TI1_ConfigInputStage               0x0800296c   Section        0  stm32f2xx_hal_tim.o(i.TIM_TI1_ConfigInputStage)
    TIM_TI1_ConfigInputStage                 0x0800296d   Thumb Code    34  stm32f2xx_hal_tim.o(i.TIM_TI1_ConfigInputStage)
    i.TIM_TI2_ConfigInputStage               0x0800298e   Section        0  stm32f2xx_hal_tim.o(i.TIM_TI2_ConfigInputStage)
    TIM_TI2_ConfigInputStage                 0x0800298f   Thumb Code    36  stm32f2xx_hal_tim.o(i.TIM_TI2_ConfigInputStage)
    i.UART_DMAError                          0x080029b2   Section        0  stm32f2xx_hal_uart.o(i.UART_DMAError)
    UART_DMAError                            0x080029b3   Thumb Code    30  stm32f2xx_hal_uart.o(i.UART_DMAError)
    i.UART_DMAReceiveCplt                    0x080029d0   Section        0  stm32f2xx_hal_uart.o(i.UART_DMAReceiveCplt)
    UART_DMAReceiveCplt                      0x080029d1   Thumb Code    54  stm32f2xx_hal_uart.o(i.UART_DMAReceiveCplt)
    i.UART_DMARxHalfCplt                     0x08002a06   Section        0  stm32f2xx_hal_uart.o(i.UART_DMARxHalfCplt)
    UART_DMARxHalfCplt                       0x08002a07   Thumb Code    10  stm32f2xx_hal_uart.o(i.UART_DMARxHalfCplt)
    i.UART_SetConfig                         0x08002a10   Section        0  stm32f2xx_hal_uart.o(i.UART_SetConfig)
    UART_SetConfig                           0x08002a11   Thumb Code   366  stm32f2xx_hal_uart.o(i.UART_SetConfig)
    i.__scatterload_copy                     0x08002b88   Section       14  handlers.o(i.__scatterload_copy)
    i.__scatterload_null                     0x08002b96   Section        2  handlers.o(i.__scatterload_null)
    i.__scatterload_zeroinit                 0x08002b98   Section       14  handlers.o(i.__scatterload_zeroinit)
    i.adc_init_values                        0x08002ba8   Section        0  main.o(i.adc_init_values)
    i.imu_thread                             0x08002bc4   Section        0  main.o(i.imu_thread)
    imu_thread                               0x08002bc5   Thumb Code    18  main.o(i.imu_thread)
    i.inHandlerMode                          0x08002bdc   Section        0  cmsis_os.o(i.inHandlerMode)
    inHandlerMode                            0x08002bdd   Thumb Code    12  cmsis_os.o(i.inHandlerMode)
    i.led_thread                             0x08002be8   Section        0  main.o(i.led_thread)
    led_thread                               0x08002be9   Thumb Code    48  main.o(i.led_thread)
    i.main                                   0x08002c24   Section        0  main.o(i.main)
    i.makeFreeRtosPriority                   0x08002d7c   Section        0  cmsis_os.o(i.makeFreeRtosPriority)
    makeFreeRtosPriority                     0x08002d7d   Thumb Code    12  cmsis_os.o(i.makeFreeRtosPriority)
    i.motor_rotate_backward                  0x08002d88   Section        0  main.o(i.motor_rotate_backward)
    i.motor_rotate_forward                   0x08002f14   Section        0  main.o(i.motor_rotate_forward)
    i.motor_thread                           0x08003094   Section        0  main.o(i.motor_thread)
    motor_thread                             0x08003095   Thumb Code    96  main.o(i.motor_thread)
    i.osDelay                                0x080030fc   Section        0  cmsis_os.o(i.osDelay)
    i.osKernelStart                          0x0800310a   Section        0  cmsis_os.o(i.osKernelStart)
    i.osSemaphoreCreate                      0x08003114   Section        0  cmsis_os.o(i.osSemaphoreCreate)
    i.osSemaphoreWait                        0x0800313c   Section        0  cmsis_os.o(i.osSemaphoreWait)
    i.osSystickHandler                       0x0800319c   Section        0  cmsis_os.o(i.osSystickHandler)
    i.osThreadCreate                         0x080031b0   Section        0  cmsis_os.o(i.osThreadCreate)
    i.packet_form                            0x080031e8   Section        0  main.o(i.packet_form)
    i.prvAddCurrentTaskToDelayedList         0x0800324c   Section        0  tasks.o(i.prvAddCurrentTaskToDelayedList)
    prvAddCurrentTaskToDelayedList           0x0800324d   Thumb Code    48  tasks.o(i.prvAddCurrentTaskToDelayedList)
    i.prvCheckTasksWaitingTermination        0x08003280   Section        0  tasks.o(i.prvCheckTasksWaitingTermination)
    prvCheckTasksWaitingTermination          0x08003281   Thumb Code    76  tasks.o(i.prvCheckTasksWaitingTermination)
    i.prvCopyDataFromQueue                   0x080032d4   Section        0  queue.o(i.prvCopyDataFromQueue)
    prvCopyDataFromQueue                     0x080032d5   Thumb Code    38  queue.o(i.prvCopyDataFromQueue)
    i.prvCopyDataToQueue                     0x080032fa   Section        0  queue.o(i.prvCopyDataToQueue)
    prvCopyDataToQueue                       0x080032fb   Thumb Code   110  queue.o(i.prvCopyDataToQueue)
    i.prvHeapInit                            0x08003368   Section        0  heap_4.o(i.prvHeapInit)
    prvHeapInit                              0x08003369   Thumb Code    66  heap_4.o(i.prvHeapInit)
    i.prvIdleTask                            0x080033b4   Section        0  tasks.o(i.prvIdleTask)
    prvIdleTask                              0x080033b5   Thumb Code    20  tasks.o(i.prvIdleTask)
    i.prvInsertBlockIntoFreeList             0x080033cc   Section        0  heap_4.o(i.prvInsertBlockIntoFreeList)
    prvInsertBlockIntoFreeList               0x080033cd   Thumb Code    72  heap_4.o(i.prvInsertBlockIntoFreeList)
    i.prvResetNextTaskUnblockTime            0x08003418   Section        0  tasks.o(i.prvResetNextTaskUnblockTime)
    prvResetNextTaskUnblockTime              0x08003419   Thumb Code    26  tasks.o(i.prvResetNextTaskUnblockTime)
    i.prvTaskExitError                       0x08003438   Section        0  port.o(i.prvTaskExitError)
    prvTaskExitError                         0x08003439   Thumb Code    20  port.o(i.prvTaskExitError)
    i.prvUnlockQueue                         0x08003450   Section        0  queue.o(i.prvUnlockQueue)
    prvUnlockQueue                           0x08003451   Thumb Code   100  queue.o(i.prvUnlockQueue)
    i.pvPortMalloc                           0x080034b4   Section        0  heap_4.o(i.pvPortMalloc)
    i.pvTaskIncrementMutexHeldCount          0x08003570   Section        0  tasks.o(i.pvTaskIncrementMutexHeldCount)
    i.pxPortInitialiseStack                  0x08003588   Section        0  port.o(i.pxPortInitialiseStack)
    i.scheduler_thread                       0x080035a8   Section        0  main.o(i.scheduler_thread)
    scheduler_thread                         0x080035a9   Thumb Code    72  main.o(i.scheduler_thread)
    i.uxListRemove                           0x080035f8   Section        0  list.o(i.uxListRemove)
    i.vListInitialise                        0x0800361c   Section        0  list.o(i.vListInitialise)
    i.vListInitialiseItem                    0x08003632   Section        0  list.o(i.vListInitialiseItem)
    i.vListInsert                            0x08003638   Section        0  list.o(i.vListInsert)
    i.vListInsertEnd                         0x08003668   Section        0  list.o(i.vListInsertEnd)
    i.vPortEnterCritical                     0x08003680   Section        0  port.o(i.vPortEnterCritical)
    i.vPortExitCritical                      0x080036b8   Section        0  port.o(i.vPortExitCritical)
    i.vPortFree                              0x080036dc   Section        0  heap_4.o(i.vPortFree)
    i.vPortSetupTimerInterrupt               0x08003724   Section        0  port.o(i.vPortSetupTimerInterrupt)
    i.vPortValidateInterruptPriority         0x08003744   Section        0  port.o(i.vPortValidateInterruptPriority)
    i.vPortYield                             0x08003784   Section        0  port.o(i.vPortYield)
    i.vTaskDelay                             0x0800379c   Section        0  tasks.o(i.vTaskDelay)
    i.vTaskMissedYield                       0x080037ec   Section        0  tasks.o(i.vTaskMissedYield)
    i.vTaskPlaceOnEventList                  0x080037f8   Section        0  tasks.o(i.vTaskPlaceOnEventList)
    i.vTaskPriorityInherit                   0x08003850   Section        0  tasks.o(i.vTaskPriorityInherit)
    i.vTaskSetTimeOutState                   0x080038d4   Section        0  tasks.o(i.vTaskSetTimeOutState)
    i.vTaskStartScheduler                    0x080038f0   Section        0  tasks.o(i.vTaskStartScheduler)
    i.vTaskSuspendAll                        0x0800393c   Section        0  tasks.o(i.vTaskSuspendAll)
    i.vTaskSwitchContext                     0x0800394c   Section        0  tasks.o(i.vTaskSwitchContext)
    i.xPortStartScheduler                    0x080039a0   Section        0  port.o(i.xPortStartScheduler)
    i.xPortSysTickHandler                    0x08003a14   Section        0  port.o(i.xPortSysTickHandler)
    i.xQueueGenericCreate                    0x08003a38   Section        0  queue.o(i.xQueueGenericCreate)
    i.xQueueGenericReceive                   0x08003a88   Section        0  queue.o(i.xQueueGenericReceive)
    i.xQueueGenericReset                     0x08003bb6   Section        0  queue.o(i.xQueueGenericReset)
    i.xQueueGenericSend                      0x08003c20   Section        0  queue.o(i.xQueueGenericSend)
    i.xQueueReceiveFromISR                   0x08003d34   Section        0  queue.o(i.xQueueReceiveFromISR)
    i.xTaskCheckForTimeOut                   0x08003dac   Section        0  tasks.o(i.xTaskCheckForTimeOut)
    i.xTaskGenericCreate                     0x08003e04   Section        0  tasks.o(i.xTaskGenericCreate)
    i.xTaskGetSchedulerState                 0x08003f90   Section        0  tasks.o(i.xTaskGetSchedulerState)
    i.xTaskIncrementTick                     0x08003fac   Section        0  tasks.o(i.xTaskIncrementTick)
    i.xTaskPriorityDisinherit                0x0800406c   Section        0  tasks.o(i.xTaskPriorityDisinherit)
    i.xTaskRemoveFromEventList               0x080040f0   Section        0  tasks.o(i.xTaskRemoveFromEventList)
    i.xTaskResumeAll                         0x0800415c   Section        0  tasks.o(i.xTaskResumeAll)
    .constdata                               0x08004208   Section       80  main.o(.constdata)
    .constdata                               0x08004258   Section       20  freertos.o(.constdata)
    .constdata                               0x0800426c   Section       16  stm32f2xx_hal_rcc.o(.constdata)
    .constdata                               0x0800427c   Section        8  stm32f2xx_hal_dma.o(.constdata)
    flagBitshiftOffset                       0x0800427c   Data           8  stm32f2xx_hal_dma.o(.constdata)
    .conststring                             0x08004284   Section       32  main.o(.conststring)
    .conststring                             0x080042a4   Section       12  freertos.o(.conststring)
    .data                                    0x20000000   Section       32  main.o(.data)
    .data                                    0x20000020   Section        4  freertos.o(.data)
    .data                                    0x20000024   Section       56  tasks.o(.data)
    uxTasksDeleted                           0x20000028   Data           4  tasks.o(.data)
    uxCurrentNumberOfTasks                   0x2000002c   Data           4  tasks.o(.data)
    xTickCount                               0x20000030   Data           4  tasks.o(.data)
    uxTopReadyPriority                       0x20000034   Data           4  tasks.o(.data)
    xSchedulerRunning                        0x20000038   Data           4  tasks.o(.data)
    uxPendedTicks                            0x2000003c   Data           4  tasks.o(.data)
    xYieldPending                            0x20000040   Data           4  tasks.o(.data)
    xNumOfOverflows                          0x20000044   Data           4  tasks.o(.data)
    uxTaskNumber                             0x20000048   Data           4  tasks.o(.data)
    xNextTaskUnblockTime                     0x2000004c   Data           4  tasks.o(.data)
    uxSchedulerSuspended                     0x20000050   Data           4  tasks.o(.data)
    pxDelayedTaskList                        0x20000054   Data           4  tasks.o(.data)
    pxOverflowDelayedTaskList                0x20000058   Data           4  tasks.o(.data)
    .data                                    0x2000005c   Section       12  port.o(.data)
    ucMaxSysCallPriority                     0x2000005c   Data           1  port.o(.data)
    uxCriticalNesting                        0x20000060   Data           4  port.o(.data)
    ulMaxPRIGROUPValue                       0x20000064   Data           4  port.o(.data)
    .data                                    0x20000068   Section       24  heap_4.o(.data)
    pxEnd                                    0x20000068   Data           4  heap_4.o(.data)
    xFreeBytesRemaining                      0x2000006c   Data           4  heap_4.o(.data)
    xMinimumEverFreeBytesRemaining           0x20000070   Data           4  heap_4.o(.data)
    xBlockAllocatedBit                       0x20000074   Data           4  heap_4.o(.data)
    xStart                                   0x20000078   Data           8  heap_4.o(.data)
    .data                                    0x20000080   Section        4  stm32f2xx_hal.o(.data)
    uwTick                                   0x20000080   Data           4  stm32f2xx_hal.o(.data)
    .data                                    0x20000084   Section        4  system_stm32f2xx.o(.data)
    .bss                                     0x20000088   Section       88  main.o(.bss)
    .bss                                     0x200000e0   Section      360  tim.o(.bss)
    .bss                                     0x20000248   Section      160  adc.o(.bss)
    .bss                                     0x200002e8   Section      240  usart.o(.bss)
    .bss                                     0x200003d8   Section       60  i2c.o(.bss)
    .bss                                     0x20000414   Section      240  tasks.o(.bss)
    pxReadyTasksLists                        0x20000414   Data         140  tasks.o(.bss)
    xDelayedTaskList1                        0x200004a0   Data          20  tasks.o(.bss)
    xDelayedTaskList2                        0x200004b4   Data          20  tasks.o(.bss)
    xPendingReadyList                        0x200004c8   Data          20  tasks.o(.bss)
    xTasksWaitingTermination                 0x200004dc   Data          20  tasks.o(.bss)
    xSuspendedTaskList                       0x200004f0   Data          20  tasks.o(.bss)
    .bss                                     0x20000504   Section    15360  heap_4.o(.bss)
    ucHeap                                   0x20000504   Data       15360  heap_4.o(.bss)
    STACK                                    0x20004108   Section     1024  startup_stm32f207xx.o(STACK)

    Global Symbols

    Symbol Name                              Value     Ov Type        Size  Object(Section)

    BuildAttributes$$THM_ISAv4$P$D$K$B$S$PE$A:L22UL41UL21$X:L11$S22US41US21$IEEE1$IW$USESV6$~STKCKD$USESV7$~SHL$OSPACE$EBA8$MICROLIB$REQ8$PRES8$EABIv2 0x00000000   Number         0  anon$$obj.o ABSOLUTE
    __ARM_use_no_argv                        0x00000000   Number         0  main.o ABSOLUTE
    __cpp_initialize__aeabi_                  - Undefined Weak Reference
    __cxa_finalize                            - Undefined Weak Reference
    __decompress                              - Undefined Weak Reference
    _clock_init                               - Undefined Weak Reference
    _microlib_exit                            - Undefined Weak Reference
    __Vectors_Size                           0x00000184   Number         0  startup_stm32f207xx.o ABSOLUTE
    __Vectors                                0x08000000   Data           4  startup_stm32f207xx.o(RESET)
    __Vectors_End                            0x08000184   Data           0  startup_stm32f207xx.o(RESET)
    __main                                   0x08000185   Thumb Code     0  entry.o(.ARM.Collect$$$$00000000)
    _main_stk                                0x08000185   Thumb Code     0  entry2.o(.ARM.Collect$$$$00000001)
    _main_scatterload                        0x08000189   Thumb Code     0  entry5.o(.ARM.Collect$$$$00000004)
    __main_after_scatterload                 0x0800018d   Thumb Code     0  entry5.o(.ARM.Collect$$$$00000004)
    _main_clock                              0x0800018d   Thumb Code     0  entry7b.o(.ARM.Collect$$$$00000008)
    _main_cpp_init                           0x0800018d   Thumb Code     0  entry8b.o(.ARM.Collect$$$$0000000A)
    _main_init                               0x0800018d   Thumb Code     0  entry9a.o(.ARM.Collect$$$$0000000B)
    __rt_final_cpp                           0x08000195   Thumb Code     0  entry10a.o(.ARM.Collect$$$$0000000D)
    __rt_final_exit                          0x08000195   Thumb Code     0  entry11a.o(.ARM.Collect$$$$0000000F)
    SVC_Handler                              0x08000199   Thumb Code    32  port.o(.emb_text)
    __asm___6_port_c_39a90d8d__prvStartFirstTask 0x080001bd   Thumb Code    28  port.o(.emb_text)
    PendSV_Handler                           0x080001dd   Thumb Code    64  port.o(.emb_text)
    ulPortSetInterruptMask                   0x08000221   Thumb Code    14  port.o(.emb_text)
    vPortClearInterruptMask                  0x0800022f   Thumb Code     6  port.o(.emb_text)
    vPortGetIPSR                             0x08000235   Thumb Code     6  port.o(.emb_text)
    Reset_Handler                            0x0800023d   Thumb Code     8  startup_stm32f207xx.o(.text)
    NMI_Handler                              0x08000245   Thumb Code     2  startup_stm32f207xx.o(.text)
    HardFault_Handler                        0x08000247   Thumb Code     2  startup_stm32f207xx.o(.text)
    MemManage_Handler                        0x08000249   Thumb Code     2  startup_stm32f207xx.o(.text)
    BusFault_Handler                         0x0800024b   Thumb Code     2  startup_stm32f207xx.o(.text)
    UsageFault_Handler                       0x0800024d   Thumb Code     2  startup_stm32f207xx.o(.text)
    DebugMon_Handler                         0x08000251   Thumb Code     2  startup_stm32f207xx.o(.text)
    ADC_IRQHandler                           0x08000257   Thumb Code     0  startup_stm32f207xx.o(.text)
    CAN1_RX0_IRQHandler                      0x08000257   Thumb Code     0  startup_stm32f207xx.o(.text)
    CAN1_RX1_IRQHandler                      0x08000257   Thumb Code     0  startup_stm32f207xx.o(.text)
    CAN1_SCE_IRQHandler                      0x08000257   Thumb Code     0  startup_stm32f207xx.o(.text)
    CAN1_TX_IRQHandler                       0x08000257   Thumb Code     0  startup_stm32f207xx.o(.text)
    CAN2_RX0_IRQHandler                      0x08000257   Thumb Code     0  startup_stm32f207xx.o(.text)
    CAN2_RX1_IRQHandler                      0x08000257   Thumb Code     0  startup_stm32f207xx.o(.text)
    CAN2_SCE_IRQHandler                      0x08000257   Thumb Code     0  startup_stm32f207xx.o(.text)
    CAN2_TX_IRQHandler                       0x08000257   Thumb Code     0  startup_stm32f207xx.o(.text)
    DCMI_IRQHandler                          0x08000257   Thumb Code     0  startup_stm32f207xx.o(.text)
    DMA1_Stream0_IRQHandler                  0x08000257   Thumb Code     0  startup_stm32f207xx.o(.text)
    DMA1_Stream2_IRQHandler                  0x08000257   Thumb Code     0  startup_stm32f207xx.o(.text)
    DMA1_Stream4_IRQHandler                  0x08000257   Thumb Code     0  startup_stm32f207xx.o(.text)
    DMA1_Stream5_IRQHandler                  0x08000257   Thumb Code     0  startup_stm32f207xx.o(.text)
    DMA1_Stream6_IRQHandler                  0x08000257   Thumb Code     0  startup_stm32f207xx.o(.text)
    DMA1_Stream7_IRQHandler                  0x08000257   Thumb Code     0  startup_stm32f207xx.o(.text)
    DMA2_Stream1_IRQHandler                  0x08000257   Thumb Code     0  startup_stm32f207xx.o(.text)
    DMA2_Stream2_IRQHandler                  0x08000257   Thumb Code     0  startup_stm32f207xx.o(.text)
    DMA2_Stream3_IRQHandler                  0x08000257   Thumb Code     0  startup_stm32f207xx.o(.text)
    DMA2_Stream4_IRQHandler                  0x08000257   Thumb Code     0  startup_stm32f207xx.o(.text)
    DMA2_Stream5_IRQHandler                  0x08000257   Thumb Code     0  startup_stm32f207xx.o(.text)
    DMA2_Stream6_IRQHandler                  0x08000257   Thumb Code     0  startup_stm32f207xx.o(.text)
    DMA2_Stream7_IRQHandler                  0x08000257   Thumb Code     0  startup_stm32f207xx.o(.text)
    ETH_IRQHandler                           0x08000257   Thumb Code     0  startup_stm32f207xx.o(.text)
    ETH_WKUP_IRQHandler                      0x08000257   Thumb Code     0  startup_stm32f207xx.o(.text)
    EXTI0_IRQHandler                         0x08000257   Thumb Code     0  startup_stm32f207xx.o(.text)
    EXTI15_10_IRQHandler                     0x08000257   Thumb Code     0  startup_stm32f207xx.o(.text)
    EXTI1_IRQHandler                         0x08000257   Thumb Code     0  startup_stm32f207xx.o(.text)
    EXTI2_IRQHandler                         0x08000257   Thumb Code     0  startup_stm32f207xx.o(.text)
    EXTI3_IRQHandler                         0x08000257   Thumb Code     0  startup_stm32f207xx.o(.text)
    EXTI4_IRQHandler                         0x08000257   Thumb Code     0  startup_stm32f207xx.o(.text)
    EXTI9_5_IRQHandler                       0x08000257   Thumb Code     0  startup_stm32f207xx.o(.text)
    FLASH_IRQHandler                         0x08000257   Thumb Code     0  startup_stm32f207xx.o(.text)
    FSMC_IRQHandler                          0x08000257   Thumb Code     0  startup_stm32f207xx.o(.text)
    HASH_RNG_IRQHandler                      0x08000257   Thumb Code     0  startup_stm32f207xx.o(.text)
    I2C1_ER_IRQHandler                       0x08000257   Thumb Code     0  startup_stm32f207xx.o(.text)
    I2C1_EV_IRQHandler                       0x08000257   Thumb Code     0  startup_stm32f207xx.o(.text)
    I2C2_ER_IRQHandler                       0x08000257   Thumb Code     0  startup_stm32f207xx.o(.text)
    I2C2_EV_IRQHandler                       0x08000257   Thumb Code     0  startup_stm32f207xx.o(.text)
    I2C3_ER_IRQHandler                       0x08000257   Thumb Code     0  startup_stm32f207xx.o(.text)
    I2C3_EV_IRQHandler                       0x08000257   Thumb Code     0  startup_stm32f207xx.o(.text)
    OTG_FS_IRQHandler                        0x08000257   Thumb Code     0  startup_stm32f207xx.o(.text)
    OTG_FS_WKUP_IRQHandler                   0x08000257   Thumb Code     0  startup_stm32f207xx.o(.text)
    OTG_HS_EP1_IN_IRQHandler                 0x08000257   Thumb Code     0  startup_stm32f207xx.o(.text)
    OTG_HS_EP1_OUT_IRQHandler                0x08000257   Thumb Code     0  startup_stm32f207xx.o(.text)
    OTG_HS_IRQHandler                        0x08000257   Thumb Code     0  startup_stm32f207xx.o(.text)
    OTG_HS_WKUP_IRQHandler                   0x08000257   Thumb Code     0  startup_stm32f207xx.o(.text)
    PVD_IRQHandler                           0x08000257   Thumb Code     0  startup_stm32f207xx.o(.text)
    RCC_IRQHandler                           0x08000257   Thumb Code     0  startup_stm32f207xx.o(.text)
    RTC_Alarm_IRQHandler                     0x08000257   Thumb Code     0  startup_stm32f207xx.o(.text)
    RTC_WKUP_IRQHandler                      0x08000257   Thumb Code     0  startup_stm32f207xx.o(.text)
    SDIO_IRQHandler                          0x08000257   Thumb Code     0  startup_stm32f207xx.o(.text)
    SPI1_IRQHandler                          0x08000257   Thumb Code     0  startup_stm32f207xx.o(.text)
    SPI2_IRQHandler                          0x08000257   Thumb Code     0  startup_stm32f207xx.o(.text)
    SPI3_IRQHandler                          0x08000257   Thumb Code     0  startup_stm32f207xx.o(.text)
    TAMP_STAMP_IRQHandler                    0x08000257   Thumb Code     0  startup_stm32f207xx.o(.text)
    TIM1_BRK_TIM9_IRQHandler                 0x08000257   Thumb Code     0  startup_stm32f207xx.o(.text)
    TIM1_CC_IRQHandler                       0x08000257   Thumb Code     0  startup_stm32f207xx.o(.text)
    TIM1_TRG_COM_TIM11_IRQHandler            0x08000257   Thumb Code     0  startup_stm32f207xx.o(.text)
    TIM1_UP_TIM10_IRQHandler                 0x08000257   Thumb Code     0  startup_stm32f207xx.o(.text)
    TIM2_IRQHandler                          0x08000257   Thumb Code     0  startup_stm32f207xx.o(.text)
    TIM3_IRQHandler                          0x08000257   Thumb Code     0  startup_stm32f207xx.o(.text)
    TIM4_IRQHandler                          0x08000257   Thumb Code     0  startup_stm32f207xx.o(.text)
    TIM5_IRQHandler                          0x08000257   Thumb Code     0  startup_stm32f207xx.o(.text)
    TIM6_DAC_IRQHandler                      0x08000257   Thumb Code     0  startup_stm32f207xx.o(.text)
    TIM7_IRQHandler                          0x08000257   Thumb Code     0  startup_stm32f207xx.o(.text)
    TIM8_BRK_TIM12_IRQHandler                0x08000257   Thumb Code     0  startup_stm32f207xx.o(.text)
    TIM8_CC_IRQHandler                       0x08000257   Thumb Code     0  startup_stm32f207xx.o(.text)
    TIM8_TRG_COM_TIM14_IRQHandler            0x08000257   Thumb Code     0  startup_stm32f207xx.o(.text)
    TIM8_UP_TIM13_IRQHandler                 0x08000257   Thumb Code     0  startup_stm32f207xx.o(.text)
    UART4_IRQHandler                         0x08000257   Thumb Code     0  startup_stm32f207xx.o(.text)
    UART5_IRQHandler                         0x08000257   Thumb Code     0  startup_stm32f207xx.o(.text)
    USART1_IRQHandler                        0x08000257   Thumb Code     0  startup_stm32f207xx.o(.text)
    USART2_IRQHandler                        0x08000257   Thumb Code     0  startup_stm32f207xx.o(.text)
    USART3_IRQHandler                        0x08000257   Thumb Code     0  startup_stm32f207xx.o(.text)
    USART6_IRQHandler                        0x08000257   Thumb Code     0  startup_stm32f207xx.o(.text)
    WWDG_IRQHandler                          0x08000257   Thumb Code     0  startup_stm32f207xx.o(.text)
    __aeabi_memcpy                           0x08000261   Thumb Code    36  memcpya.o(.text)
    __aeabi_memcpy4                          0x08000261   Thumb Code     0  memcpya.o(.text)
    __aeabi_memcpy8                          0x08000261   Thumb Code     0  memcpya.o(.text)
    __aeabi_memset                           0x08000285   Thumb Code    14  memseta.o(.text)
    __aeabi_memset4                          0x08000285   Thumb Code     0  memseta.o(.text)
    __aeabi_memset8                          0x08000285   Thumb Code     0  memseta.o(.text)
    __aeabi_memclr                           0x08000293   Thumb Code     4  memseta.o(.text)
    __aeabi_memclr4                          0x08000293   Thumb Code     0  memseta.o(.text)
    __aeabi_memclr8                          0x08000293   Thumb Code     0  memseta.o(.text)
    _memset$wrapper                          0x08000297   Thumb Code    18  memseta.o(.text)
    __scatterload                            0x080002a9   Thumb Code    28  init.o(.text)
    __scatterload_rt2                        0x080002a9   Thumb Code     0  init.o(.text)
    DMA1_Stream1_IRQHandler                  0x08000485   Thumb Code     6  stm32f2xx_it.o(i.DMA1_Stream1_IRQHandler)
    DMA1_Stream3_IRQHandler                  0x08000491   Thumb Code     6  stm32f2xx_it.o(i.DMA1_Stream3_IRQHandler)
    DMA2_Stream0_IRQHandler                  0x0800049d   Thumb Code     6  stm32f2xx_it.o(i.DMA2_Stream0_IRQHandler)
    GPIO_pwm                                 0x080004f9   Thumb Code    80  main.o(i.GPIO_pwm)
    HAL_ADC_ConfigChannel                    0x0800054d   Thumb Code   322  stm32f2xx_hal_adc.o(i.HAL_ADC_ConfigChannel)
    HAL_ADC_ConvCpltCallback                 0x0800069d   Thumb Code     2  stm32f2xx_hal_adc.o(i.HAL_ADC_ConvCpltCallback)
    HAL_ADC_ConvHalfCpltCallback             0x0800069f   Thumb Code     2  stm32f2xx_hal_adc.o(i.HAL_ADC_ConvHalfCpltCallback)
    HAL_ADC_ErrorCallback                    0x080006a1   Thumb Code     2  stm32f2xx_hal_adc.o(i.HAL_ADC_ErrorCallback)
    HAL_ADC_Init                             0x080006a3   Thumb Code    84  stm32f2xx_hal_adc.o(i.HAL_ADC_Init)
    HAL_ADC_MspInit                          0x080006f9   Thumb Code   122  adc.o(i.HAL_ADC_MspInit)
    HAL_ADC_Start_DMA                        0x0800078d   Thumb Code   228  stm32f2xx_hal_adc.o(i.HAL_ADC_Start_DMA)
    HAL_DMA_IRQHandler                       0x08000889   Thumb Code   412  stm32f2xx_hal_dma.o(i.HAL_DMA_IRQHandler)
    HAL_DMA_Init                             0x08000a29   Thumb Code   116  stm32f2xx_hal_dma.o(i.HAL_DMA_Init)
    HAL_DMA_Start_IT                         0x08000aa1   Thumb Code    78  stm32f2xx_hal_dma.o(i.HAL_DMA_Start_IT)
    HAL_Delay                                0x08000aef   Thumb Code    22  stm32f2xx_hal.o(i.HAL_Delay)
    HAL_GPIO_Init                            0x08000b05   Thumb Code   398  stm32f2xx_hal_gpio.o(i.HAL_GPIO_Init)
    HAL_GPIO_ReadPin                         0x08000cc5   Thumb Code    10  stm32f2xx_hal_gpio.o(i.HAL_GPIO_ReadPin)
    HAL_GPIO_TogglePin                       0x08000ccf   Thumb Code     8  stm32f2xx_hal_gpio.o(i.HAL_GPIO_TogglePin)
    HAL_GPIO_WritePin                        0x08000cd7   Thumb Code    10  stm32f2xx_hal_gpio.o(i.HAL_GPIO_WritePin)
    HAL_GetTick                              0x08000ce1   Thumb Code     6  stm32f2xx_hal.o(i.HAL_GetTick)
    HAL_I2C_Init                             0x08000ced   Thumb Code   246  stm32f2xx_hal_i2c.o(i.HAL_I2C_Init)
    HAL_I2C_Mem_Read                         0x08000ded   Thumb Code   442  stm32f2xx_hal_i2c.o(i.HAL_I2C_Mem_Read)
    HAL_I2C_Mem_Write                        0x08000fb1   Thumb Code   228  stm32f2xx_hal_i2c.o(i.HAL_I2C_Mem_Write)
    HAL_I2C_MspInit                          0x0800109d   Thumb Code    70  i2c.o(i.HAL_I2C_MspInit)
    HAL_IncTick                              0x080010f5   Thumb Code    10  stm32f2xx_hal.o(i.HAL_IncTick)
    HAL_Init                                 0x08001105   Thumb Code    48  stm32f2xx_hal.o(i.HAL_Init)
    HAL_InitTick                             0x08001139   Thumb Code    34  stm32f2xx_hal.o(i.HAL_InitTick)
    HAL_MspInit                              0x0800115b   Thumb Code    68  stm32f2xx_hal_msp.o(i.HAL_MspInit)
    HAL_NVIC_EnableIRQ                       0x0800119f   Thumb Code    22  stm32f2xx_hal_cortex.o(i.HAL_NVIC_EnableIRQ)
    HAL_NVIC_SetPriority                     0x080011b5   Thumb Code    60  stm32f2xx_hal_cortex.o(i.HAL_NVIC_SetPriority)
    HAL_NVIC_SetPriorityGrouping             0x080011f5   Thumb Code    26  stm32f2xx_hal_cortex.o(i.HAL_NVIC_SetPriorityGrouping)
    HAL_RCC_ClockConfig                      0x08001219   Thumb Code   432  stm32f2xx_hal_rcc.o(i.HAL_RCC_ClockConfig)
    HAL_RCC_GetHCLKFreq                      0x080013d1   Thumb Code    38  stm32f2xx_hal_rcc.o(i.HAL_RCC_GetHCLKFreq)
    HAL_RCC_GetPCLK1Freq                     0x08001405   Thumb Code    36  stm32f2xx_hal_rcc.o(i.HAL_RCC_GetPCLK1Freq)
    HAL_RCC_GetPCLK2Freq                     0x08001431   Thumb Code    36  stm32f2xx_hal_rcc.o(i.HAL_RCC_GetPCLK2Freq)
    HAL_RCC_GetSysClockFreq                  0x0800145d   Thumb Code   104  stm32f2xx_hal_rcc.o(i.HAL_RCC_GetSysClockFreq)
    HAL_RCC_OscConfig                        0x080014cd   Thumb Code   802  stm32f2xx_hal_rcc.o(i.HAL_RCC_OscConfig)
    HAL_SYSTICK_CLKSourceConfig              0x08001805   Thumb Code    24  stm32f2xx_hal_cortex.o(i.HAL_SYSTICK_CLKSourceConfig)
    HAL_SYSTICK_Config                       0x0800181d   Thumb Code    40  stm32f2xx_hal_cortex.o(i.HAL_SYSTICK_Config)
    HAL_TIMEx_ConfigBreakDeadTime            0x08001845   Thumb Code    66  stm32f2xx_hal_tim_ex.o(i.HAL_TIMEx_ConfigBreakDeadTime)
    HAL_TIMEx_MasterConfigSynchronization    0x08001887   Thumb Code    80  stm32f2xx_hal_tim_ex.o(i.HAL_TIMEx_MasterConfigSynchronization)
    HAL_TIM_Base_Init                        0x080018d7   Thumb Code    54  stm32f2xx_hal_tim.o(i.HAL_TIM_Base_Init)
    HAL_TIM_Base_MspInit                     0x0800190d   Thumb Code    52  tim.o(i.HAL_TIM_Base_MspInit)
    HAL_TIM_Base_Start                       0x0800194d   Thumb Code    26  stm32f2xx_hal_tim.o(i.HAL_TIM_Base_Start)
    HAL_TIM_ConfigClockSource                0x08001967   Thumb Code   242  stm32f2xx_hal_tim.o(i.HAL_TIM_ConfigClockSource)
    HAL_TIM_Encoder_Init                     0x08001a59   Thumb Code   150  stm32f2xx_hal_tim.o(i.HAL_TIM_Encoder_Init)
    HAL_TIM_Encoder_MspInit                  0x08001af1   Thumb Code   176  tim.o(i.HAL_TIM_Encoder_MspInit)
    HAL_TIM_MspPostInit                      0x08001bbd   Thumb Code    70  tim.o(i.HAL_TIM_MspPostInit)
    HAL_TIM_PWM_ConfigChannel                0x08001c15   Thumb Code   208  stm32f2xx_hal_tim.o(i.HAL_TIM_PWM_ConfigChannel)
    HAL_TIM_PWM_Init                         0x08001ce5   Thumb Code    54  stm32f2xx_hal_tim.o(i.HAL_TIM_PWM_Init)
    HAL_TIM_PWM_MspInit                      0x08001d1b   Thumb Code     2  stm32f2xx_hal_tim.o(i.HAL_TIM_PWM_MspInit)
    HAL_TIM_PWM_Start                        0x08001d1d   Thumb Code    48  stm32f2xx_hal_tim.o(i.HAL_TIM_PWM_Start)
    HAL_UART_ErrorCallback                   0x08001d55   Thumb Code     2  stm32f2xx_hal_uart.o(i.HAL_UART_ErrorCallback)
    HAL_UART_Init                            0x08001d57   Thumb Code    94  stm32f2xx_hal_uart.o(i.HAL_UART_Init)
    HAL_UART_MspInit                         0x08001db5   Thumb Code   168  usart.o(i.HAL_UART_MspInit)
    HAL_UART_Receive_DMA                     0x08001e71   Thumb Code   122  stm32f2xx_hal_uart.o(i.HAL_UART_Receive_DMA)
    HAL_UART_RxCpltCallback                  0x08001ef9   Thumb Code     2  stm32f2xx_hal_uart.o(i.HAL_UART_RxCpltCallback)
    HAL_UART_RxHalfCpltCallback              0x08001efb   Thumb Code     2  stm32f2xx_hal_uart.o(i.HAL_UART_RxHalfCpltCallback)
    MX_ADC1_Init                             0x08002181   Thumb Code   152  adc.o(i.MX_ADC1_Init)
    MX_DMA_Init                              0x08002221   Thumb Code    88  dma.o(i.MX_DMA_Init)
    MX_FREERTOS_Init                         0x0800227d   Thumb Code    30  freertos.o(i.MX_FREERTOS_Init)
    MX_GPIO_Init                             0x080022a5   Thumb Code   228  gpio.o(i.MX_GPIO_Init)
    MX_I2C3_Init                             0x08002399   Thumb Code    34  i2c.o(i.MX_I2C3_Init)
    MX_TIM1_Init                             0x080023c9   Thumb Code   146  tim.o(i.MX_TIM1_Init)
    MX_TIM2_Init                             0x08002465   Thumb Code    66  tim.o(i.MX_TIM2_Init)
    MX_TIM3_Init                             0x080024ad   Thumb Code    70  tim.o(i.MX_TIM3_Init)
    MX_TIM4_Init                             0x080024fd   Thumb Code    70  tim.o(i.MX_TIM4_Init)
    MX_TIM5_Init                             0x0800254d   Thumb Code    70  tim.o(i.MX_TIM5_Init)
    MX_TIM9_Init                             0x0800259d   Thumb Code    82  tim.o(i.MX_TIM9_Init)
    MX_USART3_UART_Init                      0x080025f9   Thumb Code    32  usart.o(i.MX_USART3_UART_Init)
    StartDefaultTask                         0x08002641   Thumb Code     8  freertos.o(i.StartDefaultTask)
    SysTick_Handler                          0x08002649   Thumb Code    14  stm32f2xx_it.o(i.SysTick_Handler)
    SystemClock_Config                       0x08002657   Thumb Code   100  main.o(i.SystemClock_Config)
    SystemInit                               0x080026bd   Thumb Code    54  system_stm32f2xx.o(i.SystemInit)
    TIM_Base_SetConfig                       0x08002705   Thumb Code   148  stm32f2xx_hal_tim.o(i.TIM_Base_SetConfig)
    TIM_CCxChannelCmd                        0x080027c5   Thumb Code    22  stm32f2xx_hal_tim.o(i.TIM_CCxChannelCmd)
    TIM_OC2_SetConfig                        0x08002859   Thumb Code    90  stm32f2xx_hal_tim.o(i.TIM_OC2_SetConfig)
    __scatterload_copy                       0x08002b89   Thumb Code    14  handlers.o(i.__scatterload_copy)
    __scatterload_null                       0x08002b97   Thumb Code     2  handlers.o(i.__scatterload_null)
    __scatterload_zeroinit                   0x08002b99   Thumb Code    14  handlers.o(i.__scatterload_zeroinit)
    adc_init_values                          0x08002ba9   Thumb Code    22  main.o(i.adc_init_values)
    main                                     0x08002c25   Thumb Code   304  main.o(i.main)
    motor_rotate_backward                    0x08002d89   Thumb Code   390  main.o(i.motor_rotate_backward)
    motor_rotate_forward                     0x08002f15   Thumb Code   380  main.o(i.motor_rotate_forward)
    osDelay                                  0x080030fd   Thumb Code    14  cmsis_os.o(i.osDelay)
    osKernelStart                            0x0800310b   Thumb Code    10  cmsis_os.o(i.osKernelStart)
    osSemaphoreCreate                        0x08003115   Thumb Code    38  cmsis_os.o(i.osSemaphoreCreate)
    osSemaphoreWait                          0x0800313d   Thumb Code    92  cmsis_os.o(i.osSemaphoreWait)
    osSystickHandler                         0x0800319d   Thumb Code    20  cmsis_os.o(i.osSystickHandler)
    osThreadCreate                           0x080031b1   Thumb Code    56  cmsis_os.o(i.osThreadCreate)
    packet_form                              0x080031e9   Thumb Code    96  main.o(i.packet_form)
    pvPortMalloc                             0x080034b5   Thumb Code   182  heap_4.o(i.pvPortMalloc)
    pvTaskIncrementMutexHeldCount            0x08003571   Thumb Code    18  tasks.o(i.pvTaskIncrementMutexHeldCount)
    pxPortInitialiseStack                    0x08003589   Thumb Code    28  port.o(i.pxPortInitialiseStack)
    uxListRemove                             0x080035f9   Thumb Code    36  list.o(i.uxListRemove)
    vListInitialise                          0x0800361d   Thumb Code    22  list.o(i.vListInitialise)
    vListInitialiseItem                      0x08003633   Thumb Code     6  list.o(i.vListInitialiseItem)
    vListInsert                              0x08003639   Thumb Code    48  list.o(i.vListInsert)
    vListInsertEnd                           0x08003669   Thumb Code    24  list.o(i.vListInsertEnd)
    vPortEnterCritical                       0x08003681   Thumb Code    46  port.o(i.vPortEnterCritical)
    vPortExitCritical                        0x080036b9   Thumb Code    30  port.o(i.vPortExitCritical)
    vPortFree                                0x080036dd   Thumb Code    68  heap_4.o(i.vPortFree)
    vPortSetupTimerInterrupt                 0x08003725   Thumb Code    26  port.o(i.vPortSetupTimerInterrupt)
    vPortValidateInterruptPriority           0x08003745   Thumb Code    54  port.o(i.vPortValidateInterruptPriority)
    vPortYield                               0x08003785   Thumb Code    18  port.o(i.vPortYield)
    vTaskDelay                               0x0800379d   Thumb Code    76  tasks.o(i.vTaskDelay)
    vTaskMissedYield                         0x080037ed   Thumb Code     8  tasks.o(i.vTaskMissedYield)
    vTaskPlaceOnEventList                    0x080037f9   Thumb Code    80  tasks.o(i.vTaskPlaceOnEventList)
    vTaskPriorityInherit                     0x08003851   Thumb Code   124  tasks.o(i.vTaskPriorityInherit)
    vTaskSetTimeOutState                     0x080038d5   Thumb Code    22  tasks.o(i.vTaskSetTimeOutState)
    vTaskStartScheduler                      0x080038f1   Thumb Code    60  tasks.o(i.vTaskStartScheduler)
    vTaskSuspendAll                          0x0800393d   Thumb Code    10  tasks.o(i.vTaskSuspendAll)
    vTaskSwitchContext                       0x0800394d   Thumb Code    74  tasks.o(i.vTaskSwitchContext)
    xPortStartScheduler                      0x080039a1   Thumb Code   102  port.o(i.xPortStartScheduler)
    xPortSysTickHandler                      0x08003a15   Thumb Code    30  port.o(i.xPortSysTickHandler)
    xQueueGenericCreate                      0x08003a39   Thumb Code    80  queue.o(i.xQueueGenericCreate)
    xQueueGenericReceive                     0x08003a89   Thumb Code   302  queue.o(i.xQueueGenericReceive)
    xQueueGenericReset                       0x08003bb7   Thumb Code   106  queue.o(i.xQueueGenericReset)
    xQueueGenericSend                        0x08003c21   Thumb Code   276  queue.o(i.xQueueGenericSend)
    xQueueReceiveFromISR                     0x08003d35   Thumb Code   118  queue.o(i.xQueueReceiveFromISR)
    xTaskCheckForTimeOut                     0x08003dad   Thumb Code    82  tasks.o(i.xTaskCheckForTimeOut)
    xTaskGenericCreate                       0x08003e05   Thumb Code   388  tasks.o(i.xTaskGenericCreate)
    xTaskGetSchedulerState                   0x08003f91   Thumb Code    22  tasks.o(i.xTaskGetSchedulerState)
    xTaskIncrementTick                       0x08003fad   Thumb Code   184  tasks.o(i.xTaskIncrementTick)
    xTaskPriorityDisinherit                  0x0800406d   Thumb Code   124  tasks.o(i.xTaskPriorityDisinherit)
    xTaskRemoveFromEventList                 0x080040f1   Thumb Code    98  tasks.o(i.xTaskRemoveFromEventList)
    xTaskResumeAll                           0x0800415d   Thumb Code   162  tasks.o(i.xTaskResumeAll)
    APBAHBPrescTable                         0x0800426c   Data          16  stm32f2xx_hal_rcc.o(.constdata)
    Region$$Table$$Base                      0x080042b0   Number         0  anon$$obj.o(Region$$Table)
    Region$$Table$$Limit                     0x080042d0   Number         0  anon$$obj.o(Region$$Table)
    state                                    0x20000000   Data           1  main.o(.data)
    anv                                      0x20000001   Data           1  main.o(.data)
    status2                                  0x20000002   Data           1  main.o(.data)
    recev                                    0x20000003   Data           1  main.o(.data)
    hscheduler                               0x20000004   Data           4  main.o(.data)
    hmotor                                   0x20000008   Data           4  main.o(.data)
    hled                                     0x2000000c   Data           4  main.o(.data)
    sema_sched_id                            0x20000010   Data           4  main.o(.data)
    accel_data                               0x20000014   Data           6  main.o(.data)
    gyro_data                                0x2000001a   Data           6  main.o(.data)
    defaultTaskHandle                        0x20000020   Data           4  freertos.o(.data)
    pxCurrentTCB                             0x20000024   Data           4  tasks.o(.data)
    SystemCoreClock                          0x20000084   Data           4  system_stm32f2xx.o(.data)
    packet                                   0x20000088   Data          33  main.o(.bss)
    imu_data                                 0x200000ac   Data          24  main.o(.bss)
    adc_values                               0x200000c4   Data          28  main.o(.bss)
    htim1                                    0x200000e0   Data          60  tim.o(.bss)
    htim2                                    0x2000011c   Data          60  tim.o(.bss)
    htim3                                    0x20000158   Data          60  tim.o(.bss)
    htim4                                    0x20000194   Data          60  tim.o(.bss)
    htim5                                    0x200001d0   Data          60  tim.o(.bss)
    htim9                                    0x2000020c   Data          60  tim.o(.bss)
    hadc1                                    0x20000248   Data          72  adc.o(.bss)
    hdma_adc1                                0x20000290   Data          88  adc.o(.bss)
    huart3                                   0x200002e8   Data          64  usart.o(.bss)
    hdma_usart3_rx                           0x20000328   Data          88  usart.o(.bss)
    hdma_usart3_tx                           0x20000380   Data          88  usart.o(.bss)
    hi2c3                                    0x200003d8   Data          60  i2c.o(.bss)
    __initial_sp                             0x20004508   Data           0  startup_stm32f207xx.o(STACK)



==============================================================================

Memory Map of the image

  Image Entry point : 0x08000185

  Load Region LR_IROM1 (Base: 0x08000000, Size: 0x00004358, Max: 0x00040000, ABSOLUTE)

    Execution Region ER_IROM1 (Base: 0x08000000, Size: 0x000042d0, Max: 0x00040000, ABSOLUTE)

    Base Addr    Size         Type   Attr      Idx    E Section Name        Object

    0x08000000   0x00000184   Data   RO            3    RESET               startup_stm32f207xx.o
    0x08000184   0x00000000   Code   RO         4309  * .ARM.Collect$$$$00000000  mc_w.l(entry.o)
    0x08000184   0x00000004   Code   RO         4318    .ARM.Collect$$$$00000001  mc_w.l(entry2.o)
    0x08000188   0x00000004   Code   RO         4321    .ARM.Collect$$$$00000004  mc_w.l(entry5.o)
    0x0800018c   0x00000000   Code   RO         4323    .ARM.Collect$$$$00000008  mc_w.l(entry7b.o)
    0x0800018c   0x00000000   Code   RO         4325    .ARM.Collect$$$$0000000A  mc_w.l(entry8b.o)
    0x0800018c   0x00000008   Code   RO         4326    .ARM.Collect$$$$0000000B  mc_w.l(entry9a.o)
    0x08000194   0x00000000   Code   RO         4328    .ARM.Collect$$$$0000000D  mc_w.l(entry10a.o)
    0x08000194   0x00000000   Code   RO         4330    .ARM.Collect$$$$0000000F  mc_w.l(entry11a.o)
    0x08000194   0x00000004   Code   RO         4319    .ARM.Collect$$$$00002712  mc_w.l(entry2.o)
    0x08000198   0x000000a2   Code   RO          950    .emb_text           port.o
    0x0800023a   0x00000002   PAD
    0x0800023c   0x00000024   Code   RO            4    .text               startup_stm32f207xx.o
    0x08000260   0x00000024   Code   RO         4312    .text               mc_w.l(memcpya.o)
    0x08000284   0x00000024   Code   RO         4314    .text               mc_w.l(memseta.o)
    0x080002a8   0x00000024   Code   RO         4332    .text               mc_w.l(init.o)
    0x080002cc   0x00000062   Code   RO         1704    i.ADC_DMAConvCplt   stm32f2xx_hal_adc.o
    0x0800032e   0x00000016   Code   RO         1705    i.ADC_DMAError      stm32f2xx_hal_adc.o
    0x08000344   0x0000000a   Code   RO         1706    i.ADC_DMAHalfConvCplt  stm32f2xx_hal_adc.o
    0x0800034e   0x00000002   PAD
    0x08000350   0x00000134   Code   RO         1707    i.ADC_Init          stm32f2xx_hal_adc.o
    0x08000484   0x0000000c   Code   RO          542    i.DMA1_Stream1_IRQHandler  stm32f2xx_it.o
    0x08000490   0x0000000c   Code   RO          543    i.DMA1_Stream3_IRQHandler  stm32f2xx_it.o
    0x0800049c   0x0000000c   Code   RO          544    i.DMA2_Stream0_IRQHandler  stm32f2xx_it.o
    0x080004a8   0x00000028   Code   RO         3278    i.DMA_CalcBaseAndBitshift  stm32f2xx_hal_dma.o
    0x080004d0   0x00000028   Code   RO         3279    i.DMA_SetConfig     stm32f2xx_hal_dma.o
    0x080004f8   0x00000054   Code   RO           13    i.GPIO_pwm          main.o
    0x0800054c   0x00000150   Code   RO         1709    i.HAL_ADC_ConfigChannel  stm32f2xx_hal_adc.o
    0x0800069c   0x00000002   Code   RO         1710    i.HAL_ADC_ConvCpltCallback  stm32f2xx_hal_adc.o
    0x0800069e   0x00000002   Code   RO         1711    i.HAL_ADC_ConvHalfCpltCallback  stm32f2xx_hal_adc.o
    0x080006a0   0x00000002   Code   RO         1713    i.HAL_ADC_ErrorCallback  stm32f2xx_hal_adc.o
    0x080006a2   0x00000054   Code   RO         1718    i.HAL_ADC_Init      stm32f2xx_hal_adc.o
    0x080006f6   0x00000002   PAD
    0x080006f8   0x00000094   Code   RO          369    i.HAL_ADC_MspInit   adc.o
    0x0800078c   0x000000fc   Code   RO         1725    i.HAL_ADC_Start_DMA  stm32f2xx_hal_adc.o
    0x08000888   0x000001a0   Code   RO         3284    i.HAL_DMA_IRQHandler  stm32f2xx_hal_dma.o
    0x08000a28   0x00000078   Code   RO         3285    i.HAL_DMA_Init      stm32f2xx_hal_dma.o
    0x08000aa0   0x0000004e   Code   RO         3288    i.HAL_DMA_Start_IT  stm32f2xx_hal_dma.o
    0x08000aee   0x00000016   Code   RO         2508    i.HAL_Delay         stm32f2xx_hal.o
    0x08000b04   0x000001c0   Code   RO         4089    i.HAL_GPIO_Init     stm32f2xx_hal_gpio.o
    0x08000cc4   0x0000000a   Code   RO         4091    i.HAL_GPIO_ReadPin  stm32f2xx_hal_gpio.o
    0x08000cce   0x00000008   Code   RO         4092    i.HAL_GPIO_TogglePin  stm32f2xx_hal_gpio.o
    0x08000cd6   0x0000000a   Code   RO         4093    i.HAL_GPIO_WritePin  stm32f2xx_hal_gpio.o
    0x08000ce0   0x0000000c   Code   RO         2514    i.HAL_GetTick       stm32f2xx_hal.o
    0x08000cec   0x00000100   Code   RO         3754    i.HAL_I2C_Init      stm32f2xx_hal_i2c.o
    0x08000dec   0x000001c4   Code   RO         3766    i.HAL_I2C_Mem_Read  stm32f2xx_hal_i2c.o
    0x08000fb0   0x000000ec   Code   RO         3769    i.HAL_I2C_Mem_Write  stm32f2xx_hal_i2c.o
    0x0800109c   0x00000058   Code   RO          501    i.HAL_I2C_MspInit   i2c.o
    0x080010f4   0x00000010   Code   RO         2515    i.HAL_IncTick       stm32f2xx_hal.o
    0x08001104   0x00000034   Code   RO         2516    i.HAL_Init          stm32f2xx_hal.o
    0x08001138   0x00000022   Code   RO         2517    i.HAL_InitTick      stm32f2xx_hal.o
    0x0800115a   0x00000044   Code   RO          632    i.HAL_MspInit       stm32f2xx_hal_msp.o
    0x0800119e   0x00000016   Code   RO         4155    i.HAL_NVIC_EnableIRQ  stm32f2xx_hal_cortex.o
    0x080011b4   0x00000040   Code   RO         4161    i.HAL_NVIC_SetPriority  stm32f2xx_hal_cortex.o
    0x080011f4   0x00000024   Code   RO         4162    i.HAL_NVIC_SetPriorityGrouping  stm32f2xx_hal_cortex.o
    0x08001218   0x000001b8   Code   RO         2397    i.HAL_RCC_ClockConfig  stm32f2xx_hal_rcc.o
    0x080013d0   0x00000034   Code   RO         2402    i.HAL_RCC_GetHCLKFreq  stm32f2xx_hal_rcc.o
    0x08001404   0x0000002c   Code   RO         2404    i.HAL_RCC_GetPCLK1Freq  stm32f2xx_hal_rcc.o
    0x08001430   0x0000002c   Code   RO         2405    i.HAL_RCC_GetPCLK2Freq  stm32f2xx_hal_rcc.o
    0x0800145c   0x00000070   Code   RO         2406    i.HAL_RCC_GetSysClockFreq  stm32f2xx_hal_rcc.o
    0x080014cc   0x00000338   Code   RO         2409    i.HAL_RCC_OscConfig  stm32f2xx_hal_rcc.o
    0x08001804   0x00000018   Code   RO         4164    i.HAL_SYSTICK_CLKSourceConfig  stm32f2xx_hal_cortex.o
    0x0800181c   0x00000028   Code   RO         4166    i.HAL_SYSTICK_Config  stm32f2xx_hal_cortex.o
    0x08001844   0x00000042   Code   RO         3393    i.HAL_TIMEx_ConfigBreakDeadTime  stm32f2xx_hal_tim_ex.o
    0x08001886   0x00000050   Code   RO         3408    i.HAL_TIMEx_MasterConfigSynchronization  stm32f2xx_hal_tim_ex.o
    0x080018d6   0x00000036   Code   RO         2649    i.HAL_TIM_Base_Init  stm32f2xx_hal_tim.o
    0x0800190c   0x00000040   Code   RO          279    i.HAL_TIM_Base_MspInit  tim.o
    0x0800194c   0x0000001a   Code   RO         2652    i.HAL_TIM_Base_Start  stm32f2xx_hal_tim.o
    0x08001966   0x000000f2   Code   RO         2658    i.HAL_TIM_ConfigClockSource  stm32f2xx_hal_tim.o
    0x08001a58   0x00000096   Code   RO         2667    i.HAL_TIM_Encoder_Init  stm32f2xx_hal_tim.o
    0x08001aee   0x00000002   PAD
    0x08001af0   0x000000cc   Code   RO          281    i.HAL_TIM_Encoder_MspInit  tim.o
    0x08001bbc   0x00000058   Code   RO          282    i.HAL_TIM_MspPostInit  tim.o
    0x08001c14   0x000000d0   Code   RO         2715    i.HAL_TIM_PWM_ConfigChannel  stm32f2xx_hal_tim.o
    0x08001ce4   0x00000036   Code   RO         2718    i.HAL_TIM_PWM_Init  stm32f2xx_hal_tim.o
    0x08001d1a   0x00000002   Code   RO         2720    i.HAL_TIM_PWM_MspInit  stm32f2xx_hal_tim.o
    0x08001d1c   0x00000038   Code   RO         2722    i.HAL_TIM_PWM_Start  stm32f2xx_hal_tim.o
    0x08001d54   0x00000002   Code   RO         1886    i.HAL_UART_ErrorCallback  stm32f2xx_hal_uart.o
    0x08001d56   0x0000005e   Code   RO         1890    i.HAL_UART_Init     stm32f2xx_hal_uart.o
    0x08001db4   0x000000bc   Code   RO          435    i.HAL_UART_MspInit  usart.o
    0x08001e70   0x00000088   Code   RO         1894    i.HAL_UART_Receive_DMA  stm32f2xx_hal_uart.o
    0x08001ef8   0x00000002   Code   RO         1896    i.HAL_UART_RxCpltCallback  stm32f2xx_hal_uart.o
    0x08001efa   0x00000002   Code   RO         1897    i.HAL_UART_RxHalfCpltCallback  stm32f2xx_hal_uart.o
    0x08001efc   0x000000e0   Code   RO         3793    i.I2C_RequestMemoryRead  stm32f2xx_hal_i2c.o
    0x08001fdc   0x00000090   Code   RO         3794    i.I2C_RequestMemoryWrite  stm32f2xx_hal_i2c.o
    0x0800206c   0x0000008a   Code   RO         3795    i.I2C_WaitOnFlagUntilTimeout  stm32f2xx_hal_i2c.o
    0x080020f6   0x00000002   PAD
    0x080020f8   0x00000088   Code   RO         3796    i.I2C_WaitOnMasterAddressFlagUntilTimeout  stm32f2xx_hal_i2c.o
    0x08002180   0x000000a0   Code   RO          370    i.MX_ADC1_Init      adc.o
    0x08002220   0x0000005c   Code   RO          410    i.MX_DMA_Init       dma.o
    0x0800227c   0x00000028   Code   RO          587    i.MX_FREERTOS_Init  freertos.o
    0x080022a4   0x000000f4   Code   RO          476    i.MX_GPIO_Init      gpio.o
    0x08002398   0x00000030   Code   RO          502    i.MX_I2C3_Init      i2c.o
    0x080023c8   0x0000009c   Code   RO          283    i.MX_TIM1_Init      tim.o
    0x08002464   0x00000048   Code   RO          284    i.MX_TIM2_Init      tim.o
    0x080024ac   0x00000050   Code   RO          285    i.MX_TIM3_Init      tim.o
    0x080024fc   0x00000050   Code   RO          286    i.MX_TIM4_Init      tim.o
    0x0800254c   0x00000050   Code   RO          287    i.MX_TIM5_Init      tim.o
    0x0800259c   0x0000005c   Code   RO          288    i.MX_TIM9_Init      tim.o
    0x080025f8   0x00000028   Code   RO          436    i.MX_USART3_UART_Init  usart.o
    0x08002620   0x00000020   Code   RO         4168    i.NVIC_SetPriority  stm32f2xx_hal_cortex.o
    0x08002640   0x00000008   Code   RO          588    i.StartDefaultTask  freertos.o
    0x08002648   0x0000000e   Code   RO          545    i.SysTick_Handler   stm32f2xx_it.o
    0x08002656   0x00000064   Code   RO           14    i.SystemClock_Config  main.o
    0x080026ba   0x00000002   PAD
    0x080026bc   0x00000048   Code   RO         4276    i.SystemInit        system_stm32f2xx.o
    0x08002704   0x000000c0   Code   RO         2733    i.TIM_Base_SetConfig  stm32f2xx_hal_tim.o
    0x080027c4   0x00000016   Code   RO         2734    i.TIM_CCxChannelCmd  stm32f2xx_hal_tim.o
    0x080027da   0x00000014   Code   RO         2740    i.TIM_ETR_SetConfig  stm32f2xx_hal_tim.o
    0x080027ee   0x00000010   Code   RO         2741    i.TIM_ITRx_SetConfig  stm32f2xx_hal_tim.o
    0x080027fe   0x00000002   PAD
    0x08002800   0x00000058   Code   RO         2742    i.TIM_OC1_SetConfig  stm32f2xx_hal_tim.o
    0x08002858   0x00000064   Code   RO         2743    i.TIM_OC2_SetConfig  stm32f2xx_hal_tim.o
    0x080028bc   0x00000060   Code   RO         2744    i.TIM_OC3_SetConfig  stm32f2xx_hal_tim.o
    0x0800291c   0x00000050   Code   RO         2745    i.TIM_OC4_SetConfig  stm32f2xx_hal_tim.o
    0x0800296c   0x00000022   Code   RO         2747    i.TIM_TI1_ConfigInputStage  stm32f2xx_hal_tim.o
    0x0800298e   0x00000024   Code   RO         2749    i.TIM_TI2_ConfigInputStage  stm32f2xx_hal_tim.o
    0x080029b2   0x0000001e   Code   RO         1903    i.UART_DMAError     stm32f2xx_hal_uart.o
    0x080029d0   0x00000036   Code   RO         1904    i.UART_DMAReceiveCplt  stm32f2xx_hal_uart.o
    0x08002a06   0x0000000a   Code   RO         1905    i.UART_DMARxHalfCplt  stm32f2xx_hal_uart.o
    0x08002a10   0x00000178   Code   RO         1909    i.UART_SetConfig    stm32f2xx_hal_uart.o
    0x08002b88   0x0000000e   Code   RO         4336    i.__scatterload_copy  mc_w.l(handlers.o)
    0x08002b96   0x00000002   Code   RO         4337    i.__scatterload_null  mc_w.l(handlers.o)
    0x08002b98   0x0000000e   Code   RO         4338    i.__scatterload_zeroinit  mc_w.l(handlers.o)
    0x08002ba6   0x00000002   PAD
    0x08002ba8   0x0000001c   Code   RO           15    i.adc_init_values   main.o
    0x08002bc4   0x00000018   Code   RO           17    i.imu_thread        main.o
    0x08002bdc   0x0000000c   Code   RO         1323    i.inHandlerMode     cmsis_os.o
    0x08002be8   0x0000003c   Code   RO           18    i.led_thread        main.o
    0x08002c24   0x00000158   Code   RO           19    i.main              main.o
    0x08002d7c   0x0000000c   Code   RO         1325    i.makeFreeRtosPriority  cmsis_os.o
    0x08002d88   0x0000018c   Code   RO           20    i.motor_rotate_backward  main.o
    0x08002f14   0x00000180   Code   RO           21    i.motor_rotate_forward  main.o
    0x08003094   0x00000068   Code   RO           22    i.motor_thread      main.o
    0x080030fc   0x0000000e   Code   RO         1326    i.osDelay           cmsis_os.o
    0x0800310a   0x0000000a   Code   RO         1329    i.osKernelStart     cmsis_os.o
    0x08003114   0x00000026   Code   RO         1352    i.osSemaphoreCreate  cmsis_os.o
    0x0800313a   0x00000002   PAD
    0x0800313c   0x00000060   Code   RO         1355    i.osSemaphoreWait   cmsis_os.o
    0x0800319c   0x00000014   Code   RO         1358    i.osSystickHandler  cmsis_os.o
    0x080031b0   0x00000038   Code   RO         1359    i.osThreadCreate    cmsis_os.o
    0x080031e8   0x00000064   Code   RO           23    i.packet_form       main.o
    0x0800324c   0x00000034   Code   RO          662    i.prvAddCurrentTaskToDelayedList  tasks.o
    0x08003280   0x00000054   Code   RO          663    i.prvCheckTasksWaitingTermination  tasks.o
    0x080032d4   0x00000026   Code   RO         1128    i.prvCopyDataFromQueue  queue.o
    0x080032fa   0x0000006e   Code   RO         1129    i.prvCopyDataToQueue  queue.o
    0x08003368   0x0000004c   Code   RO         1272    i.prvHeapInit       heap_4.o
    0x080033b4   0x00000018   Code   RO          664    i.prvIdleTask       tasks.o
    0x080033cc   0x0000004c   Code   RO         1273    i.prvInsertBlockIntoFreeList  heap_4.o
    0x08003418   0x00000020   Code   RO          666    i.prvResetNextTaskUnblockTime  tasks.o
    0x08003438   0x00000018   Code   RO          951    i.prvTaskExitError  port.o
    0x08003450   0x00000064   Code   RO         1130    i.prvUnlockQueue    queue.o
    0x080034b4   0x000000bc   Code   RO         1274    i.pvPortMalloc      heap_4.o
    0x08003570   0x00000018   Code   RO          668    i.pvTaskIncrementMutexHeldCount  tasks.o
    0x08003588   0x00000020   Code   RO          952    i.pxPortInitialiseStack  port.o
    0x080035a8   0x00000050   Code   RO           24    i.scheduler_thread  main.o
    0x080035f8   0x00000024   Code   RO         1021    i.uxListRemove      list.o
    0x0800361c   0x00000016   Code   RO         1022    i.vListInitialise   list.o
    0x08003632   0x00000006   Code   RO         1023    i.vListInitialiseItem  list.o
    0x08003638   0x00000030   Code   RO         1024    i.vListInsert       list.o
    0x08003668   0x00000018   Code   RO         1025    i.vListInsertEnd    list.o
    0x08003680   0x00000038   Code   RO          954    i.vPortEnterCritical  port.o
    0x080036b8   0x00000024   Code   RO          955    i.vPortExitCritical  port.o
    0x080036dc   0x00000048   Code   RO         1275    i.vPortFree         heap_4.o
    0x08003724   0x00000020   Code   RO          956    i.vPortSetupTimerInterrupt  port.o
    0x08003744   0x00000040   Code   RO          957    i.vPortValidateInterruptPriority  port.o
    0x08003784   0x00000018   Code   RO          958    i.vPortYield        port.o
    0x0800379c   0x00000050   Code   RO          676    i.vTaskDelay        tasks.o
    0x080037ec   0x0000000c   Code   RO          679    i.vTaskMissedYield  tasks.o
    0x080037f8   0x00000058   Code   RO          681    i.vTaskPlaceOnEventList  tasks.o
    0x08003850   0x00000084   Code   RO          683    i.vTaskPriorityInherit  tasks.o
    0x080038d4   0x0000001c   Code   RO          687    i.vTaskSetTimeOutState  tasks.o
    0x080038f0   0x0000004c   Code   RO          688    i.vTaskStartScheduler  tasks.o
    0x0800393c   0x00000010   Code   RO          690    i.vTaskSuspendAll   tasks.o
    0x0800394c   0x00000054   Code   RO          691    i.vTaskSwitchContext  tasks.o
    0x080039a0   0x00000074   Code   RO          959    i.xPortStartScheduler  port.o
    0x08003a14   0x00000024   Code   RO          960    i.xPortSysTickHandler  port.o
    0x08003a38   0x00000050   Code   RO         1141    i.xQueueGenericCreate  queue.o
    0x08003a88   0x0000012e   Code   RO         1142    i.xQueueGenericReceive  queue.o
    0x08003bb6   0x0000006a   Code   RO         1143    i.xQueueGenericReset  queue.o
    0x08003c20   0x00000114   Code   RO         1144    i.xQueueGenericSend  queue.o
    0x08003d34   0x00000076   Code   RO         1150    i.xQueueReceiveFromISR  queue.o
    0x08003daa   0x00000002   PAD
    0x08003dac   0x00000058   Code   RO          692    i.xTaskCheckForTimeOut  tasks.o
    0x08003e04   0x0000018c   Code   RO          693    i.xTaskGenericCreate  tasks.o
    0x08003f90   0x0000001c   Code   RO          696    i.xTaskGetSchedulerState  tasks.o
    0x08003fac   0x000000c0   Code   RO          699    i.xTaskIncrementTick  tasks.o
    0x0800406c   0x00000084   Code   RO          702    i.xTaskPriorityDisinherit  tasks.o
    0x080040f0   0x0000006c   Code   RO          703    i.xTaskRemoveFromEventList  tasks.o
    0x0800415c   0x000000ac   Code   RO          705    i.xTaskResumeAll    tasks.o
    0x08004208   0x00000050   Data   RO           34    .constdata          main.o
    0x08004258   0x00000014   Data   RO          589    .constdata          freertos.o
    0x0800426c   0x00000010   Data   RO         2410    .constdata          stm32f2xx_hal_rcc.o
    0x0800427c   0x00000008   Data   RO         3289    .constdata          stm32f2xx_hal_dma.o
    0x08004284   0x00000020   Data   RO           35    .conststring        main.o
    0x080042a4   0x0000000c   Data   RO          590    .conststring        freertos.o
    0x080042b0   0x00000020   Data   RO         4334    Region$$Table       anon$$obj.o


    Execution Region RW_IRAM1 (Base: 0x20000000, Size: 0x00004508, Max: 0x00020000, ABSOLUTE)

    Base Addr    Size         Type   Attr      Idx    E Section Name        Object

    0x20000000   0x00000020   Data   RW           36    .data               main.o
    0x20000020   0x00000004   Data   RW          591    .data               freertos.o
    0x20000024   0x00000038   Data   RW          708    .data               tasks.o
    0x2000005c   0x0000000c   Data   RW          961    .data               port.o
    0x20000068   0x00000018   Data   RW         1280    .data               heap_4.o
    0x20000080   0x00000004   Data   RW         2522    .data               stm32f2xx_hal.o
    0x20000084   0x00000004   Data   RW         4278    .data               system_stm32f2xx.o
    0x20000088   0x00000058   Zero   RW           25    .bss                main.o
    0x200000e0   0x00000168   Zero   RW          289    .bss                tim.o
    0x20000248   0x000000a0   Zero   RW          371    .bss                adc.o
    0x200002e8   0x000000f0   Zero   RW          437    .bss                usart.o
    0x200003d8   0x0000003c   Zero   RW          503    .bss                i2c.o
    0x20000414   0x000000f0   Zero   RW          707    .bss                tasks.o
    0x20000504   0x00003c00   Zero   RW         1279    .bss                heap_4.o
    0x20004104   0x00000004   PAD
    0x20004108   0x00000400   Zero   RW            1    STACK               startup_stm32f207xx.o


==============================================================================

Image component sizes


      Code (inc. data)   RO Data    RW Data    ZI Data      Debug   Object Name

       308         34          0          0        160       1779   adc.o
       258          4          0          0          0      11654   cmsis_os.o
        92          4          0          0          0        818   dma.o
        48         10         32          4          0       1682   freertos.o
       244         16          0          0          0       1059   gpio.o
       412         24          0         24      15360       4323   heap_4.o
       136         32          0          0         60       1561   i2c.o
       136          0          0          0          0       3490   list.o
      1704        114        112         32         88     407561   main.o
       582         78          0         12          0       8766   port.o
      1130          0          0          0          0       9757   queue.o
        36          8        388          0       1024        820   startup_stm32f207xx.o
       136         16          0          4          0       4130   stm32f2xx_hal.o
      1116         46          0          0          0       7089   stm32f2xx_hal_adc.o
       218         14          0          0          0      28109   stm32f2xx_hal_cortex.o
       694         14          8          0          0       4463   stm32f2xx_hal_dma.o
       476         50          0          0          0       3756   stm32f2xx_hal_gpio.o
      1586         38          0          0          0       8498   stm32f2xx_hal_i2c.o
        68          0          0          0          0        498   stm32f2xx_hal_msp.o
      1516         68         16          0          0       5999   stm32f2xx_hal_rcc.o
      1476         88          0          0          0      13694   stm32f2xx_hal_tim.o
       146          0          0          0          0       2068   stm32f2xx_hal_tim_ex.o
       706         24          0          0          0       6348   stm32f2xx_hal_uart.o
        50         18          0          0          0       1844   stm32f2xx_it.o
        72         18          0          4          0       1373   system_stm32f2xx.o
      1848        146          0         56        240      20364   tasks.o
       916        114          0          0        360       6163   tim.o
       228         28          0          0        240       1776   usart.o

    ----------------------------------------------------------------------
     16356       1006        588        136      17536     569442   Object Totals
         0          0         32          0          0          0   (incl. Generated)
        18          0          0          0          4          0   (incl. Padding)

    ----------------------------------------------------------------------

      Code (inc. data)   RO Data    RW Data    ZI Data      Debug   Library Member Name

         0          0          0          0          0          0   entry.o
         0          0          0          0          0          0   entry10a.o
         0          0          0          0          0          0   entry11a.o
         8          4          0          0          0          0   entry2.o
         4          0          0          0          0          0   entry5.o
         0          0          0          0          0          0   entry7b.o
         0          0          0          0          0          0   entry8b.o
         8          4          0          0          0          0   entry9a.o
        30          0          0          0          0          0   handlers.o
        36          8          0          0          0         68   init.o
        36          0          0          0          0         68   memcpya.o
        36          0          0          0          0        108   memseta.o

    ----------------------------------------------------------------------
       160         16          0          0          0        244   Library Totals
         2          0          0          0          0          0   (incl. Padding)

    ----------------------------------------------------------------------

      Code (inc. data)   RO Data    RW Data    ZI Data      Debug   Library Name

       158         16          0          0          0        244   mc_w.l

    ----------------------------------------------------------------------
       160         16          0          0          0        244   Library Totals

    ----------------------------------------------------------------------

==============================================================================


      Code (inc. data)   RO Data    RW Data    ZI Data      Debug   

     16516       1022        588        136      17536     561466   Grand Totals
     16516       1022        588        136      17536     561466   ELF Image Totals
     16516       1022        588        136          0          0   ROM Totals

==============================================================================

    Total RO  Size (Code + RO Data)                17104 (  16.70kB)
    Total RW  Size (RW Data + ZI Data)             17672 (  17.26kB)
    Total ROM Size (Code + RO Data + RW Data)      17240 (  16.84kB)

==============================================================================

