<html>
<body>
<pre>
<h1>µVision Build Log</h1>
<h2>Tool Versions:</h2>
IDE-Version: µVision V5.20.0.0
Copyright (C) 2016 ARM Ltd and ARM Germany GmbH. All rights reserved.
License Information: Akshay Singh, CU Boulder, LIC=----
 
Tool Versions:
Toolchain:       MDK-Lite  Version: 5.20
Toolchain Path:  C:\Keil_v5\ARM\ARMCC\Bin
C Compiler:      Armcc.exe V5.06 update 2 (build 183)
Assembler:       Armasm.exe V5.06 update 2 (build 183)
Linker/Locator:  ArmLink.exe V5.06 update 2 (build 183)
Library Manager: ArmAr.exe V5.06 update 2 (build 183)
Hex Converter:   FromElf.exe V5.06 update 2 (build 183)
CPU DLL:         SARMCM3.DLL V5.20
Dialog DLL:      DCM.DLL V1.13.7.0
Target DLL:      STLink\ST-LINKIII-KEIL_SWO.dll V2.0.18.0
Dialog DLL:      TCM.DLL V1.14.9.0
 
<h2>Project:</h2>
C:\Users\Akshay\Desktop\Motot Driver\Akshay\V3.2\V3.2.1 - Copy\MDK-ARM\V3.2.1.uvprojx
Project File Date:  07/13/2016

<h2>Output:</h2>
*** Using Compiler 'V5.06 update 2 (build 183)', folder: 'C:\Keil_v5\ARM\ARMCC\Bin'
Build target 'V3.2.1'
compiling main.c...
../Src/main.c(178): warning:  #177-D: variable "os_thread_def_servot" was declared but never referenced
  		osThreadDef(servot,servo_thread,osPriorityRealtime,0,configMINIMAL_STACK_SIZE);
../Src/main.c(213): warning:  #223-D: function "abs" declared implicitly
        motor_rotate_forward(state, abs(recev));   
../Src/main.c(217): warning:  #223-D: function "abs" declared implicitly
        motor_rotate_backward(state, abs(recev));
../Src/main.c: 3 warnings, 0 errors
linking...
Program Size: Code=12592 RO-data=584 RW-data=128 ZI-data=17120  
"V3.2.1\V3.2.1" - 0 Error(s), 3 Warning(s).

<h2>Software Packages used:</h2>

Package Vendor: ARM
                http://www.keil.com/pack/ARM.CMSIS.5.0.0-Beta4.pack
                ARM::CMSIS:CORE:5.0.0
                CMSIS (Cortex Microcontroller Software Interface Standard)
   * Component: CORE Version: 5.0.0

<h2>Collection of Component include folders:</h2>
  C:\Users\Akshay\Desktop\Motot Driver\Akshay\V3.2\V3.2.1 - Copy\MDK-ARM\RTE
  C:\Keil_v5\ARM\PACK\ARM\CMSIS\5.0.0-Beta4\CMSIS\Include
  C:\Keil_v5\ARM\PACK\Keil\STM32F2xx_DFP\2.6.0\Drivers\CMSIS\Device\ST\STM32F2xx\Include

<h2>Collection of Component Files used:</h2>

   * Component: ARM::CMSIS:CORE:5.0.0
Build Time Elapsed:  00:00:02
</pre>
</body>
</html>
