Component: ARM Compiler 5.06 update 2 (build 183) Tool: armlink [4d35b7]

==============================================================================

Section Cross References

    startup_stm32f207xx.o(RESET) refers to startup_stm32f207xx.o(STACK) for __initial_sp
    startup_stm32f207xx.o(RESET) refers to startup_stm32f207xx.o(.text) for Reset_Handler
    startup_stm32f207xx.o(RESET) refers to stm32f2xx_it.o(i.NMI_Handler) for NMI_Handler
    startup_stm32f207xx.o(RESET) refers to stm32f2xx_it.o(i.HardFault_Handler) for HardFault_Handler
    startup_stm32f207xx.o(RESET) refers to stm32f2xx_it.o(i.MemManage_Handler) for MemManage_Handler
    startup_stm32f207xx.o(RESET) refers to stm32f2xx_it.o(i.BusFault_Handler) for BusFault_Handler
    startup_stm32f207xx.o(RESET) refers to stm32f2xx_it.o(i.UsageFault_Handler) for UsageFault_Handler
    startup_stm32f207xx.o(RESET) refers to port.o(.emb_text) for SVC_Handler
    startup_stm32f207xx.o(RESET) refers to stm32f2xx_it.o(i.DebugMon_Handler) for DebugMon_Handler
    startup_stm32f207xx.o(RESET) refers to stm32f2xx_it.o(i.SysTick_Handler) for SysTick_Handler
    startup_stm32f207xx.o(.text) refers to system_stm32f2xx.o(i.SystemInit) for SystemInit
    startup_stm32f207xx.o(.text) refers to entry.o(.ARM.Collect$$$$00000000) for __main
    queue.o(i.prvCopyDataFromQueue) refers to memcpya.o(.text) for __aeabi_memcpy
    queue.o(i.prvCopyDataToQueue) refers to memcpya.o(.text) for __aeabi_memcpy
    queue.o(i.prvCopyDataToQueue) refers to tasks.o(i.xTaskPriorityDisinherit) for xTaskPriorityDisinherit
    queue.o(i.prvUnlockQueue) refers to port.o(i.vPortEnterCritical) for vPortEnterCritical
    queue.o(i.prvUnlockQueue) refers to tasks.o(i.xTaskRemoveFromEventList) for xTaskRemoveFromEventList
    queue.o(i.prvUnlockQueue) refers to tasks.o(i.vTaskMissedYield) for vTaskMissedYield
    queue.o(i.prvUnlockQueue) refers to port.o(i.vPortExitCritical) for vPortExitCritical
    queue.o(i.uxQueueMessagesWaiting) refers to port.o(i.vPortEnterCritical) for vPortEnterCritical
    queue.o(i.uxQueueMessagesWaiting) refers to port.o(i.vPortExitCritical) for vPortExitCritical
    queue.o(i.uxQueueMessagesWaiting) refers to port.o(.emb_text) for ulPortSetInterruptMask
    queue.o(i.uxQueueMessagesWaitingFromISR) refers to port.o(.emb_text) for ulPortSetInterruptMask
    queue.o(i.uxQueueSpacesAvailable) refers to port.o(i.vPortEnterCritical) for vPortEnterCritical
    queue.o(i.uxQueueSpacesAvailable) refers to port.o(i.vPortExitCritical) for vPortExitCritical
    queue.o(i.uxQueueSpacesAvailable) refers to port.o(.emb_text) for ulPortSetInterruptMask
    queue.o(i.vQueueAddToRegistry) refers to queue.o(.bss) for .bss
    queue.o(i.vQueueDelete) refers to queue.o(i.vQueueUnregisterQueue) for vQueueUnregisterQueue
    queue.o(i.vQueueDelete) refers to heap_4.o(i.vPortFree) for vPortFree
    queue.o(i.vQueueDelete) refers to port.o(.emb_text) for ulPortSetInterruptMask
    queue.o(i.vQueueUnregisterQueue) refers to queue.o(.bss) for .bss
    queue.o(i.xQueueCreateMutex) refers to heap_4.o(i.pvPortMalloc) for pvPortMalloc
    queue.o(i.xQueueCreateMutex) refers to list.o(i.vListInitialise) for vListInitialise
    queue.o(i.xQueueCreateMutex) refers to queue.o(i.xQueueGenericSend) for xQueueGenericSend
    queue.o(i.xQueueCreateMutex) refers to port.o(.emb_text) for ulPortSetInterruptMask
    queue.o(i.xQueueGenericCreate) refers to heap_4.o(i.pvPortMalloc) for pvPortMalloc
    queue.o(i.xQueueGenericCreate) refers to queue.o(i.xQueueGenericReset) for xQueueGenericReset
    queue.o(i.xQueueGenericCreate) refers to port.o(.emb_text) for ulPortSetInterruptMask
    queue.o(i.xQueueGenericReceive) refers to port.o(.emb_text) for ulPortSetInterruptMask
    queue.o(i.xQueueGenericReceive) refers to tasks.o(i.xTaskGetSchedulerState) for xTaskGetSchedulerState
    queue.o(i.xQueueGenericReceive) refers to port.o(i.vPortEnterCritical) for vPortEnterCritical
    queue.o(i.xQueueGenericReceive) refers to queue.o(i.prvCopyDataFromQueue) for prvCopyDataFromQueue
    queue.o(i.xQueueGenericReceive) refers to tasks.o(i.xTaskRemoveFromEventList) for xTaskRemoveFromEventList
    queue.o(i.xQueueGenericReceive) refers to port.o(i.vPortYield) for vPortYield
    queue.o(i.xQueueGenericReceive) refers to port.o(i.vPortExitCritical) for vPortExitCritical
    queue.o(i.xQueueGenericReceive) refers to tasks.o(i.pvTaskIncrementMutexHeldCount) for pvTaskIncrementMutexHeldCount
    queue.o(i.xQueueGenericReceive) refers to tasks.o(i.vTaskSetTimeOutState) for vTaskSetTimeOutState
    queue.o(i.xQueueGenericReceive) refers to tasks.o(i.vTaskSuspendAll) for vTaskSuspendAll
    queue.o(i.xQueueGenericReceive) refers to tasks.o(i.xTaskCheckForTimeOut) for xTaskCheckForTimeOut
    queue.o(i.xQueueGenericReceive) refers to queue.o(i.prvUnlockQueue) for prvUnlockQueue
    queue.o(i.xQueueGenericReceive) refers to tasks.o(i.xTaskResumeAll) for xTaskResumeAll
[...]
    Removing stm32f2xx_hal_tim.o(i.TIM_DMAError), (16 bytes).
    Removing stm32f2xx_hal_tim.o(i.TIM_DMAPeriodElapsedCplt), (16 bytes).
    Removing stm32f2xx_hal_tim.o(i.TIM_DMATriggerCplt), (16 bytes).
    Removing stm32f2xx_hal_tim.o(i.TIM_ETR_SetConfig), (20 bytes).
    Removing stm32f2xx_hal_tim.o(i.TIM_ITRx_SetConfig), (16 bytes).
    Removing stm32f2xx_hal_tim.o(i.TIM_SlaveTimer_SetConfig), (124 bytes).
    Removing stm32f2xx_hal_tim.o(i.TIM_TI1_ConfigInputStage), (34 bytes).
    Removing stm32f2xx_hal_tim.o(i.TIM_TI1_SetConfig), (132 bytes).
    Removing stm32f2xx_hal_tim.o(i.TIM_TI2_ConfigInputStage), (36 bytes).
    Removing stm32f2xx_hal_tim.o(i.TIM_TI2_SetConfig), (54 bytes).
    Removing stm32f2xx_hal_rcc_ex.o(.rev16_text), (4 bytes).
    Removing stm32f2xx_hal_rcc_ex.o(.revsh_text), (4 bytes).
    Removing stm32f2xx_hal_rcc_ex.o(.rrx_text), (6 bytes).
    Removing stm32f2xx_hal_rcc_ex.o(i.HAL_RCCEx_GetPeriphCLKConfig), (80 bytes).
    Removing stm32f2xx_hal_rcc_ex.o(i.HAL_RCCEx_PeriphCLKConfig), (336 bytes).
    Removing stm32f2xx_hal_tim_ex.o(.rev16_text), (4 bytes).
    Removing stm32f2xx_hal_tim_ex.o(.revsh_text), (4 bytes).
    Removing stm32f2xx_hal_tim_ex.o(.rrx_text), (6 bytes).
    Removing stm32f2xx_hal_tim_ex.o(i.HAL_TIMEx_BreakCallback), (2 bytes).
    Removing stm32f2xx_hal_tim_ex.o(i.HAL_TIMEx_CommutationCallback), (2 bytes).
    Removing stm32f2xx_hal_tim_ex.o(i.HAL_TIMEx_ConfigCommutationEvent), (92 bytes).
    Removing stm32f2xx_hal_tim_ex.o(i.HAL_TIMEx_ConfigCommutationEvent_DMA), (124 bytes).
    Removing stm32f2xx_hal_tim_ex.o(i.HAL_TIMEx_ConfigCommutationEvent_IT), (102 bytes).
    Removing stm32f2xx_hal_tim_ex.o(i.HAL_TIMEx_HallSensor_DeInit), (56 bytes).
    Removing stm32f2xx_hal_tim_ex.o(i.HAL_TIMEx_HallSensor_GetState), (6 bytes).
    Removing stm32f2xx_hal_tim_ex.o(i.HAL_TIMEx_HallSensor_Init), (176 bytes).
    Removing stm32f2xx_hal_tim_ex.o(i.HAL_TIMEx_HallSensor_MspDeInit), (2 bytes).
    Removing stm32f2xx_hal_tim_ex.o(i.HAL_TIMEx_HallSensor_MspInit), (2 bytes).
    Removing stm32f2xx_hal_tim_ex.o(i.HAL_TIMEx_HallSensor_Start), (28 bytes).
    Removing stm32f2xx_hal_tim_ex.o(i.HAL_TIMEx_HallSensor_Start_DMA), (104 bytes).
    Removing stm32f2xx_hal_tim_ex.o(i.HAL_TIMEx_HallSensor_Start_IT), (38 bytes).
    Removing stm32f2xx_hal_tim_ex.o(i.HAL_TIMEx_HallSensor_Stop), (46 bytes).
    Removing stm32f2xx_hal_tim_ex.o(i.HAL_TIMEx_HallSensor_Stop_DMA), (56 bytes).
    Removing stm32f2xx_hal_tim_ex.o(i.HAL_TIMEx_HallSensor_Stop_IT), (56 bytes).
    Removing stm32f2xx_hal_tim_ex.o(i.HAL_TIMEx_OCN_Start), (36 bytes).
    Removing stm32f2xx_hal_tim_ex.o(i.HAL_TIMEx_OCN_Start_DMA), (220 bytes).
    Removing stm32f2xx_hal_tim_ex.o(i.HAL_TIMEx_OCN_Start_IT), (96 bytes).
    Removing stm32f2xx_hal_tim_ex.o(i.HAL_TIMEx_OCN_Stop), (68 bytes).
    Removing stm32f2xx_hal_tim_ex.o(i.HAL_TIMEx_OCN_Stop_DMA), (124 bytes).
    Removing stm32f2xx_hal_tim_ex.o(i.HAL_TIMEx_OCN_Stop_IT), (134 bytes).
    Removing stm32f2xx_hal_tim_ex.o(i.HAL_TIMEx_OnePulseN_Start), (26 bytes).
    Removing stm32f2xx_hal_tim_ex.o(i.HAL_TIMEx_OnePulseN_Start_IT), (46 bytes).
    Removing stm32f2xx_hal_tim_ex.o(i.HAL_TIMEx_OnePulseN_Stop), (68 bytes).
    Removing stm32f2xx_hal_tim_ex.o(i.HAL_TIMEx_OnePulseN_Stop_IT), (88 bytes).
    Removing stm32f2xx_hal_tim_ex.o(i.HAL_TIMEx_PWMN_Start), (36 bytes).
    Removing stm32f2xx_hal_tim_ex.o(i.HAL_TIMEx_PWMN_Start_DMA), (220 bytes).
    Removing stm32f2xx_hal_tim_ex.o(i.HAL_TIMEx_PWMN_Start_IT), (96 bytes).
    Removing stm32f2xx_hal_tim_ex.o(i.HAL_TIMEx_PWMN_Stop), (68 bytes).
    Removing stm32f2xx_hal_tim_ex.o(i.HAL_TIMEx_PWMN_Stop_DMA), (124 bytes).
    Removing stm32f2xx_hal_tim_ex.o(i.HAL_TIMEx_PWMN_Stop_IT), (134 bytes).
    Removing stm32f2xx_hal_tim_ex.o(i.HAL_TIMEx_RemapConfig), (34 bytes).
    Removing stm32f2xx_hal_tim_ex.o(i.TIMEx_DMACommutationCplt), (16 bytes).
    Removing stm32f2xx_hal_tim_ex.o(i.TIM_CCxNChannelCmd), (22 bytes).
    Removing stm32f2xx_hal_dma_ex.o(.rev16_text), (4 bytes).
    Removing stm32f2xx_hal_dma_ex.o(.revsh_text), (4 bytes).
    Removing stm32f2xx_hal_dma_ex.o(.rrx_text), (6 bytes).
    Removing stm32f2xx_hal_dma_ex.o(i.DMA_MultiBufferSetConfig), (30 bytes).
    Removing stm32f2xx_hal_dma_ex.o(i.HAL_DMAEx_ChangeMemory), (14 bytes).
    Removing stm32f2xx_hal_dma_ex.o(i.HAL_DMAEx_MultiBufferStart), (92 bytes).
    Removing stm32f2xx_hal_dma_ex.o(i.HAL_DMAEx_MultiBufferStart_IT), (142 bytes).
    Removing stm32f2xx_hal_flash_ex.o(.rev16_text), (4 bytes).
    Removing stm32f2xx_hal_flash_ex.o(.revsh_text), (4 bytes).
    Removing stm32f2xx_hal_flash_ex.o(.rrx_text), (6 bytes).
    Removing stm32f2xx_hal_flash_ex.o(i.FLASH_Erase_Sector), (88 bytes).
    Removing stm32f2xx_hal_flash_ex.o(i.FLASH_FlushCaches), (84 bytes).
    Removing stm32f2xx_hal_flash_ex.o(i.FLASH_MassErase), (36 bytes).
    Removing stm32f2xx_hal_flash_ex.o(i.HAL_FLASHEx_Erase), (152 bytes).
    Removing stm32f2xx_hal_flash_ex.o(i.HAL_FLASHEx_Erase_IT), (104 bytes).
    Removing stm32f2xx_hal_flash_ex.o(i.HAL_FLASHEx_OBGetConfig), (64 bytes).
    Removing stm32f2xx_hal_flash_ex.o(i.HAL_FLASHEx_OBProgram), (204 bytes).
    Removing stm32f2xx_hal_adc_ex.o(.rev16_text), (4 bytes).
    Removing stm32f2xx_hal_adc_ex.o(.revsh_text), (4 bytes).
    Removing stm32f2xx_hal_adc_ex.o(.rrx_text), (6 bytes).
    Removing stm32f2xx_hal_adc_ex.o(i.ADC_MultiModeDMAConvCplt), (90 bytes).
    Removing stm32f2xx_hal_adc_ex.o(i.ADC_MultiModeDMAError), (18 bytes).
    Removing stm32f2xx_hal_adc_ex.o(i.ADC_MultiModeDMAHalfConvCplt), (6 bytes).
    Removing stm32f2xx_hal_adc_ex.o(i.HAL_ADCEx_InjectedConfigChannel), (448 bytes).
    Removing stm32f2xx_hal_adc_ex.o(i.HAL_ADCEx_InjectedConvCpltCallback), (2 bytes).
    Removing stm32f2xx_hal_adc_ex.o(i.HAL_ADCEx_InjectedGetValue), (58 bytes).
    Removing stm32f2xx_hal_adc_ex.o(i.HAL_ADCEx_InjectedPollForConversion), (136 bytes).
    Removing stm32f2xx_hal_adc_ex.o(i.HAL_ADCEx_InjectedStart), (204 bytes).
    Removing stm32f2xx_hal_adc_ex.o(i.HAL_ADCEx_InjectedStart_IT), (220 bytes).
    Removing stm32f2xx_hal_adc_ex.o(i.HAL_ADCEx_InjectedStop), (86 bytes).
    Removing stm32f2xx_hal_adc_ex.o(i.HAL_ADCEx_InjectedStop_IT), (100 bytes).
    Removing stm32f2xx_hal_adc_ex.o(i.HAL_ADCEx_MultiModeConfigChannel), (108 bytes).
    Removing stm32f2xx_hal_adc_ex.o(i.HAL_ADCEx_MultiModeGetValue), (12 bytes).
    Removing stm32f2xx_hal_adc_ex.o(i.HAL_ADCEx_MultiModeStart_DMA), (256 bytes).
    Removing stm32f2xx_hal_adc_ex.o(i.HAL_ADCEx_MultiModeStop_DMA), (100 bytes).
    Removing stm32f2xx_hal_i2c.o(.rev16_text), (4 bytes).
    Removing stm32f2xx_hal_i2c.o(.revsh_text), (4 bytes).
    Removing stm32f2xx_hal_i2c.o(.rrx_text), (6 bytes).
    Removing stm32f2xx_hal_i2c.o(i.HAL_I2C_DeInit), (46 bytes).
    Removing stm32f2xx_hal_i2c.o(i.HAL_I2C_ER_IRQHandler), (216 bytes).
    Removing stm32f2xx_hal_i2c.o(i.HAL_I2C_EV_IRQHandler), (406 bytes).
    Removing stm32f2xx_hal_i2c.o(i.HAL_I2C_ErrorCallback), (2 bytes).
    Removing stm32f2xx_hal_i2c.o(i.HAL_I2C_GetError), (4 bytes).
    Removing stm32f2xx_hal_i2c.o(i.HAL_I2C_GetState), (6 bytes).
    Removing stm32f2xx_hal_i2c.o(i.HAL_I2C_IsDeviceReady), (320 bytes).
    Removing stm32f2xx_hal_i2c.o(i.HAL_I2C_MasterRxCpltCallback), (2 bytes).
    Removing stm32f2xx_hal_i2c.o(i.HAL_I2C_MasterTxCpltCallback), (2 bytes).
    Removing stm32f2xx_hal_i2c.o(i.HAL_I2C_Master_Receive), (448 bytes).
    Removing stm32f2xx_hal_i2c.o(i.HAL_I2C_Master_Receive_DMA), (208 bytes).
    Removing stm32f2xx_hal_i2c.o(i.HAL_I2C_Master_Receive_IT), (216 bytes).
    Removing stm32f2xx_hal_i2c.o(i.HAL_I2C_Master_Transmit), (232 bytes).
    Removing stm32f2xx_hal_i2c.o(i.HAL_I2C_Master_Transmit_DMA), (184 bytes).
    Removing stm32f2xx_hal_i2c.o(i.HAL_I2C_Master_Transmit_IT), (148 bytes).
    Removing stm32f2xx_hal_i2c.o(i.HAL_I2C_MemRxCpltCallback), (2 bytes).
    Removing stm32f2xx_hal_i2c.o(i.HAL_I2C_MemTxCpltCallback), (2 bytes).
    Removing stm32f2xx_hal_i2c.o(i.HAL_I2C_Mem_Read), (452 bytes).
    Removing stm32f2xx_hal_i2c.o(i.HAL_I2C_Mem_Read_DMA), (220 bytes).
    Removing stm32f2xx_hal_i2c.o(i.HAL_I2C_Mem_Read_IT), (232 bytes).
    Removing stm32f2xx_hal_i2c.o(i.HAL_I2C_Mem_Write), (236 bytes).
    Removing stm32f2xx_hal_i2c.o(i.HAL_I2C_Mem_Write_DMA), (188 bytes).
    Removing stm32f2xx_hal_i2c.o(i.HAL_I2C_Mem_Write_IT), (152 bytes).
    Removing stm32f2xx_hal_i2c.o(i.HAL_I2C_MspDeInit), (2 bytes).
    Removing stm32f2xx_hal_i2c.o(i.HAL_I2C_MspInit), (2 bytes).
    Removing stm32f2xx_hal_i2c.o(i.HAL_I2C_SlaveRxCpltCallback), (2 bytes).
    Removing stm32f2xx_hal_i2c.o(i.HAL_I2C_SlaveTxCpltCallback), (2 bytes).
    Removing stm32f2xx_hal_i2c.o(i.HAL_I2C_Slave_Receive), (248 bytes).
    Removing stm32f2xx_hal_i2c.o(i.HAL_I2C_Slave_Receive_DMA), (192 bytes).
    Removing stm32f2xx_hal_i2c.o(i.HAL_I2C_Slave_Receive_IT), (120 bytes).
    Removing stm32f2xx_hal_i2c.o(i.HAL_I2C_Slave_Transmit), (276 bytes).
    Removing stm32f2xx_hal_i2c.o(i.HAL_I2C_Slave_Transmit_DMA), (224 bytes).
    Removing stm32f2xx_hal_i2c.o(i.HAL_I2C_Slave_Transmit_IT), (120 bytes).
    Removing stm32f2xx_hal_i2c.o(i.I2C_DMAError), (38 bytes).
    Removing stm32f2xx_hal_i2c.o(i.I2C_DMAMasterReceiveCplt), (70 bytes).
    Removing stm32f2xx_hal_i2c.o(i.I2C_DMAMasterTransmitCplt), (80 bytes).
    Removing stm32f2xx_hal_i2c.o(i.I2C_DMAMemReceiveCplt), (70 bytes).
    Removing stm32f2xx_hal_i2c.o(i.I2C_DMAMemTransmitCplt), (80 bytes).
    Removing stm32f2xx_hal_i2c.o(i.I2C_DMASlaveReceiveCplt), (96 bytes).
    Removing stm32f2xx_hal_i2c.o(i.I2C_DMASlaveTransmitCplt), (86 bytes).
    Removing stm32f2xx_hal_i2c.o(i.I2C_MasterReceive_BTF), (128 bytes).
    Removing stm32f2xx_hal_i2c.o(i.I2C_MasterReceive_RXNE), (100 bytes).
    Removing stm32f2xx_hal_i2c.o(i.I2C_MasterRequestRead), (186 bytes).
    Removing stm32f2xx_hal_i2c.o(i.I2C_MasterRequestWrite), (116 bytes).
    Removing stm32f2xx_hal_i2c.o(i.I2C_RequestMemoryRead), (224 bytes).
    Removing stm32f2xx_hal_i2c.o(i.I2C_RequestMemoryWrite), (144 bytes).
    Removing stm32f2xx_hal_i2c.o(i.I2C_WaitOnFlagUntilTimeout), (138 bytes).
    Removing stm32f2xx_hal_i2c.o(i.I2C_WaitOnMasterAddressFlagUntilTimeout), (136 bytes).
    Removing stm32f2xx_hal_pwr.o(.rev16_text), (4 bytes).
    Removing stm32f2xx_hal_pwr.o(.revsh_text), (4 bytes).
    Removing stm32f2xx_hal_pwr.o(.rrx_text), (6 bytes).
    Removing stm32f2xx_hal_pwr.o(i.HAL_PWR_ConfigPVD), (124 bytes).
    Removing stm32f2xx_hal_pwr.o(i.HAL_PWR_DeInit), (24 bytes).
    Removing stm32f2xx_hal_pwr.o(i.HAL_PWR_DisableBkUpAccess), (28 bytes).
    Removing stm32f2xx_hal_pwr.o(i.HAL_PWR_DisablePVD), (24 bytes).
    Removing stm32f2xx_hal_pwr.o(i.HAL_PWR_DisableSEVOnPend), (16 bytes).
    Removing stm32f2xx_hal_pwr.o(i.HAL_PWR_DisableSleepOnExit), (16 bytes).
    Removing stm32f2xx_hal_pwr.o(i.HAL_PWR_DisableWakeUpPin), (16 bytes).
    Removing stm32f2xx_hal_pwr.o(i.HAL_PWR_EnableBkUpAccess), (24 bytes).
    Removing stm32f2xx_hal_pwr.o(i.HAL_PWR_EnablePVD), (24 bytes).
    Removing stm32f2xx_hal_pwr.o(i.HAL_PWR_EnableSEVOnPend), (16 bytes).
    Removing stm32f2xx_hal_pwr.o(i.HAL_PWR_EnableSleepOnExit), (16 bytes).
    Removing stm32f2xx_hal_pwr.o(i.HAL_PWR_EnableWakeUpPin), (16 bytes).
    Removing stm32f2xx_hal_pwr.o(i.HAL_PWR_EnterSLEEPMode), (32 bytes).
    Removing stm32f2xx_hal_pwr.o(i.HAL_PWR_EnterSTANDBYMode), (32 bytes).
    Removing stm32f2xx_hal_pwr.o(i.HAL_PWR_EnterSTOPMode), (56 bytes).
    Removing stm32f2xx_hal_pwr.o(i.HAL_PWR_PVDCallback), (2 bytes).
    Removing stm32f2xx_hal_pwr.o(i.HAL_PWR_PVD_IRQHandler), (28 bytes).
    Removing stm32f2xx_hal_pwr_ex.o(.rev16_text), (4 bytes).
    Removing stm32f2xx_hal_pwr_ex.o(.revsh_text), (4 bytes).
    Removing stm32f2xx_hal_pwr_ex.o(.rrx_text), (6 bytes).
    Removing stm32f2xx_hal_pwr_ex.o(i.HAL_PWREx_DisableBkUpReg), (76 bytes).
    Removing stm32f2xx_hal_pwr_ex.o(i.HAL_PWREx_DisableFlashPowerDown), (28 bytes).
    Removing stm32f2xx_hal_pwr_ex.o(i.HAL_PWREx_EnableBkUpReg), (76 bytes).
    Removing stm32f2xx_hal_pwr_ex.o(i.HAL_PWREx_EnableFlashPowerDown), (24 bytes).
    Removing stm32f2xx_hal.o(.rev16_text), (4 bytes).
    Removing stm32f2xx_hal.o(.revsh_text), (4 bytes).
    Removing stm32f2xx_hal.o(.rrx_text), (6 bytes).
    Removing stm32f2xx_hal.o(i.HAL_DBGMCU_DisableDBGSleepMode), (16 bytes).
    Removing stm32f2xx_hal.o(i.HAL_DBGMCU_DisableDBGStandbyMode), (16 bytes).
    Removing stm32f2xx_hal.o(i.HAL_DBGMCU_DisableDBGStopMode), (16 bytes).
    Removing stm32f2xx_hal.o(i.HAL_DBGMCU_EnableDBGSleepMode), (16 bytes).
    Removing stm32f2xx_hal.o(i.HAL_DBGMCU_EnableDBGStandbyMode), (16 bytes).
    Removing stm32f2xx_hal.o(i.HAL_DBGMCU_EnableDBGStopMode), (16 bytes).
    Removing stm32f2xx_hal.o(i.HAL_DeInit), (52 bytes).
    Removing stm32f2xx_hal.o(i.HAL_Delay), (22 bytes).
    Removing stm32f2xx_hal.o(i.HAL_DisableCompensationCell), (28 bytes).
    Removing stm32f2xx_hal.o(i.HAL_EnableCompensationCell), (28 bytes).
    Removing stm32f2xx_hal.o(i.HAL_GetDEVID), (16 bytes).
    Removing stm32f2xx_hal.o(i.HAL_GetHalVersion), (8 bytes).
    Removing stm32f2xx_hal.o(i.HAL_GetREVID), (12 bytes).
    Removing stm32f2xx_hal.o(i.HAL_MspDeInit), (2 bytes).
    Removing stm32f2xx_hal.o(i.HAL_MspInit), (2 bytes).
    Removing stm32f2xx_hal.o(i.HAL_ResumeTick), (14 bytes).
    Removing stm32f2xx_hal.o(i.HAL_SuspendTick), (14 bytes).
    Removing stm32f2xx_hal_flash.o(.rev16_text), (4 bytes).
    Removing stm32f2xx_hal_flash.o(.revsh_text), (4 bytes).
    Removing stm32f2xx_hal_flash.o(.rrx_text), (6 bytes).
    Removing stm32f2xx_hal_flash.o(i.FLASH_Program_Byte), (32 bytes).
    Removing stm32f2xx_hal_flash.o(i.FLASH_Program_DoubleWord), (40 bytes).
    Removing stm32f2xx_hal_flash.o(i.FLASH_Program_HalfWord), (36 bytes).
    Removing stm32f2xx_hal_flash.o(i.FLASH_Program_Word), (36 bytes).
    Removing stm32f2xx_hal_flash.o(i.FLASH_SetErrorCode), (116 bytes).
    Removing stm32f2xx_hal_flash.o(i.FLASH_WaitForLastOperation), (88 bytes).
    Removing stm32f2xx_hal_flash.o(i.HAL_FLASH_EndOfOperationCallback), (2 bytes).
    Removing stm32f2xx_hal_flash.o(i.HAL_FLASH_GetError), (12 bytes).
    Removing stm32f2xx_hal_flash.o(i.HAL_FLASH_IRQHandler), (208 bytes).
    Removing stm32f2xx_hal_flash.o(i.HAL_FLASH_Lock), (20 bytes).
    Removing stm32f2xx_hal_flash.o(i.HAL_FLASH_OB_Launch), (24 bytes).
    Removing stm32f2xx_hal_flash.o(i.HAL_FLASH_OB_Lock), (20 bytes).
    Removing stm32f2xx_hal_flash.o(i.HAL_FLASH_OB_Unlock), (40 bytes).
    Removing stm32f2xx_hal_flash.o(i.HAL_FLASH_OperationErrorCallback), (2 bytes).
    Removing stm32f2xx_hal_flash.o(i.HAL_FLASH_Program), (124 bytes).
    Removing stm32f2xx_hal_flash.o(i.HAL_FLASH_Program_IT), (108 bytes).
    Removing stm32f2xx_hal_flash.o(i.HAL_FLASH_Unlock), (40 bytes).
    Removing stm32f2xx_hal_flash.o(.bss), (32 bytes).
    Removing stm32f2xx_hal_gpio.o(.rev16_text), (4 bytes).
    Removing stm32f2xx_hal_gpio.o(.revsh_text), (4 bytes).
    Removing stm32f2xx_hal_gpio.o(.rrx_text), (6 bytes).
    Removing stm32f2xx_hal_gpio.o(i.HAL_GPIO_DeInit), (352 bytes).
    Removing stm32f2xx_hal_gpio.o(i.HAL_GPIO_EXTI_Callback), (2 bytes).
    Removing stm32f2xx_hal_gpio.o(i.HAL_GPIO_EXTI_IRQHandler), (24 bytes).
    Removing stm32f2xx_hal_gpio.o(i.HAL_GPIO_LockPin), (34 bytes).
    Removing stm32f2xx_hal_dma.o(.rev16_text), (4 bytes).
    Removing stm32f2xx_hal_dma.o(.revsh_text), (4 bytes).
    Removing stm32f2xx_hal_dma.o(.rrx_text), (6 bytes).
    Removing stm32f2xx_hal_dma.o(i.DMA_CalcBaseAndBitshift), (40 bytes).
    Removing stm32f2xx_hal_dma.o(i.DMA_SetConfig), (40 bytes).
    Removing stm32f2xx_hal_dma.o(i.HAL_DMA_Abort), (84 bytes).
    Removing stm32f2xx_hal_dma.o(i.HAL_DMA_DeInit), (86 bytes).
    Removing stm32f2xx_hal_dma.o(i.HAL_DMA_GetError), (4 bytes).
    Removing stm32f2xx_hal_dma.o(i.HAL_DMA_GetState), (6 bytes).
    Removing stm32f2xx_hal_dma.o(i.HAL_DMA_IRQHandler), (416 bytes).
    Removing stm32f2xx_hal_dma.o(i.HAL_DMA_Init), (120 bytes).
    Removing stm32f2xx_hal_dma.o(i.HAL_DMA_PollForTransfer), (336 bytes).
    Removing stm32f2xx_hal_dma.o(i.HAL_DMA_Start), (58 bytes).
    Removing stm32f2xx_hal_dma.o(i.HAL_DMA_Start_IT), (78 bytes).
    Removing stm32f2xx_hal_dma.o(.constdata), (8 bytes).
    Removing stm32f2xx_hal_rcc.o(.rev16_text), (4 bytes).
    Removing stm32f2xx_hal_rcc.o(.revsh_text), (4 bytes).
    Removing stm32f2xx_hal_rcc.o(.rrx_text), (6 bytes).
    Removing stm32f2xx_hal_rcc.o(i.HAL_RCC_CSSCallback), (2 bytes).
    Removing stm32f2xx_hal_rcc.o(i.HAL_RCC_DeInit), (88 bytes).
    Removing stm32f2xx_hal_rcc.o(i.HAL_RCC_DisableCSS), (12 bytes).
    Removing stm32f2xx_hal_rcc.o(i.HAL_RCC_EnableCSS), (12 bytes).
    Removing stm32f2xx_hal_rcc.o(i.HAL_RCC_GetClockConfig), (64 bytes).
    Removing stm32f2xx_hal_rcc.o(i.HAL_RCC_GetOscConfig), (224 bytes).
    Removing stm32f2xx_hal_rcc.o(i.HAL_RCC_MCOConfig), (140 bytes).
    Removing stm32f2xx_hal_rcc.o(i.HAL_RCC_NMI_IRQHandler), (28 bytes).
    Removing stm32f2xx_hal_cortex.o(.rev16_text), (4 bytes).
    Removing stm32f2xx_hal_cortex.o(.revsh_text), (4 bytes).
    Removing stm32f2xx_hal_cortex.o(.rrx_text), (6 bytes).
    Removing stm32f2xx_hal_cortex.o(i.HAL_MPU_ConfigRegion), (84 bytes).
    Removing stm32f2xx_hal_cortex.o(i.HAL_NVIC_ClearPendingIRQ), (22 bytes).
    Removing stm32f2xx_hal_cortex.o(i.HAL_NVIC_DisableIRQ), (22 bytes).
    Removing stm32f2xx_hal_cortex.o(i.HAL_NVIC_EnableIRQ), (22 bytes).
    Removing stm32f2xx_hal_cortex.o(i.HAL_NVIC_GetActive), (32 bytes).
    Removing stm32f2xx_hal_cortex.o(i.HAL_NVIC_GetPendingIRQ), (32 bytes).
    Removing stm32f2xx_hal_cortex.o(i.HAL_NVIC_GetPriority), (82 bytes).
    Removing stm32f2xx_hal_cortex.o(i.HAL_NVIC_GetPriorityGrouping), (16 bytes).
    Removing stm32f2xx_hal_cortex.o(i.HAL_NVIC_SetPendingIRQ), (22 bytes).
    Removing stm32f2xx_hal_cortex.o(i.HAL_NVIC_SystemReset), (36 bytes).
    Removing stm32f2xx_hal_cortex.o(i.HAL_SYSTICK_Callback), (2 bytes).
    Removing stm32f2xx_hal_cortex.o(i.HAL_SYSTICK_IRQHandler), (8 bytes).
    Removing stm32f2xx_hal_msp.o(.rev16_text), (4 bytes).
    Removing stm32f2xx_hal_msp.o(.revsh_text), (4 bytes).
    Removing stm32f2xx_hal_msp.o(.rrx_text), (6 bytes).
    Removing stm32f2xx_hal_msp.o(i.HAL_ADC_MspDeInit), (60 bytes).
    Removing stm32f2xx_hal_msp.o(i.HAL_I2C_MspDeInit), (60 bytes).
    Removing stm32f2xx_hal_msp.o(i.HAL_TIM_Encoder_MspDeInit), (100 bytes).
    Removing stm32f2xx_hal_msp.o(i.HAL_TIM_PWM_MspDeInit), (52 bytes).
    Removing stm32f2xx_hal_msp.o(i.HAL_UART_MspDeInit), (44 bytes).
    Removing main.o(.rev16_text), (4 bytes).
    Removing main.o(.revsh_text), (4 bytes).
    Removing main.o(.rrx_text), (6 bytes).
    Removing main.o(.data), (4 bytes).
    Removing main.o(.data), (4 bytes).
    Removing stm32f2xx_it.o(.rev16_text), (4 bytes).
    Removing stm32f2xx_it.o(.revsh_text), (4 bytes).
    Removing stm32f2xx_it.o(.rrx_text), (6 bytes).

530 unused section(s) (total 35100 bytes) removed from the image.

==============================================================================

Image Symbol Table

    Local Symbols

    Symbol Name                              Value     Ov Type        Size  Object(Section)

    ../Drivers/CMSIS/Device/ST/STM32F2xx/Source/Templates/system_stm32f2xx.c 0x00000000   Number         0  system_stm32f2xx.o ABSOLUTE
    ../Drivers/STM32F2xx_HAL_Driver/Src/stm32f2xx_hal.c 0x00000000   Number         0  stm32f2xx_hal.o ABSOLUTE
    ../Drivers/STM32F2xx_HAL_Driver/Src/stm32f2xx_hal_adc.c 0x00000000   Number         0  stm32f2xx_hal_adc.o ABSOLUTE
    ../Drivers/STM32F2xx_HAL_Driver/Src/stm32f2xx_hal_adc_ex.c 0x00000000   Number         0  stm32f2xx_hal_adc_ex.o ABSOLUTE
    ../Drivers/STM32F2xx_HAL_Driver/Src/stm32f2xx_hal_cortex.c 0x00000000   Number         0  stm32f2xx_hal_cortex.o ABSOLUTE
    ../Drivers/STM32F2xx_HAL_Driver/Src/stm32f2xx_hal_dma.c 0x00000000   Number         0  stm32f2xx_hal_dma.o ABSOLUTE
    ../Drivers/STM32F2xx_HAL_Driver/Src/stm32f2xx_hal_dma_ex.c 0x00000000   Number         0  stm32f2xx_hal_dma_ex.o ABSOLUTE
    ../Drivers/STM32F2xx_HAL_Driver/Src/stm32f2xx_hal_flash.c 0x00000000   Number         0  stm32f2xx_hal_flash.o ABSOLUTE
    ../Drivers/STM32F2xx_HAL_Driver/Src/stm32f2xx_hal_flash_ex.c 0x00000000   Number         0  stm32f2xx_hal_flash_ex.o ABSOLUTE
    ../Drivers/STM32F2xx_HAL_Driver/Src/stm32f2xx_hal_gpio.c 0x00000000   Number         0  stm32f2xx_hal_gpio.o ABSOLUTE
    ../Drivers/STM32F2xx_HAL_Driver/Src/stm32f2xx_hal_i2c.c 0x00000000   Number         0  stm32f2xx_hal_i2c.o ABSOLUTE
    ../Drivers/STM32F2xx_HAL_Driver/Src/stm32f2xx_hal_pwr.c 0x00000000   Number         0  stm32f2xx_hal_pwr.o ABSOLUTE
    ../Drivers/STM32F2xx_HAL_Driver/Src/stm32f2xx_hal_pwr_ex.c 0x00000000   Number         0  stm32f2xx_hal_pwr_ex.o ABSOLUTE
    ../Drivers/STM32F2xx_HAL_Driver/Src/stm32f2xx_hal_rcc.c 0x00000000   Number         0  stm32f2xx_hal_rcc.o ABSOLUTE
    ../Drivers/STM32F2xx_HAL_Driver/Src/stm32f2xx_hal_rcc_ex.c 0x00000000   Number         0  stm32f2xx_hal_rcc_ex.o ABSOLUTE
    ../Drivers/STM32F2xx_HAL_Driver/Src/stm32f2xx_hal_tim.c 0x00000000   Number         0  stm32f2xx_hal_tim.o ABSOLUTE
    ../Drivers/STM32F2xx_HAL_Driver/Src/stm32f2xx_hal_tim_ex.c 0x00000000   Number         0  stm32f2xx_hal_tim_ex.o ABSOLUTE
    ../Drivers/STM32F2xx_HAL_Driver/Src/stm32f2xx_hal_uart.c 0x00000000   Number         0  stm32f2xx_hal_uart.o ABSOLUTE
    ../Middlewares/Third_Party/FreeRTOS/Source/CMSIS_RTOS/cmsis_os.c 0x00000000   Number         0  cmsis_os.o ABSOLUTE
    ../Middlewares/Third_Party/FreeRTOS/Source/croutine.c 0x00000000   Number         0  croutine.o ABSOLUTE
    ../Middlewares/Third_Party/FreeRTOS/Source/event_groups.c 0x00000000   Number         0  event_groups.o ABSOLUTE
    ../Middlewares/Third_Party/FreeRTOS/Source/list.c 0x00000000   Number         0  list.o ABSOLUTE
    ../Middlewares/Third_Party/FreeRTOS/Source/portable/MemMang/heap_4.c 0x00000000   Number         0  heap_4.o ABSOLUTE
    ../Middlewares/Third_Party/FreeRTOS/Source/portable/RVDS/ARM_CM3/port.c 0x00000000   Number         0  port.o ABSOLUTE
    ../Middlewares/Third_Party/FreeRTOS/Source/queue.c 0x00000000   Number         0  queue.o ABSOLUTE
    ../Middlewares/Third_Party/FreeRTOS/Source/tasks.c 0x00000000   Number         0  tasks.o ABSOLUTE
    ../Middlewares/Third_Party/FreeRTOS/Source/timers.c 0x00000000   Number         0  timers.o ABSOLUTE
    ../Src/freertos.c                        0x00000000   Number         0  freertos.o ABSOLUTE
    ../Src/main.c                            0x00000000   Number         0  main.o ABSOLUTE
    ../Src/stm32f2xx_hal_msp.c               0x00000000   Number         0  stm32f2xx_hal_msp.o ABSOLUTE
    ../Src/stm32f2xx_it.c                    0x00000000   Number         0  stm32f2xx_it.o ABSOLUTE
    ../clib/microlib/init/entry.s            0x00000000   Number         0  entry7a.o ABSOLUTE
    ../clib/microlib/init/entry.s            0x00000000   Number         0  entry8b.o ABSOLUTE
    ../clib/microlib/init/entry.s            0x00000000   Number         0  entry9a.o ABSOLUTE
    ../clib/microlib/init/entry.s            0x00000000   Number         0  entry.o ABSOLUTE
    ../clib/microlib/init/entry.s            0x00000000   Number         0  entry9b.o ABSOLUTE
    ../clib/microlib/init/entry.s            0x00000000   Number         0  entry10a.o ABSOLUTE
    ../clib/microlib/init/entry.s            0x00000000   Number         0  entry2.o ABSOLUTE
    ../clib/microlib/init/entry.s            0x00000000   Number         0  entry5.o ABSOLUTE
    ../clib/microlib/init/entry.s            0x00000000   Number         0  entry10b.o ABSOLUTE
    ../clib/microlib/init/entry.s            0x00000000   Number         0  entry11b.o ABSOLUTE
    ../clib/microlib/init/entry.s            0x00000000   Number         0  entry11a.o ABSOLUTE
    ../clib/microlib/init/entry.s            0x00000000   Number         0  entry8a.o ABSOLUTE
    ../clib/microlib/init/entry.s            0x00000000   Number         0  entry7b.o ABSOLUTE
    ../clib/microlib/string/memcpy.c         0x00000000   Number         0  memcpya.o ABSOLUTE
    ../clib/microlib/string/memcpy.c         0x00000000   Number         0  memcpyb.o ABSOLUTE
    ../clib/microlib/string/memset.c         0x00000000   Number         0  memseta.o ABSOLUTE
    ..\Drivers\CMSIS\Device\ST\STM32F2xx\Source\Templates\system_stm32f2xx.c 0x00000000   Number         0  system_stm32f2xx.o ABSOLUTE
    ..\Drivers\STM32F2xx_HAL_Driver\Src\stm32f2xx_hal.c 0x00000000   Number         0  stm32f2xx_hal.o ABSOLUTE
    ..\Drivers\STM32F2xx_HAL_Driver\Src\stm32f2xx_hal_adc.c 0x00000000   Number         0  stm32f2xx_hal_adc.o ABSOLUTE
    ..\Drivers\STM32F2xx_HAL_Driver\Src\stm32f2xx_hal_adc_ex.c 0x00000000   Number         0  stm32f2xx_hal_adc_ex.o ABSOLUTE
    ..\Drivers\STM32F2xx_HAL_Driver\Src\stm32f2xx_hal_cortex.c 0x00000000   Number         0  stm32f2xx_hal_cortex.o ABSOLUTE
    ..\Drivers\STM32F2xx_HAL_Driver\Src\stm32f2xx_hal_dma.c 0x00000000   Number         0  stm32f2xx_hal_dma.o ABSOLUTE
    ..\Drivers\STM32F2xx_HAL_Driver\Src\stm32f2xx_hal_dma_ex.c 0x00000000   Number         0  stm32f2xx_hal_dma_ex.o ABSOLUTE
    ..\Drivers\STM32F2xx_HAL_Driver\Src\stm32f2xx_hal_flash.c 0x00000000   Number         0  stm32f2xx_hal_flash.o ABSOLUTE
    ..\Drivers\STM32F2xx_HAL_Driver\Src\stm32f2xx_hal_flash_ex.c 0x00000000   Number         0  stm32f2xx_hal_flash_ex.o ABSOLUTE
    ..\Drivers\STM32F2xx_HAL_Driver\Src\stm32f2xx_hal_gpio.c 0x00000000   Number         0  stm32f2xx_hal_gpio.o ABSOLUTE
    ..\Drivers\STM32F2xx_HAL_Driver\Src\stm32f2xx_hal_i2c.c 0x00000000   Number         0  stm32f2xx_hal_i2c.o ABSOLUTE
    ..\Drivers\STM32F2xx_HAL_Driver\Src\stm32f2xx_hal_pwr.c 0x00000000   Number         0  stm32f2xx_hal_pwr.o ABSOLUTE
    ..\Drivers\STM32F2xx_HAL_Driver\Src\stm32f2xx_hal_pwr_ex.c 0x00000000   Number         0  stm32f2xx_hal_pwr_ex.o ABSOLUTE
    ..\Drivers\STM32F2xx_HAL_Driver\Src\stm32f2xx_hal_rcc.c 0x00000000   Number         0  stm32f2xx_hal_rcc.o ABSOLUTE
    ..\Drivers\STM32F2xx_HAL_Driver\Src\stm32f2xx_hal_rcc_ex.c 0x00000000   Number         0  stm32f2xx_hal_rcc_ex.o ABSOLUTE
    ..\Drivers\STM32F2xx_HAL_Driver\Src\stm32f2xx_hal_tim.c 0x00000000   Number         0  stm32f2xx_hal_tim.o ABSOLUTE
    ..\Drivers\STM32F2xx_HAL_Driver\Src\stm32f2xx_hal_tim_ex.c 0x00000000   Number         0  stm32f2xx_hal_tim_ex.o ABSOLUTE
    ..\Drivers\STM32F2xx_HAL_Driver\Src\stm32f2xx_hal_uart.c 0x00000000   Number         0  stm32f2xx_hal_uart.o ABSOLUTE
    ..\Middlewares\Third_Party\FreeRTOS\Source\CMSIS_RTOS\cmsis_os.c 0x00000000   Number         0  cmsis_os.o ABSOLUTE
    ..\Middlewares\Third_Party\FreeRTOS\Source\portable\RVDS\ARM_CM3\port.c 0x00000000   Number         0  port.o ABSOLUTE
    ..\Src\main.c                            0x00000000   Number         0  main.o ABSOLUTE
    ..\Src\stm32f2xx_hal_msp.c               0x00000000   Number         0  stm32f2xx_hal_msp.o ABSOLUTE
    ..\Src\stm32f2xx_it.c                    0x00000000   Number         0  stm32f2xx_it.o ABSOLUTE
    dc.s                                     0x00000000   Number         0  dc.o ABSOLUTE
    handlers.s                               0x00000000   Number         0  handlers.o ABSOLUTE
    init.s                                   0x00000000   Number         0  init.o ABSOLUTE
    startup_stm32f207xx.s                    0x00000000   Number         0  startup_stm32f207xx.o ABSOLUTE
    RESET                                    0x08000000   Section      388  startup_stm32f207xx.o(RESET)
    .ARM.Collect$$$$00000000                 0x08000184   Section        0  entry.o(.ARM.Collect$$$$00000000)
    .ARM.Collect$$$$00000001                 0x08000184   Section        4  entry2.o(.ARM.Collect$$$$00000001)
    .ARM.Collect$$$$00000004                 0x08000188   Section        4  entry5.o(.ARM.Collect$$$$00000004)
    .ARM.Collect$$$$00000008                 0x0800018c   Section        0  entry7b.o(.ARM.Collect$$$$00000008)
    .ARM.Collect$$$$0000000A                 0x0800018c   Section        0  entry8b.o(.ARM.Collect$$$$0000000A)
    .ARM.Collect$$$$0000000B                 0x0800018c   Section        8  entry9a.o(.ARM.Collect$$$$0000000B)
    .ARM.Collect$$$$0000000D                 0x08000194   Section        0  entry10a.o(.ARM.Collect$$$$0000000D)
    .ARM.Collect$$$$0000000F                 0x08000194   Section        0  entry11a.o(.ARM.Collect$$$$0000000F)
    .ARM.Collect$$$$00002712                 0x08000194   Section        4  entry2.o(.ARM.Collect$$$$00002712)
    __lit__00000000                          0x08000194   Data           4  entry2.o(.ARM.Collect$$$$00002712)
    .emb_text                                0x08000198   Section      162  port.o(.emb_text)
    .text                                    0x0800023c   Section       36  startup_stm32f207xx.o(.text)
    .text                                    0x08000260   Section        0  memcpya.o(.text)
    .text                                    0x08000284   Section        0  memseta.o(.text)
    .text                                    0x080002a8   Section       36  init.o(.text)
    i.ADC_Init                               0x080002cc   Section        0  stm32f2xx_hal_adc.o(i.ADC_Init)
    ADC_Init                                 0x080002cd   Thumb Code   300  stm32f2xx_hal_adc.o(i.ADC_Init)
    i.BusFault_Handler                       0x08000400   Section        0  stm32f2xx_it.o(i.BusFault_Handler)
    i.DebugMon_Handler                       0x08000402   Section        0  stm32f2xx_it.o(i.DebugMon_Handler)
    i.GPIO_pwm                               0x08000404   Section        0  main.o(i.GPIO_pwm)
    i.HAL_ADC_ConfigChannel                  0x0800045c   Section        0  stm32f2xx_hal_adc.o(i.HAL_ADC_ConfigChannel)
    i.HAL_ADC_Init                           0x080005ac   Section        0  stm32f2xx_hal_adc.o(i.HAL_ADC_Init)
    i.HAL_ADC_MspInit                        0x08000600   Section        0  stm32f2xx_hal_msp.o(i.HAL_ADC_MspInit)
    i.HAL_GPIO_Init                          0x08000658   Section        0  stm32f2xx_hal_gpio.o(i.HAL_GPIO_Init)
    i.HAL_GPIO_ReadPin                       0x08000818   Section        0  stm32f2xx_hal_gpio.o(i.HAL_GPIO_ReadPin)
    i.HAL_GPIO_TogglePin                     0x08000822   Section        0  stm32f2xx_hal_gpio.o(i.HAL_GPIO_TogglePin)
    i.HAL_GPIO_WritePin                      0x0800082a   Section        0  stm32f2xx_hal_gpio.o(i.HAL_GPIO_WritePin)
    i.HAL_GetTick                            0x08000834   Section        0  stm32f2xx_hal.o(i.HAL_GetTick)
    i.HAL_I2C_Init                           0x08000840   Section        0  stm32f2xx_hal_i2c.o(i.HAL_I2C_Init)
    i.HAL_I2C_MspInit                        0x08000940   Section        0  stm32f2xx_hal_msp.o(i.HAL_I2C_MspInit)
    i.HAL_IncTick                            0x08000998   Section        0  stm32f2xx_hal.o(i.HAL_IncTick)
    i.HAL_Init                               0x080009a8   Section        0  stm32f2xx_hal.o(i.HAL_Init)
    i.HAL_InitTick                           0x080009dc   Section        0  stm32f2xx_hal.o(i.HAL_InitTick)
    i.HAL_MspInit                            0x080009fe   Section        0  stm32f2xx_hal_msp.o(i.HAL_MspInit)
    i.HAL_NVIC_SetPriority                   0x08000a44   Section        0  stm32f2xx_hal_cortex.o(i.HAL_NVIC_SetPriority)
    i.HAL_NVIC_SetPriorityGrouping           0x08000a84   Section        0  stm32f2xx_hal_cortex.o(i.HAL_NVIC_SetPriorityGrouping)
    i.HAL_RCC_ClockConfig                    0x08000aa8   Section        0  stm32f2xx_hal_rcc.o(i.HAL_RCC_ClockConfig)
    i.HAL_RCC_GetHCLKFreq                    0x08000c60   Section        0  stm32f2xx_hal_rcc.o(i.HAL_RCC_GetHCLKFreq)
    i.HAL_RCC_GetPCLK1Freq                   0x08000c94   Section        0  stm32f2xx_hal_rcc.o(i.HAL_RCC_GetPCLK1Freq)
    i.HAL_RCC_GetPCLK2Freq                   0x08000cc0   Section        0  stm32f2xx_hal_rcc.o(i.HAL_RCC_GetPCLK2Freq)
    i.HAL_RCC_GetSysClockFreq                0x08000cec   Section        0  stm32f2xx_hal_rcc.o(i.HAL_RCC_GetSysClockFreq)
    i.HAL_RCC_OscConfig                      0x08000d60   Section        0  stm32f2xx_hal_rcc.o(i.HAL_RCC_OscConfig)
    i.HAL_SYSTICK_CLKSourceConfig            0x08001098   Section        0  stm32f2xx_hal_cortex.o(i.HAL_SYSTICK_CLKSourceConfig)
    i.HAL_SYSTICK_Config                     0x080010b0   Section        0  stm32f2xx_hal_cortex.o(i.HAL_SYSTICK_Config)
    i.HAL_TIMEx_ConfigBreakDeadTime          0x080010d8   Section        0  stm32f2xx_hal_tim_ex.o(i.HAL_TIMEx_ConfigBreakDeadTime)
    i.HAL_TIMEx_MasterConfigSynchronization  0x0800111a   Section        0  stm32f2xx_hal_tim_ex.o(i.HAL_TIMEx_MasterConfigSynchronization)
    i.HAL_TIM_Encoder_Init                   0x0800116a   Section        0  stm32f2xx_hal_tim.o(i.HAL_TIM_Encoder_Init)
    i.HAL_TIM_Encoder_MspInit                0x08001200   Section        0  stm32f2xx_hal_msp.o(i.HAL_TIM_Encoder_MspInit)
    i.HAL_TIM_MspPostInit                    0x080012a0   Section        0  stm32f2xx_hal_msp.o(i.HAL_TIM_MspPostInit)
    i.HAL_TIM_PWM_ConfigChannel              0x08001308   Section        0  stm32f2xx_hal_tim.o(i.HAL_TIM_PWM_ConfigChannel)
    i.HAL_TIM_PWM_Init                       0x080013d8   Section        0  stm32f2xx_hal_tim.o(i.HAL_TIM_PWM_Init)
    i.HAL_TIM_PWM_MspInit                    0x08001410   Section        0  stm32f2xx_hal_msp.o(i.HAL_TIM_PWM_MspInit)
    i.HAL_TIM_PWM_Start                      0x08001454   Section        0  stm32f2xx_hal_tim.o(i.HAL_TIM_PWM_Start)
    i.HAL_UART_Init                          0x0800148c   Section        0  stm32f2xx_hal_uart.o(i.HAL_UART_Init)
    i.HAL_UART_MspInit                       0x080014ec   Section        0  stm32f2xx_hal_msp.o(i.HAL_UART_MspInit)
    i.HardFault_Handler                      0x08001538   Section        0  stm32f2xx_it.o(i.HardFault_Handler)
    i.MX_ADC1_Init                           0x0800153c   Section        0  main.o(i.MX_ADC1_Init)
    MX_ADC1_Init                             0x0800153d   Thumb Code    54  main.o(i.MX_ADC1_Init)
    i.MX_GPIO_Init                           0x0800157c   Section        0  main.o(i.MX_GPIO_Init)
    MX_GPIO_Init                             0x0800157d   Thumb Code   248  main.o(i.MX_GPIO_Init)
    i.MX_TIM1_Init                           0x0800168c   Section        0  main.o(i.MX_TIM1_Init)
    MX_TIM1_Init                             0x0800168d   Thumb Code   128  main.o(i.MX_TIM1_Init)
    i.MX_TIM2_Init                           0x08001714   Section        0  main.o(i.MX_TIM2_Init)
    MX_TIM2_Init                             0x08001715   Thumb Code    66  main.o(i.MX_TIM2_Init)
    i.MX_TIM3_Init                           0x0800175c   Section        0  main.o(i.MX_TIM3_Init)
    MX_TIM3_Init                             0x0800175d   Thumb Code    64  main.o(i.MX_TIM3_Init)
    i.MX_TIM4_Init                           0x080017a4   Section        0  main.o(i.MX_TIM4_Init)
    MX_TIM4_Init                             0x080017a5   Thumb Code    92  main.o(i.MX_TIM4_Init)
    i.MX_TIM5_Init                           0x08001808   Section        0  main.o(i.MX_TIM5_Init)
    MX_TIM5_Init                             0x08001809   Thumb Code    64  main.o(i.MX_TIM5_Init)
    i.MemManage_Handler                      0x08001850   Section        0  stm32f2xx_it.o(i.MemManage_Handler)
    i.NMI_Handler                            0x08001852   Section        0  stm32f2xx_it.o(i.NMI_Handler)
    i.NVIC_SetPriority                       0x08001854   Section        0  stm32f2xx_hal_cortex.o(i.NVIC_SetPriority)
    NVIC_SetPriority                         0x08001855   Thumb Code    32  stm32f2xx_hal_cortex.o(i.NVIC_SetPriority)
    i.StartDefaultTask                       0x08001874   Section        0  main.o(i.StartDefaultTask)
    i.SysTick_Handler                        0x0800187c   Section        0  stm32f2xx_it.o(i.SysTick_Handler)
    i.SystemClock_Config                     0x0800188a   Section        0  main.o(i.SystemClock_Config)
    i.SystemInit                             0x080018dc   Section        0  system_stm32f2xx.o(i.SystemInit)
    i.TIM_Base_SetConfig                     0x08001924   Section        0  stm32f2xx_hal_tim.o(i.TIM_Base_SetConfig)
    i.TIM_CCxChannelCmd                      0x080019e4   Section        0  stm32f2xx_hal_tim.o(i.TIM_CCxChannelCmd)
    i.TIM_OC1_SetConfig                      0x080019fc   Section        0  stm32f2xx_hal_tim.o(i.TIM_OC1_SetConfig)
    TIM_OC1_SetConfig                        0x080019fd   Thumb Code    80  stm32f2xx_hal_tim.o(i.TIM_OC1_SetConfig)
    i.TIM_OC2_SetConfig                      0x08001a54   Section        0  stm32f2xx_hal_tim.o(i.TIM_OC2_SetConfig)
    i.TIM_OC3_SetConfig                      0x08001ab8   Section        0  stm32f2xx_hal_tim.o(i.TIM_OC3_SetConfig)
    TIM_OC3_SetConfig                        0x08001ab9   Thumb Code    88  stm32f2xx_hal_tim.o(i.TIM_OC3_SetConfig)
    i.TIM_OC4_SetConfig                      0x08001b18   Section        0  stm32f2xx_hal_tim.o(i.TIM_OC4_SetConfig)
    TIM_OC4_SetConfig                        0x08001b19   Thumb Code    70  stm32f2xx_hal_tim.o(i.TIM_OC4_SetConfig)
    i.UART_SetConfig                         0x08001b68   Section        0  stm32f2xx_hal_uart.o(i.UART_SetConfig)
    UART_SetConfig                           0x08001b69   Thumb Code   366  stm32f2xx_hal_uart.o(i.UART_SetConfig)
    i.UsageFault_Handler                     0x08001ce0   Section        0  stm32f2xx_it.o(i.UsageFault_Handler)
    i.__scatterload_copy                     0x08001ce2   Section       14  handlers.o(i.__scatterload_copy)
    i.__scatterload_null                     0x08001cf0   Section        2  handlers.o(i.__scatterload_null)
    i.__scatterload_zeroinit                 0x08001cf2   Section       14  handlers.o(i.__scatterload_zeroinit)
    i.inHandlerMode                          0x08001d00   Section        0  cmsis_os.o(i.inHandlerMode)
    inHandlerMode                            0x08001d01   Thumb Code    12  cmsis_os.o(i.inHandlerMode)
    i.led_thread                             0x08001d0c   Section        0  main.o(i.led_thread)
    led_thread                               0x08001d0d   Thumb Code    18  main.o(i.led_thread)
    i.main                                   0x08001d24   Section        0  main.o(i.main)
    i.makeFreeRtosPriority                   0x08001e38   Section        0  cmsis_os.o(i.makeFreeRtosPriority)
    makeFreeRtosPriority                     0x08001e39   Thumb Code    12  cmsis_os.o(i.makeFreeRtosPriority)
    i.motor_rotate_backward                  0x08001e44   Section        0  main.o(i.motor_rotate_backward)
    i.motor_rotate_forward                   0x08001fd4   Section        0  main.o(i.motor_rotate_forward)
    i.motor_thread                           0x08002158   Section        0  main.o(i.motor_thread)
    motor_thread                             0x08002159   Thumb Code   106  main.o(i.motor_thread)
    i.osDelay                                0x080021d4   Section        0  cmsis_os.o(i.osDelay)
    i.osKernelStart                          0x080021e2   Section        0  cmsis_os.o(i.osKernelStart)
    i.osSemaphoreCreate                      0x080021ec   Section        0  cmsis_os.o(i.osSemaphoreCreate)
    i.osSemaphoreWait                        0x08002214   Section        0  cmsis_os.o(i.osSemaphoreWait)
    i.osSystickHandler                       0x08002274   Section        0  cmsis_os.o(i.osSystickHandler)
    i.osThreadCreate                         0x08002288   Section        0  cmsis_os.o(i.osThreadCreate)
    i.prvAddCurrentTaskToDelayedList         0x080022c0   Section        0  tasks.o(i.prvAddCurrentTaskToDelayedList)
    prvAddCurrentTaskToDelayedList           0x080022c1   Thumb Code    48  tasks.o(i.prvAddCurrentTaskToDelayedList)
    i.prvCheckTasksWaitingTermination        0x080022f4   Section        0  tasks.o(i.prvCheckTasksWaitingTermination)
    prvCheckTasksWaitingTermination          0x080022f5   Thumb Code    76  tasks.o(i.prvCheckTasksWaitingTermination)
    i.prvCopyDataFromQueue                   0x08002348   Section        0  queue.o(i.prvCopyDataFromQueue)
    prvCopyDataFromQueue                     0x08002349   Thumb Code    38  queue.o(i.prvCopyDataFromQueue)
    i.prvCopyDataToQueue                     0x0800236e   Section        0  queue.o(i.prvCopyDataToQueue)
    prvCopyDataToQueue                       0x0800236f   Thumb Code   110  queue.o(i.prvCopyDataToQueue)
    i.prvHeapInit                            0x080023dc   Section        0  heap_4.o(i.prvHeapInit)
    prvHeapInit                              0x080023dd   Thumb Code    66  heap_4.o(i.prvHeapInit)
    i.prvIdleTask                            0x08002428   Section        0  tasks.o(i.prvIdleTask)
    prvIdleTask                              0x08002429   Thumb Code    20  tasks.o(i.prvIdleTask)
    i.prvInsertBlockIntoFreeList             0x08002440   Section        0  heap_4.o(i.prvInsertBlockIntoFreeList)
    prvInsertBlockIntoFreeList               0x08002441   Thumb Code    72  heap_4.o(i.prvInsertBlockIntoFreeList)
    i.prvResetNextTaskUnblockTime            0x0800248c   Section        0  tasks.o(i.prvResetNextTaskUnblockTime)
    prvResetNextTaskUnblockTime              0x0800248d   Thumb Code    26  tasks.o(i.prvResetNextTaskUnblockTime)
    i.prvTaskExitError                       0x080024ac   Section        0  port.o(i.prvTaskExitError)
    prvTaskExitError                         0x080024ad   Thumb Code    20  port.o(i.prvTaskExitError)
    i.prvUnlockQueue                         0x080024c4   Section        0  queue.o(i.prvUnlockQueue)
    prvUnlockQueue                           0x080024c5   Thumb Code   100  queue.o(i.prvUnlockQueue)
    i.pvPortMalloc                           0x08002528   Section        0  heap_4.o(i.pvPortMalloc)
    i.pvTaskIncrementMutexHeldCount          0x080025e4   Section        0  tasks.o(i.pvTaskIncrementMutexHeldCount)
    i.pxPortInitialiseStack                  0x080025fc   Section        0  port.o(i.pxPortInitialiseStack)
    i.scheduler_thread                       0x0800261c   Section        0  main.o(i.scheduler_thread)
    scheduler_thread                         0x0800261d   Thumb Code    72  main.o(i.scheduler_thread)
    i.servo_thread                           0x0800266c   Section        0  main.o(i.servo_thread)
    servo_thread                             0x0800266d   Thumb Code    46  main.o(i.servo_thread)
    i.uxListRemove                           0x080026a4   Section        0  list.o(i.uxListRemove)
    i.vListInitialise                        0x080026c8   Section        0  list.o(i.vListInitialise)
    i.vListInitialiseItem                    0x080026de   Section        0  list.o(i.vListInitialiseItem)
    i.vListInsert                            0x080026e4   Section        0  list.o(i.vListInsert)
    i.vListInsertEnd                         0x08002714   Section        0  list.o(i.vListInsertEnd)
    i.vPortEnterCritical                     0x0800272c   Section        0  port.o(i.vPortEnterCritical)
    i.vPortExitCritical                      0x08002764   Section        0  port.o(i.vPortExitCritical)
    i.vPortFree                              0x08002788   Section        0  heap_4.o(i.vPortFree)
    i.vPortSetupTimerInterrupt               0x080027d0   Section        0  port.o(i.vPortSetupTimerInterrupt)
    i.vPortValidateInterruptPriority         0x080027f0   Section        0  port.o(i.vPortValidateInterruptPriority)
    i.vPortYield                             0x08002830   Section        0  port.o(i.vPortYield)
    i.vTaskDelay                             0x08002848   Section        0  tasks.o(i.vTaskDelay)
    i.vTaskMissedYield                       0x08002898   Section        0  tasks.o(i.vTaskMissedYield)
    i.vTaskPlaceOnEventList                  0x080028a4   Section        0  tasks.o(i.vTaskPlaceOnEventList)
    i.vTaskPriorityInherit                   0x080028fc   Section        0  tasks.o(i.vTaskPriorityInherit)
    i.vTaskSetTimeOutState                   0x08002980   Section        0  tasks.o(i.vTaskSetTimeOutState)
    i.vTaskStartScheduler                    0x0800299c   Section        0  tasks.o(i.vTaskStartScheduler)
    i.vTaskSuspendAll                        0x080029e8   Section        0  tasks.o(i.vTaskSuspendAll)
    i.vTaskSwitchContext                     0x080029f8   Section        0  tasks.o(i.vTaskSwitchContext)
    i.xPortStartScheduler                    0x08002a4c   Section        0  port.o(i.xPortStartScheduler)
    i.xPortSysTickHandler                    0x08002ac0   Section        0  port.o(i.xPortSysTickHandler)
    i.xQueueGenericCreate                    0x08002ae4   Section        0  queue.o(i.xQueueGenericCreate)
    i.xQueueGenericReceive                   0x08002b34   Section        0  queue.o(i.xQueueGenericReceive)
    i.xQueueGenericReset                     0x08002c62   Section        0  queue.o(i.xQueueGenericReset)
    i.xQueueGenericSend                      0x08002ccc   Section        0  queue.o(i.xQueueGenericSend)
    i.xQueueReceiveFromISR                   0x08002de0   Section        0  queue.o(i.xQueueReceiveFromISR)
    i.xTaskCheckForTimeOut                   0x08002e58   Section        0  tasks.o(i.xTaskCheckForTimeOut)
    i.xTaskGenericCreate                     0x08002eb0   Section        0  tasks.o(i.xTaskGenericCreate)
    i.xTaskGetSchedulerState                 0x0800303c   Section        0  tasks.o(i.xTaskGetSchedulerState)
    i.xTaskIncrementTick                     0x08003058   Section        0  tasks.o(i.xTaskIncrementTick)
    i.xTaskPriorityDisinherit                0x08003118   Section        0  tasks.o(i.xTaskPriorityDisinherit)
    i.xTaskRemoveFromEventList               0x0800319c   Section        0  tasks.o(i.xTaskRemoveFromEventList)
    i.xTaskResumeAll                         0x08003208   Section        0  tasks.o(i.xTaskResumeAll)
    .constdata                               0x080032b4   Section       16  stm32f2xx_hal_rcc.o(.constdata)
    .constdata                               0x080032c4   Section      100  main.o(.constdata)
    .conststring                             0x08003328   Section       47  main.o(.conststring)
    .data                                    0x20000000   Section       12  port.o(.data)
    ucMaxSysCallPriority                     0x20000000   Data           1  port.o(.data)
    uxCriticalNesting                        0x20000004   Data           4  port.o(.data)
    ulMaxPRIGROUPValue                       0x20000008   Data           4  port.o(.data)
    .data                                    0x2000000c   Section       56  tasks.o(.data)
    uxTasksDeleted                           0x20000010   Data           4  tasks.o(.data)
    uxCurrentNumberOfTasks                   0x20000014   Data           4  tasks.o(.data)
    xTickCount                               0x20000018   Data           4  tasks.o(.data)
    uxTopReadyPriority                       0x2000001c   Data           4  tasks.o(.data)
    xSchedulerRunning                        0x20000020   Data           4  tasks.o(.data)
    uxPendedTicks                            0x20000024   Data           4  tasks.o(.data)
    xYieldPending                            0x20000028   Data           4  tasks.o(.data)
    xNumOfOverflows                          0x2000002c   Data           4  tasks.o(.data)
    uxTaskNumber                             0x20000030   Data           4  tasks.o(.data)
    xNextTaskUnblockTime                     0x20000034   Data           4  tasks.o(.data)
    uxSchedulerSuspended                     0x20000038   Data           4  tasks.o(.data)
    pxDelayedTaskList                        0x2000003c   Data           4  tasks.o(.data)
    pxOverflowDelayedTaskList                0x20000040   Data           4  tasks.o(.data)
    .data                                    0x20000044   Section       24  heap_4.o(.data)
    pxEnd                                    0x20000044   Data           4  heap_4.o(.data)
    xFreeBytesRemaining                      0x20000048   Data           4  heap_4.o(.data)
    xMinimumEverFreeBytesRemaining           0x2000004c   Data           4  heap_4.o(.data)
    xBlockAllocatedBit                       0x20000050   Data           4  heap_4.o(.data)
    xStart                                   0x20000054   Data           8  heap_4.o(.data)
    .data                                    0x2000005c   Section        4  system_stm32f2xx.o(.data)
    .data                                    0x20000060   Section        4  stm32f2xx_hal.o(.data)
    uwTick                                   0x20000060   Data           4  stm32f2xx_hal.o(.data)
    .data                                    0x20000064   Section       28  main.o(.data)
    .bss                                     0x20000080   Section      240  tasks.o(.bss)
    pxReadyTasksLists                        0x20000080   Data         140  tasks.o(.bss)
    xDelayedTaskList1                        0x2000010c   Data          20  tasks.o(.bss)
    xDelayedTaskList2                        0x20000120   Data          20  tasks.o(.bss)
    xPendingReadyList                        0x20000134   Data          20  tasks.o(.bss)
    xTasksWaitingTermination                 0x20000148   Data          20  tasks.o(.bss)
    xSuspendedTaskList                       0x2000015c   Data          20  tasks.o(.bss)
    .bss                                     0x20000170   Section    15360  heap_4.o(.bss)
    ucHeap                                   0x20000170   Data       15360  heap_4.o(.bss)
    .bss                                     0x20003d70   Section      496  main.o(.bss)
    STACK                                    0x20003f60   Section     1024  startup_stm32f207xx.o(STACK)

    Global Symbols

    Symbol Name                              Value     Ov Type        Size  Object(Section)

    BuildAttributes$$THM_ISAv4$P$D$K$B$S$PE$A:L22UL41UL21$X:L11$S22US41US21$IEEE1$IW$USESV6$~STKCKD$USESV7$~SHL$OSPACE$EBA8$MICROLIB$REQ8$PRES8$EABIv2 0x00000000   Number         0  anon$$obj.o ABSOLUTE
    __ARM_use_no_argv                        0x00000000   Number         0  main.o ABSOLUTE
    __cpp_initialize__aeabi_                  - Undefined Weak Reference
    __cxa_finalize                            - Undefined Weak Reference
    __decompress                              - Undefined Weak Reference
    _clock_init                               - Undefined Weak Reference
    _microlib_exit                            - Undefined Weak Reference
    __Vectors_Size                           0x00000184   Number         0  startup_stm32f207xx.o ABSOLUTE
    __Vectors                                0x08000000   Data           4  startup_stm32f207xx.o(RESET)
    __Vectors_End                            0x08000184   Data           0  startup_stm32f207xx.o(RESET)
    __main                                   0x08000185   Thumb Code     0  entry.o(.ARM.Collect$$$$00000000)
    _main_stk                                0x08000185   Thumb Code     0  entry2.o(.ARM.Collect$$$$00000001)
    _main_scatterload                        0x08000189   Thumb Code     0  entry5.o(.ARM.Collect$$$$00000004)
    __main_after_scatterload                 0x0800018d   Thumb Code     0  entry5.o(.ARM.Collect$$$$00000004)
    _main_clock                              0x0800018d   Thumb Code     0  entry7b.o(.ARM.Collect$$$$00000008)
    _main_cpp_init                           0x0800018d   Thumb Code     0  entry8b.o(.ARM.Collect$$$$0000000A)
    _main_init                               0x0800018d   Thumb Code     0  entry9a.o(.ARM.Collect$$$$0000000B)
    __rt_final_cpp                           0x08000195   Thumb Code     0  entry10a.o(.ARM.Collect$$$$0000000D)
    __rt_final_exit                          0x08000195   Thumb Code     0  entry11a.o(.ARM.Collect$$$$0000000F)
    SVC_Handler                              0x08000199   Thumb Code    32  port.o(.emb_text)
    __asm___6_port_c_39a90d8d__prvStartFirstTask 0x080001bd   Thumb Code    28  port.o(.emb_text)
    PendSV_Handler                           0x080001dd   Thumb Code    64  port.o(.emb_text)
    ulPortSetInterruptMask                   0x08000221   Thumb Code    14  port.o(.emb_text)
    vPortClearInterruptMask                  0x0800022f   Thumb Code     6  port.o(.emb_text)
    vPortGetIPSR                             0x08000235   Thumb Code     6  port.o(.emb_text)
    Reset_Handler                            0x0800023d   Thumb Code     8  startup_stm32f207xx.o(.text)
    ADC_IRQHandler                           0x08000257   Thumb Code     0  startup_stm32f207xx.o(.text)
    CAN1_RX0_IRQHandler                      0x08000257   Thumb Code     0  startup_stm32f207xx.o(.text)
    CAN1_RX1_IRQHandler                      0x08000257   Thumb Code     0  startup_stm32f207xx.o(.text)
    CAN1_SCE_IRQHandler                      0x08000257   Thumb Code     0  startup_stm32f207xx.o(.text)
    CAN1_TX_IRQHandler                       0x08000257   Thumb Code     0  startup_stm32f207xx.o(.text)
    CAN2_RX0_IRQHandler                      0x08000257   Thumb Code     0  startup_stm32f207xx.o(.text)
    CAN2_RX1_IRQHandler                      0x08000257   Thumb Code     0  startup_stm32f207xx.o(.text)
    CAN2_SCE_IRQHandler                      0x08000257   Thumb Code     0  startup_stm32f207xx.o(.text)
    CAN2_TX_IRQHandler                       0x08000257   Thumb Code     0  startup_stm32f207xx.o(.text)
    DCMI_IRQHandler                          0x08000257   Thumb Code     0  startup_stm32f207xx.o(.text)
    DMA1_Stream0_IRQHandler                  0x08000257   Thumb Code     0  startup_stm32f207xx.o(.text)
    DMA1_Stream1_IRQHandler                  0x08000257   Thumb Code     0  startup_stm32f207xx.o(.text)
    DMA1_Stream2_IRQHandler                  0x08000257   Thumb Code     0  startup_stm32f207xx.o(.text)
    DMA1_Stream3_IRQHandler                  0x08000257   Thumb Code     0  startup_stm32f207xx.o(.text)
    DMA1_Stream4_IRQHandler                  0x08000257   Thumb Code     0  startup_stm32f207xx.o(.text)
    DMA1_Stream5_IRQHandler                  0x08000257   Thumb Code     0  startup_stm32f207xx.o(.text)
    DMA1_Stream6_IRQHandler                  0x08000257   Thumb Code     0  startup_stm32f207xx.o(.text)
    DMA1_Stream7_IRQHandler                  0x08000257   Thumb Code     0  startup_stm32f207xx.o(.text)
    DMA2_Stream0_IRQHandler                  0x08000257   Thumb Code     0  startup_stm32f207xx.o(.text)
    DMA2_Stream1_IRQHandler                  0x08000257   Thumb Code     0  startup_stm32f207xx.o(.text)
    DMA2_Stream2_IRQHandler                  0x08000257   Thumb Code     0  startup_stm32f207xx.o(.text)
    DMA2_Stream3_IRQHandler                  0x08000257   Thumb Code     0  startup_stm32f207xx.o(.text)
    DMA2_Stream4_IRQHandler                  0x08000257   Thumb Code     0  startup_stm32f207xx.o(.text)
    DMA2_Stream5_IRQHandler                  0x08000257   Thumb Code     0  startup_stm32f207xx.o(.text)
    DMA2_Stream6_IRQHandler                  0x08000257   Thumb Code     0  startup_stm32f207xx.o(.text)
    DMA2_Stream7_IRQHandler                  0x08000257   Thumb Code     0  startup_stm32f207xx.o(.text)
    ETH_IRQHandler                           0x08000257   Thumb Code     0  startup_stm32f207xx.o(.text)
    ETH_WKUP_IRQHandler                      0x08000257   Thumb Code     0  startup_stm32f207xx.o(.text)
    EXTI0_IRQHandler                         0x08000257   Thumb Code     0  startup_stm32f207xx.o(.text)
    EXTI15_10_IRQHandler                     0x08000257   Thumb Code     0  startup_stm32f207xx.o(.text)
    EXTI1_IRQHandler                         0x08000257   Thumb Code     0  startup_stm32f207xx.o(.text)
    EXTI2_IRQHandler                         0x08000257   Thumb Code     0  startup_stm32f207xx.o(.text)
    EXTI3_IRQHandler                         0x08000257   Thumb Code     0  startup_stm32f207xx.o(.text)
    EXTI4_IRQHandler                         0x08000257   Thumb Code     0  startup_stm32f207xx.o(.text)
    EXTI9_5_IRQHandler                       0x08000257   Thumb Code     0  startup_stm32f207xx.o(.text)
    FLASH_IRQHandler                         0x08000257   Thumb Code     0  startup_stm32f207xx.o(.text)
    FSMC_IRQHandler                          0x08000257   Thumb Code     0  startup_stm32f207xx.o(.text)
    HASH_RNG_IRQHandler                      0x08000257   Thumb Code     0  startup_stm32f207xx.o(.text)
    I2C1_ER_IRQHandler                       0x08000257   Thumb Code     0  startup_stm32f207xx.o(.text)
    I2C1_EV_IRQHandler                       0x08000257   Thumb Code     0  startup_stm32f207xx.o(.text)
    I2C2_ER_IRQHandler                       0x08000257   Thumb Code     0  startup_stm32f207xx.o(.text)
    I2C2_EV_IRQHandler                       0x08000257   Thumb Code     0  startup_stm32f207xx.o(.text)
    I2C3_ER_IRQHandler                       0x08000257   Thumb Code     0  startup_stm32f207xx.o(.text)
    I2C3_EV_IRQHandler                       0x08000257   Thumb Code     0  startup_stm32f207xx.o(.text)
    OTG_FS_IRQHandler                        0x08000257   Thumb Code     0  startup_stm32f207xx.o(.text)
    OTG_FS_WKUP_IRQHandler                   0x08000257   Thumb Code     0  startup_stm32f207xx.o(.text)
    OTG_HS_EP1_IN_IRQHandler                 0x08000257   Thumb Code     0  startup_stm32f207xx.o(.text)
    OTG_HS_EP1_OUT_IRQHandler                0x08000257   Thumb Code     0  startup_stm32f207xx.o(.text)
    OTG_HS_IRQHandler                        0x08000257   Thumb Code     0  startup_stm32f207xx.o(.text)
    OTG_HS_WKUP_IRQHandler                   0x08000257   Thumb Code     0  startup_stm32f207xx.o(.text)
    PVD_IRQHandler                           0x08000257   Thumb Code     0  startup_stm32f207xx.o(.text)
    RCC_IRQHandler                           0x08000257   Thumb Code     0  startup_stm32f207xx.o(.text)
    RTC_Alarm_IRQHandler                     0x08000257   Thumb Code     0  startup_stm32f207xx.o(.text)
    RTC_WKUP_IRQHandler                      0x08000257   Thumb Code     0  startup_stm32f207xx.o(.text)
    SDIO_IRQHandler                          0x08000257   Thumb Code     0  startup_stm32f207xx.o(.text)
    SPI1_IRQHandler                          0x08000257   Thumb Code     0  startup_stm32f207xx.o(.text)
    SPI2_IRQHandler                          0x08000257   Thumb Code     0  startup_stm32f207xx.o(.text)
    SPI3_IRQHandler                          0x08000257   Thumb Code     0  startup_stm32f207xx.o(.text)
    TAMP_STAMP_IRQHandler                    0x08000257   Thumb Code     0  startup_stm32f207xx.o(.text)
    TIM1_BRK_TIM9_IRQHandler                 0x08000257   Thumb Code     0  startup_stm32f207xx.o(.text)
    TIM1_CC_IRQHandler                       0x08000257   Thumb Code     0  startup_stm32f207xx.o(.text)
    TIM1_TRG_COM_TIM11_IRQHandler            0x08000257   Thumb Code     0  startup_stm32f207xx.o(.text)
    TIM1_UP_TIM10_IRQHandler                 0x08000257   Thumb Code     0  startup_stm32f207xx.o(.text)
    TIM2_IRQHandler                          0x08000257   Thumb Code     0  startup_stm32f207xx.o(.text)
    TIM3_IRQHandler                          0x08000257   Thumb Code     0  startup_stm32f207xx.o(.text)
    TIM4_IRQHandler                          0x08000257   Thumb Code     0  startup_stm32f207xx.o(.text)
    TIM5_IRQHandler                          0x08000257   Thumb Code     0  startup_stm32f207xx.o(.text)
    TIM6_DAC_IRQHandler                      0x08000257   Thumb Code     0  startup_stm32f207xx.o(.text)
    TIM7_IRQHandler                          0x08000257   Thumb Code     0  startup_stm32f207xx.o(.text)
    TIM8_BRK_TIM12_IRQHandler                0x08000257   Thumb Code     0  startup_stm32f207xx.o(.text)
    TIM8_CC_IRQHandler                       0x08000257   Thumb Code     0  startup_stm32f207xx.o(.text)
    TIM8_TRG_COM_TIM14_IRQHandler            0x08000257   Thumb Code     0  startup_stm32f207xx.o(.text)
    TIM8_UP_TIM13_IRQHandler                 0x08000257   Thumb Code     0  startup_stm32f207xx.o(.text)
    UART4_IRQHandler                         0x08000257   Thumb Code     0  startup_stm32f207xx.o(.text)
    UART5_IRQHandler                         0x08000257   Thumb Code     0  startup_stm32f207xx.o(.text)
    USART1_IRQHandler                        0x08000257   Thumb Code     0  startup_stm32f207xx.o(.text)
    USART2_IRQHandler                        0x08000257   Thumb Code     0  startup_stm32f207xx.o(.text)
    USART3_IRQHandler                        0x08000257   Thumb Code     0  startup_stm32f207xx.o(.text)
    USART6_IRQHandler                        0x08000257   Thumb Code     0  startup_stm32f207xx.o(.text)
    WWDG_IRQHandler                          0x08000257   Thumb Code     0  startup_stm32f207xx.o(.text)
    __aeabi_memcpy                           0x08000261   Thumb Code    36  memcpya.o(.text)
    __aeabi_memcpy4                          0x08000261   Thumb Code     0  memcpya.o(.text)
    __aeabi_memcpy8                          0x08000261   Thumb Code     0  memcpya.o(.text)
    __aeabi_memset                           0x08000285   Thumb Code    14  memseta.o(.text)
    __aeabi_memset4                          0x08000285   Thumb Code     0  memseta.o(.text)
    __aeabi_memset8                          0x08000285   Thumb Code     0  memseta.o(.text)
    __aeabi_memclr                           0x08000293   Thumb Code     4  memseta.o(.text)
    __aeabi_memclr4                          0x08000293   Thumb Code     0  memseta.o(.text)
    __aeabi_memclr8                          0x08000293   Thumb Code     0  memseta.o(.text)
    _memset$wrapper                          0x08000297   Thumb Code    18  memseta.o(.text)
    __scatterload                            0x080002a9   Thumb Code    28  init.o(.text)
    __scatterload_rt2                        0x080002a9   Thumb Code     0  init.o(.text)
    BusFault_Handler                         0x08000401   Thumb Code     2  stm32f2xx_it.o(i.BusFault_Handler)
    DebugMon_Handler                         0x08000403   Thumb Code     2  stm32f2xx_it.o(i.DebugMon_Handler)
    GPIO_pwm                                 0x08000405   Thumb Code    82  main.o(i.GPIO_pwm)
    HAL_ADC_ConfigChannel                    0x0800045d   Thumb Code   322  stm32f2xx_hal_adc.o(i.HAL_ADC_ConfigChannel)
    HAL_ADC_Init                             0x080005ad   Thumb Code    84  stm32f2xx_hal_adc.o(i.HAL_ADC_Init)
    HAL_ADC_MspInit                          0x08000601   Thumb Code    70  stm32f2xx_hal_msp.o(i.HAL_ADC_MspInit)
    HAL_GPIO_Init                            0x08000659   Thumb Code   398  stm32f2xx_hal_gpio.o(i.HAL_GPIO_Init)
    HAL_GPIO_ReadPin                         0x08000819   Thumb Code    10  stm32f2xx_hal_gpio.o(i.HAL_GPIO_ReadPin)
    HAL_GPIO_TogglePin                       0x08000823   Thumb Code     8  stm32f2xx_hal_gpio.o(i.HAL_GPIO_TogglePin)
    HAL_GPIO_WritePin                        0x0800082b   Thumb Code    10  stm32f2xx_hal_gpio.o(i.HAL_GPIO_WritePin)
    HAL_GetTick                              0x08000835   Thumb Code     6  stm32f2xx_hal.o(i.HAL_GetTick)
    HAL_I2C_Init                             0x08000841   Thumb Code   246  stm32f2xx_hal_i2c.o(i.HAL_I2C_Init)
    HAL_I2C_MspInit                          0x08000941   Thumb Code    70  stm32f2xx_hal_msp.o(i.HAL_I2C_MspInit)
    HAL_IncTick                              0x08000999   Thumb Code    10  stm32f2xx_hal.o(i.HAL_IncTick)
    HAL_Init                                 0x080009a9   Thumb Code    48  stm32f2xx_hal.o(i.HAL_Init)
    HAL_InitTick                             0x080009dd   Thumb Code    34  stm32f2xx_hal.o(i.HAL_InitTick)
    HAL_MspInit                              0x080009ff   Thumb Code    68  stm32f2xx_hal_msp.o(i.HAL_MspInit)
    HAL_NVIC_SetPriority                     0x08000a45   Thumb Code    60  stm32f2xx_hal_cortex.o(i.HAL_NVIC_SetPriority)
    HAL_NVIC_SetPriorityGrouping             0x08000a85   Thumb Code    26  stm32f2xx_hal_cortex.o(i.HAL_NVIC_SetPriorityGrouping)
    HAL_RCC_ClockConfig                      0x08000aa9   Thumb Code   432  stm32f2xx_hal_rcc.o(i.HAL_RCC_ClockConfig)
    HAL_RCC_GetHCLKFreq                      0x08000c61   Thumb Code    38  stm32f2xx_hal_rcc.o(i.HAL_RCC_GetHCLKFreq)
    HAL_RCC_GetPCLK1Freq                     0x08000c95   Thumb Code    36  stm32f2xx_hal_rcc.o(i.HAL_RCC_GetPCLK1Freq)
    HAL_RCC_GetPCLK2Freq                     0x08000cc1   Thumb Code    36  stm32f2xx_hal_rcc.o(i.HAL_RCC_GetPCLK2Freq)
    HAL_RCC_GetSysClockFreq                  0x08000ced   Thumb Code   104  stm32f2xx_hal_rcc.o(i.HAL_RCC_GetSysClockFreq)
    HAL_RCC_OscConfig                        0x08000d61   Thumb Code   802  stm32f2xx_hal_rcc.o(i.HAL_RCC_OscConfig)
    HAL_SYSTICK_CLKSourceConfig              0x08001099   Thumb Code    24  stm32f2xx_hal_cortex.o(i.HAL_SYSTICK_CLKSourceConfig)
    HAL_SYSTICK_Config                       0x080010b1   Thumb Code    40  stm32f2xx_hal_cortex.o(i.HAL_SYSTICK_Config)
    HAL_TIMEx_ConfigBreakDeadTime            0x080010d9   Thumb Code    66  stm32f2xx_hal_tim_ex.o(i.HAL_TIMEx_ConfigBreakDeadTime)
    HAL_TIMEx_MasterConfigSynchronization    0x0800111b   Thumb Code    80  stm32f2xx_hal_tim_ex.o(i.HAL_TIMEx_MasterConfigSynchronization)
    HAL_TIM_Encoder_Init                     0x0800116b   Thumb Code   150  stm32f2xx_hal_tim.o(i.HAL_TIM_Encoder_Init)
    HAL_TIM_Encoder_MspInit                  0x08001201   Thumb Code   140  stm32f2xx_hal_msp.o(i.HAL_TIM_Encoder_MspInit)
    HAL_TIM_MspPostInit                      0x080012a1   Thumb Code    82  stm32f2xx_hal_msp.o(i.HAL_TIM_MspPostInit)
    HAL_TIM_PWM_ConfigChannel                0x08001309   Thumb Code   208  stm32f2xx_hal_tim.o(i.HAL_TIM_PWM_ConfigChannel)
    HAL_TIM_PWM_Init                         0x080013d9   Thumb Code    54  stm32f2xx_hal_tim.o(i.HAL_TIM_PWM_Init)
    HAL_TIM_PWM_MspInit                      0x08001411   Thumb Code    56  stm32f2xx_hal_msp.o(i.HAL_TIM_PWM_MspInit)
    HAL_TIM_PWM_Start                        0x08001455   Thumb Code    48  stm32f2xx_hal_tim.o(i.HAL_TIM_PWM_Start)
    HAL_UART_Init                            0x0800148d   Thumb Code    94  stm32f2xx_hal_uart.o(i.HAL_UART_Init)
    HAL_UART_MspInit                         0x080014ed   Thumb Code    64  stm32f2xx_hal_msp.o(i.HAL_UART_MspInit)
    HardFault_Handler                        0x08001539   Thumb Code     2  stm32f2xx_it.o(i.HardFault_Handler)
    MemManage_Handler                        0x08001851   Thumb Code     2  stm32f2xx_it.o(i.MemManage_Handler)
    NMI_Handler                              0x08001853   Thumb Code     2  stm32f2xx_it.o(i.NMI_Handler)
    StartDefaultTask                         0x08001875   Thumb Code     8  main.o(i.StartDefaultTask)
    SysTick_Handler                          0x0800187d   Thumb Code    14  stm32f2xx_it.o(i.SysTick_Handler)
    SystemClock_Config                       0x0800188b   Thumb Code    82  main.o(i.SystemClock_Config)
    SystemInit                               0x080018dd   Thumb Code    54  system_stm32f2xx.o(i.SystemInit)
    TIM_Base_SetConfig                       0x08001925   Thumb Code   148  stm32f2xx_hal_tim.o(i.TIM_Base_SetConfig)
    TIM_CCxChannelCmd                        0x080019e5   Thumb Code    22  stm32f2xx_hal_tim.o(i.TIM_CCxChannelCmd)
    TIM_OC2_SetConfig                        0x08001a55   Thumb Code    90  stm32f2xx_hal_tim.o(i.TIM_OC2_SetConfig)
    UsageFault_Handler                       0x08001ce1   Thumb Code     2  stm32f2xx_it.o(i.UsageFault_Handler)
    __scatterload_copy                       0x08001ce3   Thumb Code    14  handlers.o(i.__scatterload_copy)
    __scatterload_null                       0x08001cf1   Thumb Code     2  handlers.o(i.__scatterload_null)
    __scatterload_zeroinit                   0x08001cf3   Thumb Code    14  handlers.o(i.__scatterload_zeroinit)
    main                                     0x08001d25   Thumb Code   238  main.o(i.main)
    motor_rotate_backward                    0x08001e45   Thumb Code   392  main.o(i.motor_rotate_backward)
    motor_rotate_forward                     0x08001fd5   Thumb Code   380  main.o(i.motor_rotate_forward)
    osDelay                                  0x080021d5   Thumb Code    14  cmsis_os.o(i.osDelay)
    osKernelStart                            0x080021e3   Thumb Code    10  cmsis_os.o(i.osKernelStart)
    osSemaphoreCreate                        0x080021ed   Thumb Code    38  cmsis_os.o(i.osSemaphoreCreate)
    osSemaphoreWait                          0x08002215   Thumb Code    92  cmsis_os.o(i.osSemaphoreWait)
    osSystickHandler                         0x08002275   Thumb Code    20  cmsis_os.o(i.osSystickHandler)
    osThreadCreate                           0x08002289   Thumb Code    56  cmsis_os.o(i.osThreadCreate)
    pvPortMalloc                             0x08002529   Thumb Code   182  heap_4.o(i.pvPortMalloc)
    pvTaskIncrementMutexHeldCount            0x080025e5   Thumb Code    18  tasks.o(i.pvTaskIncrementMutexHeldCount)
    pxPortInitialiseStack                    0x080025fd   Thumb Code    28  port.o(i.pxPortInitialiseStack)
    uxListRemove                             0x080026a5   Thumb Code    36  list.o(i.uxListRemove)
    vListInitialise                          0x080026c9   Thumb Code    22  list.o(i.vListInitialise)
    vListInitialiseItem                      0x080026df   Thumb Code     6  list.o(i.vListInitialiseItem)
    vListInsert                              0x080026e5   Thumb Code    48  list.o(i.vListInsert)
    vListInsertEnd                           0x08002715   Thumb Code    24  list.o(i.vListInsertEnd)
    vPortEnterCritical                       0x0800272d   Thumb Code    46  port.o(i.vPortEnterCritical)
    vPortExitCritical                        0x08002765   Thumb Code    30  port.o(i.vPortExitCritical)
    vPortFree                                0x08002789   Thumb Code    68  heap_4.o(i.vPortFree)
    vPortSetupTimerInterrupt                 0x080027d1   Thumb Code    26  port.o(i.vPortSetupTimerInterrupt)
    vPortValidateInterruptPriority           0x080027f1   Thumb Code    54  port.o(i.vPortValidateInterruptPriority)
    vPortYield                               0x08002831   Thumb Code    18  port.o(i.vPortYield)
    vTaskDelay                               0x08002849   Thumb Code    76  tasks.o(i.vTaskDelay)
    vTaskMissedYield                         0x08002899   Thumb Code     8  tasks.o(i.vTaskMissedYield)
    vTaskPlaceOnEventList                    0x080028a5   Thumb Code    80  tasks.o(i.vTaskPlaceOnEventList)
    vTaskPriorityInherit                     0x080028fd   Thumb Code   124  tasks.o(i.vTaskPriorityInherit)
    vTaskSetTimeOutState                     0x08002981   Thumb Code    22  tasks.o(i.vTaskSetTimeOutState)
    vTaskStartScheduler                      0x0800299d   Thumb Code    60  tasks.o(i.vTaskStartScheduler)
    vTaskSuspendAll                          0x080029e9   Thumb Code    10  tasks.o(i.vTaskSuspendAll)
    vTaskSwitchContext                       0x080029f9   Thumb Code    74  tasks.o(i.vTaskSwitchContext)
    xPortStartScheduler                      0x08002a4d   Thumb Code   102  port.o(i.xPortStartScheduler)
    xPortSysTickHandler                      0x08002ac1   Thumb Code    30  port.o(i.xPortSysTickHandler)
    xQueueGenericCreate                      0x08002ae5   Thumb Code    80  queue.o(i.xQueueGenericCreate)
    xQueueGenericReceive                     0x08002b35   Thumb Code   302  queue.o(i.xQueueGenericReceive)
    xQueueGenericReset                       0x08002c63   Thumb Code   106  queue.o(i.xQueueGenericReset)
    xQueueGenericSend                        0x08002ccd   Thumb Code   276  queue.o(i.xQueueGenericSend)
    xQueueReceiveFromISR                     0x08002de1   Thumb Code   118  queue.o(i.xQueueReceiveFromISR)
    xTaskCheckForTimeOut                     0x08002e59   Thumb Code    82  tasks.o(i.xTaskCheckForTimeOut)
    xTaskGenericCreate                       0x08002eb1   Thumb Code   388  tasks.o(i.xTaskGenericCreate)
    xTaskGetSchedulerState                   0x0800303d   Thumb Code    22  tasks.o(i.xTaskGetSchedulerState)
    xTaskIncrementTick                       0x08003059   Thumb Code   184  tasks.o(i.xTaskIncrementTick)
    xTaskPriorityDisinherit                  0x08003119   Thumb Code   124  tasks.o(i.xTaskPriorityDisinherit)
    xTaskRemoveFromEventList                 0x0800319d   Thumb Code    98  tasks.o(i.xTaskRemoveFromEventList)
    xTaskResumeAll                           0x08003209   Thumb Code   162  tasks.o(i.xTaskResumeAll)
    APBAHBPrescTable                         0x080032b4   Data          16  stm32f2xx_hal_rcc.o(.constdata)
    Region$$Table$$Base                      0x08003358   Number         0  anon$$obj.o(Region$$Table)
    Region$$Table$$Limit                     0x08003378   Number         0  anon$$obj.o(Region$$Table)
    pxCurrentTCB                             0x2000000c   Data           4  tasks.o(.data)
    SystemCoreClock                          0x2000005c   Data           4  system_stm32f2xx.o(.data)
    anv                                      0x20000064   Data           1  main.o(.data)
    state                                    0x20000065   Data           1  main.o(.data)
    defaultTaskHandle                        0x20000068   Data           4  main.o(.data)
    hscheduler                               0x2000006c   Data           4  main.o(.data)
    hmotor                                   0x20000070   Data           4  main.o(.data)
    hled                                     0x20000074   Data           4  main.o(.data)
    sema_sched_id                            0x20000078   Data           4  main.o(.data)
    recev                                    0x2000007c   Data           4  main.o(.data)
    hadc1                                    0x20003d70   Data          72  main.o(.bss)
    hi2c3                                    0x20003db8   Data          60  main.o(.bss)
    htim1                                    0x20003df4   Data          60  main.o(.bss)
    htim2                                    0x20003e30   Data          60  main.o(.bss)
    htim3                                    0x20003e6c   Data          60  main.o(.bss)
    htim4                                    0x20003ea8   Data          60  main.o(.bss)
    htim5                                    0x20003ee4   Data          60  main.o(.bss)
    huart3                                   0x20003f20   Data          64  main.o(.bss)
    __initial_sp                             0x20004360   Data           0  startup_stm32f207xx.o(STACK)



==============================================================================

Memory Map of the image

  Image Entry point : 0x08000185

  Load Region LR_IROM1 (Base: 0x08000000, Size: 0x000033f8, Max: 0x00040000, ABSOLUTE)

    Execution Region ER_IROM1 (Base: 0x08000000, Size: 0x00003378, Max: 0x00040000, ABSOLUTE)

    Base Addr    Size         Type   Attr      Idx    E Section Name        Object

    0x08000000   0x00000184   Data   RO            3    RESET               startup_stm32f207xx.o
    0x08000184   0x00000000   Code   RO         4091  * .ARM.Collect$$$$00000000  mc_w.l(entry.o)
    0x08000184   0x00000004   Code   RO         4100    .ARM.Collect$$$$00000001  mc_w.l(entry2.o)
    0x08000188   0x00000004   Code   RO         4103    .ARM.Collect$$$$00000004  mc_w.l(entry5.o)
    0x0800018c   0x00000000   Code   RO         4105    .ARM.Collect$$$$00000008  mc_w.l(entry7b.o)
    0x0800018c   0x00000000   Code   RO         4107    .ARM.Collect$$$$0000000A  mc_w.l(entry8b.o)
    0x0800018c   0x00000008   Code   RO         4108    .ARM.Collect$$$$0000000B  mc_w.l(entry9a.o)
    0x08000194   0x00000000   Code   RO         4110    .ARM.Collect$$$$0000000D  mc_w.l(entry10a.o)
    0x08000194   0x00000000   Code   RO         4112    .ARM.Collect$$$$0000000F  mc_w.l(entry11a.o)
    0x08000194   0x00000004   Code   RO         4101    .ARM.Collect$$$$00002712  mc_w.l(entry2.o)
    0x08000198   0x000000a2   Code   RO          198    .emb_text           port.o
    0x0800023a   0x00000002   PAD
    0x0800023c   0x00000024   Code   RO            4    .text               startup_stm32f207xx.o
    0x08000260   0x00000024   Code   RO         4094    .text               mc_w.l(memcpya.o)
    0x08000284   0x00000024   Code   RO         4096    .text               mc_w.l(memseta.o)
    0x080002a8   0x00000024   Code   RO         4114    .text               mc_w.l(init.o)
    0x080002cc   0x00000134   Code   RO         1192    i.ADC_Init          stm32f2xx_hal_adc.o
    0x08000400   0x00000002   Code   RO         4025    i.BusFault_Handler  stm32f2xx_it.o
    0x08000402   0x00000002   Code   RO         4026    i.DebugMon_Handler  stm32f2xx_it.o
    0x08000404   0x00000058   Code   RO         3896    i.GPIO_pwm          main.o
    0x0800045c   0x00000150   Code   RO         1194    i.HAL_ADC_ConfigChannel  stm32f2xx_hal_adc.o
    0x080005ac   0x00000054   Code   RO         1203    i.HAL_ADC_Init      stm32f2xx_hal_adc.o
    0x08000600   0x00000058   Code   RO         3807    i.HAL_ADC_MspInit   stm32f2xx_hal_msp.o
    0x08000658   0x000001c0   Code   RO         3432    i.HAL_GPIO_Init     stm32f2xx_hal_gpio.o
    0x08000818   0x0000000a   Code   RO         3434    i.HAL_GPIO_ReadPin  stm32f2xx_hal_gpio.o
    0x08000822   0x00000008   Code   RO         3435    i.HAL_GPIO_TogglePin  stm32f2xx_hal_gpio.o
    0x0800082a   0x0000000a   Code   RO         3436    i.HAL_GPIO_WritePin  stm32f2xx_hal_gpio.o
    0x08000834   0x0000000c   Code   RO         3178    i.HAL_GetTick       stm32f2xx_hal.o
    0x08000840   0x00000100   Code   RO         2712    i.HAL_I2C_Init      stm32f2xx_hal_i2c.o
    0x08000940   0x00000058   Code   RO         3809    i.HAL_I2C_MspInit   stm32f2xx_hal_msp.o
    0x08000998   0x00000010   Code   RO         3179    i.HAL_IncTick       stm32f2xx_hal.o
    0x080009a8   0x00000034   Code   RO         3180    i.HAL_Init          stm32f2xx_hal.o
    0x080009dc   0x00000022   Code   RO         3181    i.HAL_InitTick      stm32f2xx_hal.o
    0x080009fe   0x00000044   Code   RO         3810    i.HAL_MspInit       stm32f2xx_hal_msp.o
    0x08000a42   0x00000002   PAD
    0x08000a44   0x00000040   Code   RO         3692    i.HAL_NVIC_SetPriority  stm32f2xx_hal_cortex.o
    0x08000a84   0x00000024   Code   RO         3693    i.HAL_NVIC_SetPriorityGrouping  stm32f2xx_hal_cortex.o
    0x08000aa8   0x000001b8   Code   RO         3579    i.HAL_RCC_ClockConfig  stm32f2xx_hal_rcc.o
    0x08000c60   0x00000034   Code   RO         3584    i.HAL_RCC_GetHCLKFreq  stm32f2xx_hal_rcc.o
    0x08000c94   0x0000002c   Code   RO         3586    i.HAL_RCC_GetPCLK1Freq  stm32f2xx_hal_rcc.o
    0x08000cc0   0x0000002c   Code   RO         3587    i.HAL_RCC_GetPCLK2Freq  stm32f2xx_hal_rcc.o
    0x08000cec   0x00000074   Code   RO         3588    i.HAL_RCC_GetSysClockFreq  stm32f2xx_hal_rcc.o
    0x08000d60   0x00000338   Code   RO         3591    i.HAL_RCC_OscConfig  stm32f2xx_hal_rcc.o
    0x08001098   0x00000018   Code   RO         3695    i.HAL_SYSTICK_CLKSourceConfig  stm32f2xx_hal_cortex.o
    0x080010b0   0x00000028   Code   RO         3697    i.HAL_SYSTICK_Config  stm32f2xx_hal_cortex.o
    0x080010d8   0x00000042   Code   RO         2263    i.HAL_TIMEx_ConfigBreakDeadTime  stm32f2xx_hal_tim_ex.o
    0x0800111a   0x00000050   Code   RO         2278    i.HAL_TIMEx_MasterConfigSynchronization  stm32f2xx_hal_tim_ex.o
    0x0800116a   0x00000096   Code   RO         1620    i.HAL_TIM_Encoder_Init  stm32f2xx_hal_tim.o
    0x08001200   0x000000a0   Code   RO         3812    i.HAL_TIM_Encoder_MspInit  stm32f2xx_hal_msp.o
    0x080012a0   0x00000068   Code   RO         3813    i.HAL_TIM_MspPostInit  stm32f2xx_hal_msp.o
    0x08001308   0x000000d0   Code   RO         1668    i.HAL_TIM_PWM_ConfigChannel  stm32f2xx_hal_tim.o
    0x080013d8   0x00000036   Code   RO         1671    i.HAL_TIM_PWM_Init  stm32f2xx_hal_tim.o
    0x0800140e   0x00000002   PAD
    0x08001410   0x00000044   Code   RO         3815    i.HAL_TIM_PWM_MspInit  stm32f2xx_hal_msp.o
    0x08001454   0x00000038   Code   RO         1675    i.HAL_TIM_PWM_Start  stm32f2xx_hal_tim.o
    0x0800148c   0x0000005e   Code   RO         1379    i.HAL_UART_Init     stm32f2xx_hal_uart.o
    0x080014ea   0x00000002   PAD
    0x080014ec   0x0000004c   Code   RO         3817    i.HAL_UART_MspInit  stm32f2xx_hal_msp.o
    0x08001538   0x00000002   Code   RO         4027    i.HardFault_Handler  stm32f2xx_it.o
    0x0800153a   0x00000002   PAD
    0x0800153c   0x00000040   Code   RO         3897    i.MX_ADC1_Init      main.o
    0x0800157c   0x00000110   Code   RO         3898    i.MX_GPIO_Init      main.o
    0x0800168c   0x00000088   Code   RO         3899    i.MX_TIM1_Init      main.o
    0x08001714   0x00000048   Code   RO         3900    i.MX_TIM2_Init      main.o
    0x0800175c   0x00000048   Code   RO         3901    i.MX_TIM3_Init      main.o
    0x080017a4   0x00000064   Code   RO         3902    i.MX_TIM4_Init      main.o
    0x08001808   0x00000048   Code   RO         3903    i.MX_TIM5_Init      main.o
    0x08001850   0x00000002   Code   RO         4028    i.MemManage_Handler  stm32f2xx_it.o
    0x08001852   0x00000002   Code   RO         4029    i.NMI_Handler       stm32f2xx_it.o
    0x08001854   0x00000020   Code   RO         3699    i.NVIC_SetPriority  stm32f2xx_hal_cortex.o
    0x08001874   0x00000008   Code   RO         3904    i.StartDefaultTask  main.o
    0x0800187c   0x0000000e   Code   RO         4030    i.SysTick_Handler   stm32f2xx_it.o
    0x0800188a   0x00000052   Code   RO         3905    i.SystemClock_Config  main.o
    0x080018dc   0x00000048   Code   RO         1070    i.SystemInit        system_stm32f2xx.o
    0x08001924   0x000000c0   Code   RO         1686    i.TIM_Base_SetConfig  stm32f2xx_hal_tim.o
    0x080019e4   0x00000016   Code   RO         1687    i.TIM_CCxChannelCmd  stm32f2xx_hal_tim.o
    0x080019fa   0x00000002   PAD
    0x080019fc   0x00000058   Code   RO         1695    i.TIM_OC1_SetConfig  stm32f2xx_hal_tim.o
    0x08001a54   0x00000064   Code   RO         1696    i.TIM_OC2_SetConfig  stm32f2xx_hal_tim.o
    0x08001ab8   0x00000060   Code   RO         1697    i.TIM_OC3_SetConfig  stm32f2xx_hal_tim.o
    0x08001b18   0x00000050   Code   RO         1698    i.TIM_OC4_SetConfig  stm32f2xx_hal_tim.o
    0x08001b68   0x00000178   Code   RO         1398    i.UART_SetConfig    stm32f2xx_hal_uart.o
    0x08001ce0   0x00000002   Code   RO         4031    i.UsageFault_Handler  stm32f2xx_it.o
    0x08001ce2   0x0000000e   Code   RO         4118    i.__scatterload_copy  mc_w.l(handlers.o)
    0x08001cf0   0x00000002   Code   RO         4119    i.__scatterload_null  mc_w.l(handlers.o)
    0x08001cf2   0x0000000e   Code   RO         4120    i.__scatterload_zeroinit  mc_w.l(handlers.o)
    0x08001d00   0x0000000c   Code   RO          730    i.inHandlerMode     cmsis_os.o
    0x08001d0c   0x00000018   Code   RO         3906    i.led_thread        main.o
    0x08001d24   0x00000114   Code   RO         3907    i.main              main.o
    0x08001e38   0x0000000c   Code   RO          732    i.makeFreeRtosPriority  cmsis_os.o
    0x08001e44   0x00000190   Code   RO         3908    i.motor_rotate_backward  main.o
    0x08001fd4   0x00000184   Code   RO         3909    i.motor_rotate_forward  main.o
    0x08002158   0x0000007c   Code   RO         3910    i.motor_thread      main.o
    0x080021d4   0x0000000e   Code   RO          733    i.osDelay           cmsis_os.o
    0x080021e2   0x0000000a   Code   RO          736    i.osKernelStart     cmsis_os.o
    0x080021ec   0x00000026   Code   RO          759    i.osSemaphoreCreate  cmsis_os.o
    0x08002212   0x00000002   PAD
    0x08002214   0x00000060   Code   RO          762    i.osSemaphoreWait   cmsis_os.o
    0x08002274   0x00000014   Code   RO          765    i.osSystickHandler  cmsis_os.o
    0x08002288   0x00000038   Code   RO          766    i.osThreadCreate    cmsis_os.o
    0x080022c0   0x00000034   Code   RO          311    i.prvAddCurrentTaskToDelayedList  tasks.o
    0x080022f4   0x00000054   Code   RO          312    i.prvCheckTasksWaitingTermination  tasks.o
    0x08002348   0x00000026   Code   RO           10    i.prvCopyDataFromQueue  queue.o
    0x0800236e   0x0000006e   Code   RO           11    i.prvCopyDataToQueue  queue.o
    0x080023dc   0x0000004c   Code   RO          679    i.prvHeapInit       heap_4.o
    0x08002428   0x00000018   Code   RO          313    i.prvIdleTask       tasks.o
    0x08002440   0x0000004c   Code   RO          680    i.prvInsertBlockIntoFreeList  heap_4.o
    0x0800248c   0x00000020   Code   RO          315    i.prvResetNextTaskUnblockTime  tasks.o
    0x080024ac   0x00000018   Code   RO          199    i.prvTaskExitError  port.o
    0x080024c4   0x00000064   Code   RO           12    i.prvUnlockQueue    queue.o
    0x08002528   0x000000bc   Code   RO          681    i.pvPortMalloc      heap_4.o
    0x080025e4   0x00000018   Code   RO          317    i.pvTaskIncrementMutexHeldCount  tasks.o
    0x080025fc   0x00000020   Code   RO          200    i.pxPortInitialiseStack  port.o
    0x0800261c   0x00000050   Code   RO         3911    i.scheduler_thread  main.o
    0x0800266c   0x00000038   Code   RO         3912    i.servo_thread      main.o
    0x080026a4   0x00000024   Code   RO          275    i.uxListRemove      list.o
    0x080026c8   0x00000016   Code   RO          276    i.vListInitialise   list.o
    0x080026de   0x00000006   Code   RO          277    i.vListInitialiseItem  list.o
    0x080026e4   0x00000030   Code   RO          278    i.vListInsert       list.o
    0x08002714   0x00000018   Code   RO          279    i.vListInsertEnd    list.o
    0x0800272c   0x00000038   Code   RO          202    i.vPortEnterCritical  port.o
    0x08002764   0x00000024   Code   RO          203    i.vPortExitCritical  port.o
    0x08002788   0x00000048   Code   RO          682    i.vPortFree         heap_4.o
    0x080027d0   0x00000020   Code   RO          204    i.vPortSetupTimerInterrupt  port.o
    0x080027f0   0x00000040   Code   RO          205    i.vPortValidateInterruptPriority  port.o
    0x08002830   0x00000018   Code   RO          206    i.vPortYield        port.o
    0x08002848   0x00000050   Code   RO          325    i.vTaskDelay        tasks.o
    0x08002898   0x0000000c   Code   RO          328    i.vTaskMissedYield  tasks.o
    0x080028a4   0x00000058   Code   RO          330    i.vTaskPlaceOnEventList  tasks.o
    0x080028fc   0x00000084   Code   RO          332    i.vTaskPriorityInherit  tasks.o
    0x08002980   0x0000001c   Code   RO          336    i.vTaskSetTimeOutState  tasks.o
    0x0800299c   0x0000004c   Code   RO          337    i.vTaskStartScheduler  tasks.o
    0x080029e8   0x00000010   Code   RO          339    i.vTaskSuspendAll   tasks.o
    0x080029f8   0x00000054   Code   RO          340    i.vTaskSwitchContext  tasks.o
    0x08002a4c   0x00000074   Code   RO          207    i.xPortStartScheduler  port.o
    0x08002ac0   0x00000024   Code   RO          208    i.xPortSysTickHandler  port.o
    0x08002ae4   0x00000050   Code   RO           23    i.xQueueGenericCreate  queue.o
    0x08002b34   0x0000012e   Code   RO           24    i.xQueueGenericReceive  queue.o
    0x08002c62   0x0000006a   Code   RO           25    i.xQueueGenericReset  queue.o
    0x08002ccc   0x00000114   Code   RO           26    i.xQueueGenericSend  queue.o
    0x08002de0   0x00000076   Code   RO           32    i.xQueueReceiveFromISR  queue.o
    0x08002e56   0x00000002   PAD
    0x08002e58   0x00000058   Code   RO          341    i.xTaskCheckForTimeOut  tasks.o
    0x08002eb0   0x0000018c   Code   RO          342    i.xTaskGenericCreate  tasks.o
    0x0800303c   0x0000001c   Code   RO          345    i.xTaskGetSchedulerState  tasks.o
    0x08003058   0x000000c0   Code   RO          348    i.xTaskIncrementTick  tasks.o
    0x08003118   0x00000084   Code   RO          351    i.xTaskPriorityDisinherit  tasks.o
    0x0800319c   0x0000006c   Code   RO          352    i.xTaskRemoveFromEventList  tasks.o
    0x08003208   0x000000ac   Code   RO          354    i.xTaskResumeAll    tasks.o
    0x080032b4   0x00000010   Data   RO         3592    .constdata          stm32f2xx_hal_rcc.o
    0x080032c4   0x00000064   Data   RO         3914    .constdata          main.o
    0x08003328   0x0000002f   Data   RO         3915    .conststring        main.o
    0x08003357   0x00000001   PAD
    0x08003358   0x00000020   Data   RO         4116    Region$$Table       anon$$obj.o


    Execution Region RW_IRAM1 (Base: 0x20000000, Size: 0x00004360, Max: 0x00020000, ABSOLUTE)

    Base Addr    Size         Type   Attr      Idx    E Section Name        Object

    0x20000000   0x0000000c   Data   RW          209    .data               port.o
    0x2000000c   0x00000038   Data   RW          357    .data               tasks.o
    0x20000044   0x00000018   Data   RW          687    .data               heap_4.o
    0x2000005c   0x00000004   Data   RW         1072    .data               system_stm32f2xx.o
    0x20000060   0x00000004   Data   RW         3186    .data               stm32f2xx_hal.o
    0x20000064   0x0000001c   Data   RW         3916    .data               main.o
    0x20000080   0x000000f0   Zero   RW          356    .bss                tasks.o
    0x20000170   0x00003c00   Zero   RW          686    .bss                heap_4.o
    0x20003d70   0x000001f0   Zero   RW         3913    .bss                main.o
    0x20003f60   0x00000400   Zero   RW            1    STACK               startup_stm32f207xx.o


==============================================================================

Image component sizes


      Code (inc. data)   RO Data    RW Data    ZI Data      Debug   Object Name

       258          4          0          0          0      13966   cmsis_os.o
       412         24          0         24      15360       4295   heap_4.o
       136          0          0          0          0       3458   list.o
      2314        190        147         28        496      15455   main.o
       582         78          0         12          0       8702   port.o
      1130          0          0          0          0      27373   queue.o
        36          8        388          0       1024        812   startup_stm32f207xx.o
       114         16          0          4          0       3542   stm32f2xx_hal.o
       728         22          0          0          0       2747   stm32f2xx_hal_adc.o
       196         14          0          0          0      27432   stm32f2xx_hal_cortex.o
       476         50          0          0          0       3732   stm32f2xx_hal_gpio.o
       256         10          0          0          0       2147   stm32f2xx_hal_i2c.o
       652        102          0          0          0       4851   stm32f2xx_hal_msp.o
      1520         72         16          0          0       5947   stm32f2xx_hal_rcc.o
      1046         88          0          0          0       8575   stm32f2xx_hal_tim.o
       146          0          0          0          0       2052   stm32f2xx_hal_tim_ex.o
       470         10          0          0          0       2060   stm32f2xx_hal_uart.o
        26          0          0          0          0       3075   stm32f2xx_it.o
        72         18          0          4          0     373469   system_stm32f2xx.o
      1848        146          0         56        240      21260   tasks.o

    ----------------------------------------------------------------------
     12434        852        584        128      17120     534950   Object Totals
         0          0         32          0          0          0   (incl. Generated)
        16          0          1          0          0          0   (incl. Padding)

    ----------------------------------------------------------------------

      Code (inc. data)   RO Data    RW Data    ZI Data      Debug   Library Member Name

         0          0          0          0          0          0   entry.o
         0          0          0          0          0          0   entry10a.o
         0          0          0          0          0          0   entry11a.o
         8          4          0          0          0          0   entry2.o
         4          0          0          0          0          0   entry5.o
         0          0          0          0          0          0   entry7b.o
         0          0          0          0          0          0   entry8b.o
         8          4          0          0          0          0   entry9a.o
        30          0          0          0          0          0   handlers.o
        36          8          0          0          0         68   init.o
        36          0          0          0          0         68   memcpya.o
        36          0          0          0          0        108   memseta.o

    ----------------------------------------------------------------------
       158         16          0          0          0        244   Library Totals
         0          0          0          0          0          0   (incl. Padding)

    ----------------------------------------------------------------------

      Code (inc. data)   RO Data    RW Data    ZI Data      Debug   Library Name

       158         16          0          0          0        244   mc_w.l

    ----------------------------------------------------------------------
       158         16          0          0          0        244   Library Totals

    ----------------------------------------------------------------------

==============================================================================


      Code (inc. data)   RO Data    RW Data    ZI Data      Debug   

     12592        868        584        128      17120     529106   Grand Totals
     12592        868        584        128      17120     529106   ELF Image Totals
     12592        868        584        128          0          0   ROM Totals

==============================================================================

    Total RO  Size (Code + RO Data)                13176 (  12.87kB)
    Total RW  Size (RW Data + ZI Data)             17248 (  16.84kB)
    Total ROM Size (Code + RO Data + RW Data)      13304 (  12.99kB)

==============================================================================

